Archive member included to satisfy reference by file (symbol)

C:\Users\Abhi\Documents\LPCXpresso_8.2.2_650\workspace\clicker\mbed\LPC1768\GCC_CR\libmbed.a(gpio_api.o)
                              ./main.o (gpio_init)
C:\Users\Abhi\Documents\LPCXpresso_8.2.2_650\workspace\clicker\mbed\LPC1768\GCC_CR\libmbed.a(pinmap.o)
                              C:\Users\Abhi\Documents\LPCXpresso_8.2.2_650\workspace\clicker\mbed\LPC1768\GCC_CR\libmbed.a(gpio_api.o) (pin_function)
C:\Users\Abhi\Documents\LPCXpresso_8.2.2_650\workspace\clicker\mbed\LPC1768\GCC_CR\libmbed.a(CAN.o)
                              ./main.o (mbed::CAN::~CAN())
C:\Users\Abhi\Documents\LPCXpresso_8.2.2_650\workspace\clicker\mbed\LPC1768\GCC_CR\libmbed.a(FunctionPointer.o)
                              C:\Users\Abhi\Documents\LPCXpresso_8.2.2_650\workspace\clicker\mbed\LPC1768\GCC_CR\libmbed.a(CAN.o) (mbed::FunctionPointer::FunctionPointer(void (*)()))
C:\Users\Abhi\Documents\LPCXpresso_8.2.2_650\workspace\clicker\mbed\LPC1768\GCC_CR\libmbed.a(Serial.o)
                              ./main.o (mbed::Serial::Serial(PinName, PinName, char const*))
C:\Users\Abhi\Documents\LPCXpresso_8.2.2_650\workspace\clicker\mbed\LPC1768\GCC_CR\libmbed.a(stdio.o)
                              C:/Users/Abhi/Documents/LPCXpresso_8.2.2_650/workspace/clicker/mbed/LPC1768/GCC_CR/system_LPC17xx.o (stdio_retargeting_module)
C:\Users\Abhi\Documents\LPCXpresso_8.2.2_650\workspace\clicker\mbed\LPC1768\GCC_CR\libmbed.a(Stream.o)
                              C:\Users\Abhi\Documents\LPCXpresso_8.2.2_650\workspace\clicker\mbed\LPC1768\GCC_CR\libmbed.a(Serial.o) (mbed::Stream::close())
C:\Users\Abhi\Documents\LPCXpresso_8.2.2_650\workspace\clicker\mbed\LPC1768\GCC_CR\libmbed.a(can_api.o)
                              C:\Users\Abhi\Documents\LPCXpresso_8.2.2_650\workspace\clicker\mbed\LPC1768\GCC_CR\libmbed.a(CAN.o) (can_free)
C:\Users\Abhi\Documents\LPCXpresso_8.2.2_650\workspace\clicker\mbed\LPC1768\GCC_CR\libmbed.a(serial_api.o)
                              C:\Users\Abhi\Documents\LPCXpresso_8.2.2_650\workspace\clicker\mbed\LPC1768\GCC_CR\libmbed.a(Serial.o) (serial_baud)
C:\Users\Abhi\Documents\LPCXpresso_8.2.2_650\workspace\clicker\mbed\LPC1768\GCC_CR\libmbed.a(exit.o)
                              C:\Users\Abhi\Documents\LPCXpresso_8.2.2_650\workspace\clicker\mbed\LPC1768\GCC_CR\libmbed.a(stdio.o) (exit)
C:\Users\Abhi\Documents\LPCXpresso_8.2.2_650\workspace\clicker\mbed\LPC1768\GCC_CR\libmbed.a(mbed_interface.o)
                              C:\Users\Abhi\Documents\LPCXpresso_8.2.2_650\workspace\clicker\mbed\LPC1768\GCC_CR\libmbed.a(exit.o) (mbed_interface_connected)
C:\Users\Abhi\Documents\LPCXpresso_8.2.2_650\workspace\clicker\mbed\LPC1768\GCC_CR\libmbed.a(pinmap_common.o)
                              C:\Users\Abhi\Documents\LPCXpresso_8.2.2_650\workspace\clicker\mbed\LPC1768\GCC_CR\libmbed.a(can_api.o) (pinmap_pinout)
C:\Users\Abhi\Documents\LPCXpresso_8.2.2_650\workspace\clicker\mbed\LPC1768\GCC_CR\libmbed.a(semihost_api.o)
                              C:\Users\Abhi\Documents\LPCXpresso_8.2.2_650\workspace\clicker\mbed\LPC1768\GCC_CR\libmbed.a(exit.o) (semihost_exit)
C:\Users\Abhi\Documents\LPCXpresso_8.2.2_650\workspace\clicker\mbed\LPC1768\GCC_CR\libmbed.a(FileLike.o)
                              C:\Users\Abhi\Documents\LPCXpresso_8.2.2_650\workspace\clicker\mbed\LPC1768\GCC_CR\libmbed.a(Stream.o) (mbed::FileLike::~FileLike())
C:\Users\Abhi\Documents\LPCXpresso_8.2.2_650\workspace\clicker\mbed\LPC1768\GCC_CR\libmbed.a(FilePath.o)
                              C:\Users\Abhi\Documents\LPCXpresso_8.2.2_650\workspace\clicker\mbed\LPC1768\GCC_CR\libmbed.a(stdio.o) (mbed::FilePath::FilePath(char const*))
C:\Users\Abhi\Documents\LPCXpresso_8.2.2_650\workspace\clicker\mbed\LPC1768\GCC_CR\libmbed.a(FileSystemLike.o)
                              C:\Users\Abhi\Documents\LPCXpresso_8.2.2_650\workspace\clicker\mbed\LPC1768\GCC_CR\libmbed.a(stdio.o) (mbed::FileSystemLike::opendir())
C:\Users\Abhi\Documents\LPCXpresso_8.2.2_650\workspace\clicker\mbed\LPC1768\GCC_CR\libmbed.a(semihost.o)
                              C:\Users\Abhi\Documents\LPCXpresso_8.2.2_650\workspace\clicker\mbed\LPC1768\GCC_CR\libmbed.a(mbed_interface.o) (semihost_connected)
C:\Users\Abhi\Documents\LPCXpresso_8.2.2_650\workspace\clicker\mbed\LPC1768\GCC_CR\libmbed.a(board.o)
                              C:\Users\Abhi\Documents\LPCXpresso_8.2.2_650\workspace\clicker\mbed\LPC1768\GCC_CR\libmbed.a(exit.o) (mbed_die)
C:\Users\Abhi\Documents\LPCXpresso_8.2.2_650\workspace\clicker\mbed\LPC1768\GCC_CR\libmbed.a(wait_api.o)
                              C:\Users\Abhi\Documents\LPCXpresso_8.2.2_650\workspace\clicker\mbed\LPC1768\GCC_CR\libmbed.a(board.o) (wait_ms)
C:\Users\Abhi\Documents\LPCXpresso_8.2.2_650\workspace\clicker\mbed\LPC1768\GCC_CR\libmbed.a(FileBase.o)
[...]
Memory Configuration

Name             Origin             Length             Attributes
MFlash512        0x00000000         0x00080000         xr
RamLoc32         0x100000c8         0x00007f38         xrw
RamAHB32         0x2007c000         0x00008000         xrw
*default*        0x00000000         0xffffffff

Linker script and memory map

LOAD ./main.o
LOAD C:/Users/Abhi/Documents/LPCXpresso_8.2.2_650/workspace/clicker/mbed/LPC1768/GCC_CR/cmsis_nvic.o
LOAD C:/Users/Abhi/Documents/LPCXpresso_8.2.2_650/workspace/clicker/mbed/LPC1768/GCC_CR/system_LPC17xx.o
LOAD C:/Users/Abhi/Documents/LPCXpresso_8.2.2_650/workspace/clicker/mbed/LPC1768/GCC_CR/core_cm3.o
LOAD C:/Users/Abhi/Documents/LPCXpresso_8.2.2_650/workspace/clicker/mbed/LPC1768/GCC_CR/startup_LPC17xx.o
LOAD C:\Users\Abhi\Documents\LPCXpresso_8.2.2_650\workspace\clicker\mbed\LPC1768\GCC_CR\libmbed.a
START GROUP
LOAD c:/nxp/lpcxpresso_8.2.2_650/lpcxpresso/tools/bin/../lib/gcc/arm-none-eabi/5.4.1/armv7-m\libgcc.a
LOAD c:/nxp/lpcxpresso_8.2.2_650/lpcxpresso/tools/bin/../lib/gcc/arm-none-eabi/5.4.1/../../../../arm-none-eabi/lib/armv7-m\libc.a
LOAD c:/nxp/lpcxpresso_8.2.2_650/lpcxpresso/tools/bin/../lib/gcc/arm-none-eabi/5.4.1/../../../../arm-none-eabi/lib/armv7-m\libstdc++.a
LOAD c:/nxp/lpcxpresso_8.2.2_650/lpcxpresso/tools/bin/../lib/gcc/arm-none-eabi/5.4.1/../../../../arm-none-eabi/lib/armv7-m\libm.a
LOAD c:/nxp/lpcxpresso_8.2.2_650/lpcxpresso/tools/bin/../lib/gcc/arm-none-eabi/5.4.1/../../../../arm-none-eabi/lib/armv7-m\libcr_newlib_nohost.a
LOAD c:/nxp/lpcxpresso_8.2.2_650/lpcxpresso/tools/bin/../lib/gcc/arm-none-eabi/5.4.1/armv7-m\crti.o
LOAD c:/nxp/lpcxpresso_8.2.2_650/lpcxpresso/tools/bin/../lib/gcc/arm-none-eabi/5.4.1/armv7-m\crtn.o
LOAD c:/nxp/lpcxpresso_8.2.2_650/lpcxpresso/tools/bin/../lib/gcc/arm-none-eabi/5.4.1/armv7-m\crtbegin.o
LOAD c:/nxp/lpcxpresso_8.2.2_650/lpcxpresso/tools/bin/../lib/gcc/arm-none-eabi/5.4.1/armv7-m\crtend.o
END GROUP
                0x00080000                __top_MFlash512 = 0x80000
                0x10008000                __top_RamLoc32 = 0x10008000
                0x20084000                __top_RamAHB32 = 0x20084000

.text           0x00000000     0xfd50
 FILL mask 0xff
 *(.isr_vector)
 .isr_vector    0x00000000       0xcc C:/Users/Abhi/Documents/LPCXpresso_8.2.2_650/workspace/clicker/mbed/LPC1768/GCC_CR/startup_LPC17xx.o
                0x00000000                g_pfnVectors
                0x000000cc                . = ALIGN (0x4)
                0x000000cc                __section_table_start = .
                0x000000cc                __data_section_table = .
                0x000000cc        0x4 LONG 0xfff8 LOADADDR (.data)
                0x000000d0        0x4 LONG 0x100000c8 ADDR (.data)
                0x000000d4        0x4 LONG 0x8b8 SIZEOF (.data)
                0x000000d8        0x4 LONG 0xfff8 LOADADDR (.data_RAM2)
                0x000000dc        0x4 LONG 0x2007c000 ADDR (.data_RAM2)
                0x000000e0        0x4 LONG 0x0 SIZEOF (.data_RAM2)
                0x000000e4                __data_section_table_end = .
                0x000000e4                __bss_section_table = .
                0x000000e4        0x4 LONG 0x10000980 ADDR (.bss)
                0x000000e8        0x4 LONG 0x268 SIZEOF (.bss)
                0x000000ec        0x4 LONG 0x2007c000 ADDR (.bss_RAM2)
                0x000000f0        0x4 LONG 0x0 SIZEOF (.bss_RAM2)
                0x000000f4                __bss_section_table_end = .
                0x000000f4                __section_table_end = .
 *(.after_vectors*)
 .after_vectors
                0x000000f4       0xf4 C:/Users/Abhi/Documents/LPCXpresso_8.2.2_650/workspace/clicker/mbed/LPC1768/GCC_CR/startup_LPC17xx.o
                0x000000f4                NMI_Handler
                0x000000f8                HardFault_Handler
                0x000000fc                MemManage_Handler
                0x00000100                BusFault_Handler
                0x00000104                UsageFault_Handler
                0x00000108                SVCall_Handler
                0x0000010c                DebugMon_Handler
                0x00000110                PendSV_Handler
                0x00000114                SysTick_Handler
                0x00000118                ResetISR
                0x00000180                data_init
                0x000001b4                bss_init
                0x000001e4                UART1_IRQHandler
                0x000001e4                I2C1_IRQHandler
                0x000001e4                CANActivity_IRQHandler
                0x000001e4                TIMER3_IRQHandler
                0x000001e4                UART0_IRQHandler
                0x000001e4                EINT3_IRQHandler
                0x000001e4                EINT2_IRQHandler
                0x000001e4                RIT_IRQHandler
                0x000001e4                IntDefaultHandler
                0x000001e4                PLL0_IRQHandler
                0x000001e4                PWM1_IRQHandler
                0x000001e4                PLL1_IRQHandler
                0x000001e4                USBActivity_IRQHandler
                0x000001e4                I2S_IRQHandler
                0x000001e4                I2C2_IRQHandler
                0x000001e4                RTC_IRQHandler
                0x000001e4                TIMER0_IRQHandler
                0x000001e4                SPI_IRQHandler
                0x000001e4                I2C0_IRQHandler
                0x000001e4                EINT1_IRQHandler
                0x000001e4                TIMER1_IRQHandler
                0x000001e4                UART2_IRQHandler
                0x000001e4                ADC_IRQHandler
                0x000001e4                SSP1_IRQHandler
                0x000001e4                USB_IRQHandler
                0x000001e4                BOD_IRQHandler
                0x000001e4                TIMER2_IRQHandler
                0x000001e4                WDT_IRQHandler
                0x000001e4                QEI_IRQHandler
                0x000001e4                EINT0_IRQHandler
                0x000001e4                SSP0_IRQHandler
                0x000001e4                DMA_IRQHandler
                0x000001e4                CAN_IRQHandler
                0x000001e4                UART3_IRQHandler
                0x000001e4                MCPWM_IRQHandler
                0x000001e4                ENET_IRQHandler
 *(.text*)
 .text.gpio_write
                0x000001e8       0x30 ./main.o
 .text.gpio_read
                0x00000218       0x28 ./main.o
 .text._ZN4mbed10DigitalOutC2E7PinName
                0x00000240       0x20 ./main.o
                0x00000240                mbed::DigitalOut::DigitalOut(PinName)
                0x00000240                mbed::DigitalOut::DigitalOut(PinName)
 .text._ZN4mbed10DigitalOut5writeEi
                0x00000260       0x1c ./main.o
                0x00000260                mbed::DigitalOut::write(int)
 .text._ZN4mbed10DigitalOut4readEv
                0x0000027c       0x1c ./main.o
                0x0000027c                mbed::DigitalOut::read()
 .text._ZN4mbed10DigitalOutaSEi
                0x00000298       0x1c ./main.o
                0x00000298                mbed::DigitalOut::operator=(int)
 .text._ZN4mbed10DigitalOutcviEv
                0x000002b4       0x18 ./main.o
                0x000002b4                mbed::DigitalOut::operator int()
 .text._ZN11CAN_MessageC2Ev
                0x000002cc       0x14 ./main.o
                0x000002cc                CAN_Message::CAN_Message()
                0x000002cc                CAN_Message::CAN_Message()
 .text._ZN4mbed10CANMessageC2Ev
                0x000002e0       0x40 ./main.o
                0x000002e0                mbed::CANMessage::CANMessage()
                0x000002e0                mbed::CANMessage::CANMessage()
 .text.main     0x00000320       0xdc ./main.o
                0x00000320                main
 .text._ZN4mbed6SerialD2Ev
                0x000003fc       0x44 ./main.o
                0x000003fc                mbed::Serial::~Serial()
                0x000003fc                mbed::Serial::~Serial()
                0x00000438                non-virtual thunk to mbed::Serial::~Serial()
 .text._ZN4mbed6SerialD0Ev
                0x00000440       0x28 ./main.o
                0x00000440                mbed::Serial::~Serial()
                0x00000460                non-virtual thunk to mbed::Serial::~Serial()
 .text._Z41__static_initialization_and_destruction_0ii
                0x00000468       0x9c ./main.o
 .text._GLOBAL__sub_I_can
                0x00000504       0x10 ./main.o
 .text.NVIC_SetVector
                0x00000514       0x60 C:/Users/Abhi/Documents/LPCXpresso_8.2.2_650/workspace/clicker/mbed/LPC1768/GCC_CR/cmsis_nvic.o
                0x00000514                NVIC_SetVector
 .text.SystemInit
                0x00000574       0xe4 C:/Users/Abhi/Documents/LPCXpresso_8.2.2_650/workspace/clicker/mbed/LPC1768/GCC_CR/system_LPC17xx.o
                0x00000574                SystemInit
 .text.__aeabi_atexit
                0x00000658        0x4 C:/Users/Abhi/Documents/LPCXpresso_8.2.2_650/workspace/clicker/mbed/LPC1768/GCC_CR/startup_LPC17xx.o
                0x00000658                __aeabi_atexit
 .text._ZdlPv   0x0000065c        0x4 C:/Users/Abhi/Documents/LPCXpresso_8.2.2_650/workspace/clicker/mbed/LPC1768/GCC_CR/startup_LPC17xx.o
                0x0000065c                operator delete(void*)
 .text.gpio_set
                0x00000660       0x28 C:\Users\Abhi\Documents\LPCXpresso_8.2.2_650\workspace\clicker\mbed\LPC1768\GCC_CR\libmbed.a(gpio_api.o)
                0x00000660                gpio_set
 .text.gpio_dir
                0x00000688       0x24 C:\Users\Abhi\Documents\LPCXpresso_8.2.2_650\workspace\clicker\mbed\LPC1768\GCC_CR\libmbed.a(gpio_api.o)
                0x00000688                gpio_dir
 .text.gpio_init
                0x000006ac       0x5c C:\Users\Abhi\Documents\LPCXpresso_8.2.2_650\workspace\clicker\mbed\LPC1768\GCC_CR\libmbed.a(gpio_api.o)
                0x000006ac                gpio_init
 .text.pin_function
                0x00000708       0x48 C:\Users\Abhi\Documents\LPCXpresso_8.2.2_650\workspace\clicker\mbed\LPC1768\GCC_CR\libmbed.a(pinmap.o)
                0x00000708                pin_function
 .text.pin_mode
                0x00000750       0x70 C:\Users\Abhi\Documents\LPCXpresso_8.2.2_650\workspace\clicker\mbed\LPC1768\GCC_CR\libmbed.a(pinmap.o)
                0x00000750                pin_mode
 .text._ZN4mbed3CAND2Ev
                0x000007c0       0x18 C:\Users\Abhi\Documents\LPCXpresso_8.2.2_650\workspace\clicker\mbed\LPC1768\GCC_CR\libmbed.a(CAN.o)
                0x000007c0                mbed::CAN::~CAN()
                0x000007c0                mbed::CAN::~CAN()
 .text._ZN4mbed3CAND0Ev
                0x000007d8       0x1c C:\Users\Abhi\Documents\LPCXpresso_8.2.2_650\workspace\clicker\mbed\LPC1768\GCC_CR\libmbed.a(CAN.o)
                0x000007d8                mbed::CAN::~CAN()
 .text._ZN4mbed3CANC2E7PinNameS1_
                0x000007f4       0x28 C:\Users\Abhi\Documents\LPCXpresso_8.2.2_650\workspace\clicker\mbed\LPC1768\GCC_CR\libmbed.a(CAN.o)
                0x000007f4                mbed::CAN::CAN(PinName, PinName)
                0x000007f4                mbed::CAN::CAN(PinName, PinName)
 .text._ZN4mbed3CAN9frequencyEi
                0x0000081c        0x8 C:\Users\Abhi\Documents\LPCXpresso_8.2.2_650\workspace\clicker\mbed\LPC1768\GCC_CR\libmbed.a(CAN.o)
                0x0000081c                mbed::CAN::frequency(int)
 .text._ZN4mbed3CAN4readERNS_10CANMessageE
                0x00000824        0x8 C:\Users\Abhi\Documents\LPCXpresso_8.2.2_650\workspace\clicker\mbed\LPC1768\GCC_CR\libmbed.a(CAN.o)
                0x00000824                mbed::CAN::read(mbed::CANMessage&)
 .text._ZN4mbed15FunctionPointerC2EPFvvE
                0x0000082c        0x8 C:\Users\Abhi\Documents\LPCXpresso_8.2.2_650\workspace\clicker\mbed\LPC1768\GCC_CR\libmbed.a(FunctionPointer.o)
                0x0000082c                mbed::FunctionPointer::FunctionPointer(void (*)())
                0x0000082c                mbed::FunctionPointer::FunctionPointer(void (*)())
 .text._ZN4mbed15FunctionPointer4callEv
                0x00000834       0x18 C:\Users\Abhi\Documents\LPCXpresso_8.2.2_650\workspace\clicker\mbed\LPC1768\GCC_CR\libmbed.a(FunctionPointer.o)
                0x00000834                mbed::FunctionPointer::call()
 .text._ZN4mbed6Serial5_putcEi
                0x0000084c       0x10 C:\Users\Abhi\Documents\LPCXpresso_8.2.2_650\workspace\clicker\mbed\LPC1768\GCC_CR\libmbed.a(Serial.o)
                0x0000084c                mbed::Serial::_putc(int)
 .text._ZN4mbed6Serial5_getcEv
                0x0000085c        0x8 C:\Users\Abhi\Documents\LPCXpresso_8.2.2_650\workspace\clicker\mbed\LPC1768\GCC_CR\libmbed.a(Serial.o)
                0x0000085c                mbed::Serial::_getc()
 .text._ZN4mbed6Serial12_irq_handlerEm9SerialIrq
                0x00000864       0x10 C:\Users\Abhi\Documents\LPCXpresso_8.2.2_650\workspace\clicker\mbed\LPC1768\GCC_CR\libmbed.a(Serial.o)
                0x00000864                mbed::Serial::_irq_handler(unsigned long, SerialIrq)
 .text._ZN4mbed6SerialC2E7PinNameS1_PKc
                0x00000874       0x58 C:\Users\Abhi\Documents\LPCXpresso_8.2.2_650\workspace\clicker\mbed\LPC1768\GCC_CR\libmbed.a(Serial.o)
                0x00000874                mbed::Serial::Serial(PinName, PinName, char const*)
                0x00000874                mbed::Serial::Serial(PinName, PinName, char const*)
 .text._ZN4mbed10FileHandle4flenEv
                0x000008cc       0x38 C:\Users\Abhi\Documents\LPCXpresso_8.2.2_650\workspace\clicker\mbed\LPC1768\GCC_CR\libmbed.a(stdio.o)
                0x000008cc                mbed::FileHandle::flen()
 .text._ZN4mbed10FileHandleD2Ev
                0x00000904       0x44 C:\Users\Abhi\Documents\LPCXpresso_8.2.2_650\workspace\clicker\mbed\LPC1768\GCC_CR\libmbed.a(stdio.o)
                0x00000904                mbed::FileHandle::~FileHandle()
                0x00000904                mbed::FileHandle::~FileHandle()
 .text._ZL11init_serialv
                0x00000948       0x2c C:\Users\Abhi\Documents\LPCXpresso_8.2.2_650\workspace\clicker\mbed\LPC1768\GCC_CR\libmbed.a(stdio.o)
 .text._ZN4mbed10FileHandleD0Ev
                0x00000974       0x4c C:\Users\Abhi\Documents\LPCXpresso_8.2.2_650\workspace\clicker\mbed\LPC1768\GCC_CR\libmbed.a(stdio.o)
                0x00000974                mbed::FileHandle::~FileHandle()
 .text._open    0x000009c0       0xdc C:\Users\Abhi\Documents\LPCXpresso_8.2.2_650\workspace\clicker\mbed\LPC1768\GCC_CR\libmbed.a(stdio.o)
                0x000009c0                _open
 .text._close   0x00000a9c       0x30 C:\Users\Abhi\Documents\LPCXpresso_8.2.2_650\workspace\clicker\mbed\LPC1768\GCC_CR\libmbed.a(stdio.o)
                0x00000a9c                _close
 .text._write   0x00000acc       0x94 C:\Users\Abhi\Documents\LPCXpresso_8.2.2_650\workspace\clicker\mbed\LPC1768\GCC_CR\libmbed.a(stdio.o)
                0x00000acc                _write
 .text._read    0x00000b60       0x3c C:\Users\Abhi\Documents\LPCXpresso_8.2.2_650\workspace\clicker\mbed\LPC1768\GCC_CR\libmbed.a(stdio.o)
                0x00000b60                _read
 .text._isatty  0x00000b9c       0x28 C:\Users\Abhi\Documents\LPCXpresso_8.2.2_650\workspace\clicker\mbed\LPC1768\GCC_CR\libmbed.a(stdio.o)
                0x00000b9c                _isatty
 .text._lseek   0x00000bc4       0x28 C:\Users\Abhi\Documents\LPCXpresso_8.2.2_650\workspace\clicker\mbed\LPC1768\GCC_CR\libmbed.a(stdio.o)
                0x00000bc4                _lseek
 .text._fstat   0x00000bec       0x20 C:\Users\Abhi\Documents\LPCXpresso_8.2.2_650\workspace\clicker\mbed\LPC1768\GCC_CR\libmbed.a(stdio.o)
                0x00000bec                _fstat
 .text._ZN9__gnu_cxx27__verbose_terminate_handlerEv
                0x00000c0c       0x20 C:\Users\Abhi\Documents\LPCXpresso_8.2.2_650\workspace\clicker\mbed\LPC1768\GCC_CR\libmbed.a(stdio.o)
                0x00000c0c                __gnu_cxx::__verbose_terminate_handler()
 .text._ZN4mbed6Stream5closeEv
                0x00000c2c        0x4 C:\Users\Abhi\Documents\LPCXpresso_8.2.2_650\workspace\clicker\mbed\LPC1768\GCC_CR\libmbed.a(Stream.o)
                0x00000c2c                mbed::Stream::close()
 .text._ZN4mbed6Stream5writeEPKvj
                0x00000c30       0x78 C:\Users\Abhi\Documents\LPCXpresso_8.2.2_650\workspace\clicker\mbed\LPC1768\GCC_CR\libmbed.a(Stream.o)
                0x00000c30                mbed::Stream::write(void const*, unsigned int)
 .text._ZN4mbed6Stream4readEPvj
                0x00000ca8       0x8c C:\Users\Abhi\Documents\LPCXpresso_8.2.2_650\workspace\clicker\mbed\LPC1768\GCC_CR\libmbed.a(Stream.o)
                0x00000ca8                mbed::Stream::read(void*, unsigned int)
 .text._ZN4mbed6Stream5lseekEli
                0x00000d34        0x4 C:\Users\Abhi\Documents\LPCXpresso_8.2.2_650\workspace\clicker\mbed\LPC1768\GCC_CR\libmbed.a(Stream.o)
                0x00000d34                mbed::Stream::lseek(long, int)
 .text._ZN4mbed6Stream6isattyEv
                0x00000d38        0x4 C:\Users\Abhi\Documents\LPCXpresso_8.2.2_650\workspace\clicker\mbed\LPC1768\GCC_CR\libmbed.a(Stream.o)
                0x00000d38                mbed::Stream::isatty()
 .text._ZN4mbed6Stream5fsyncEv
                0x00000d3c        0x4 C:\Users\Abhi\Documents\LPCXpresso_8.2.2_650\workspace\clicker\mbed\LPC1768\GCC_CR\libmbed.a(Stream.o)
                0x00000d3c                mbed::Stream::fsync()
 .text._ZN4mbed6Stream4flenEv
                0x00000d40        0x4 C:\Users\Abhi\Documents\LPCXpresso_8.2.2_650\workspace\clicker\mbed\LPC1768\GCC_CR\libmbed.a(Stream.o)
                0x00000d40                mbed::Stream::flen()
 .text._ZN4mbed6StreamD2Ev
                0x00000d44       0x28 C:\Users\Abhi\Documents\LPCXpresso_8.2.2_650\workspace\clicker\mbed\LPC1768\GCC_CR\libmbed.a(Stream.o)
                0x00000d44                mbed::Stream::~Stream()
                0x00000d44                mbed::Stream::~Stream()
 .text._ZThn4_N4mbed6StreamD1Ev
                0x00000d6c        0x8 C:\Users\Abhi\Documents\LPCXpresso_8.2.2_650\workspace\clicker\mbed\LPC1768\GCC_CR\libmbed.a(Stream.o)
                0x00000d6c                non-virtual thunk to mbed::Stream::~Stream()
 .text._ZN4mbed6StreamD0Ev
                0x00000d74       0x14 C:\Users\Abhi\Documents\LPCXpresso_8.2.2_650\workspace\clicker\mbed\LPC1768\GCC_CR\libmbed.a(Stream.o)
                0x00000d74                mbed::Stream::~Stream()
 .text._ZThn4_N4mbed6StreamD0Ev
                0x00000d88        0x8 C:\Users\Abhi\Documents\LPCXpresso_8.2.2_650\workspace\clicker\mbed\LPC1768\GCC_CR\libmbed.a(Stream.o)
                0x00000d88                non-virtual thunk to mbed::Stream::~Stream()
 .text._ZN4mbed6StreamC2EPKc
                0x00000d90       0x48 C:\Users\Abhi\Documents\LPCXpresso_8.2.2_650\workspace\clicker\mbed\LPC1768\GCC_CR\libmbed.a(Stream.o)
                0x00000d90                mbed::Stream::Stream(char const*)
                0x00000d90                mbed::Stream::Stream(char const*)
 .text._ZN4mbed6Stream6printfEPKcz
                0x00000dd8       0x2c C:\Users\Abhi\Documents\LPCXpresso_8.2.2_650\workspace\clicker\mbed\LPC1768\GCC_CR\libmbed.a(Stream.o)
                0x00000dd8                mbed::Stream::printf(char const*, ...)
 .text.can_free
                0x00000e04       0x48 C:\Users\Abhi\Documents\LPCXpresso_8.2.2_650\workspace\clicker\mbed\LPC1768\GCC_CR\libmbed.a(can_api.o)
                0x00000e04                can_free
 .text.can_frequency
                0x00000e4c       0xec C:\Users\Abhi\Documents\LPCXpresso_8.2.2_650\workspace\clicker\mbed\LPC1768\GCC_CR\libmbed.a(can_api.o)
                0x00000e4c                can_frequency
 .text.can_init
                0x00000f38       0xe4 C:\Users\Abhi\Documents\LPCXpresso_8.2.2_650\workspace\clicker\mbed\LPC1768\GCC_CR\libmbed.a(can_api.o)
                0x00000f38                can_init
 .text.can_read
                0x0000101c       0x6c C:\Users\Abhi\Documents\LPCXpresso_8.2.2_650\workspace\clicker\mbed\LPC1768\GCC_CR\libmbed.a(can_api.o)
                0x0000101c                can_read
 .text.serial_baud
                0x00001088      0x290 C:\Users\Abhi\Documents\LPCXpresso_8.2.2_650\workspace\clicker\mbed\LPC1768\GCC_CR\libmbed.a(serial_api.o)
                0x00001088                serial_baud
 .text.serial_format
                0x00001318       0xac C:\Users\Abhi\Documents\LPCXpresso_8.2.2_650\workspace\clicker\mbed\LPC1768\GCC_CR\libmbed.a(serial_api.o)
                0x00001318                serial_format
 .text.serial_init
                0x000013c4      0x2f8 C:\Users\Abhi\Documents\LPCXpresso_8.2.2_650\workspace\clicker\mbed\LPC1768\GCC_CR\libmbed.a(serial_api.o)
                0x000013c4                serial_init
 .text.serial_irq_handler
                0x000016bc       0x20 C:\Users\Abhi\Documents\LPCXpresso_8.2.2_650\workspace\clicker\mbed\LPC1768\GCC_CR\libmbed.a(serial_api.o)
                0x000016bc                serial_irq_handler
 .text.serial_getc
                0x000016dc       0x10 C:\Users\Abhi\Documents\LPCXpresso_8.2.2_650\workspace\clicker\mbed\LPC1768\GCC_CR\libmbed.a(serial_api.o)
                0x000016dc                serial_getc
 .text.serial_putc
                0x000016ec       0x10 C:\Users\Abhi\Documents\LPCXpresso_8.2.2_650\workspace\clicker\mbed\LPC1768\GCC_CR\libmbed.a(serial_api.o)
                0x000016ec                serial_putc
 .text.exit     0x000016fc       0x1c C:\Users\Abhi\Documents\LPCXpresso_8.2.2_650\workspace\clicker\mbed\LPC1768\GCC_CR\libmbed.a(exit.o)
                0x000016fc                exit
 .text.mbed_interface_connected
                0x00001718        0x4 C:\Users\Abhi\Documents\LPCXpresso_8.2.2_650\workspace\clicker\mbed\LPC1768\GCC_CR\libmbed.a(mbed_interface.o)
                0x00001718                mbed_interface_connected
 .text.pinmap_pinout
                0x0000171c       0x58 C:\Users\Abhi\Documents\LPCXpresso_8.2.2_650\workspace\clicker\mbed\LPC1768\GCC_CR\libmbed.a(pinmap_common.o)
                0x0000171c                pinmap_pinout
 .text.pinmap_merge
                0x00001774       0x38 C:\Users\Abhi\Documents\LPCXpresso_8.2.2_650\workspace\clicker\mbed\LPC1768\GCC_CR\libmbed.a(pinmap_common.o)
                0x00001774                pinmap_merge
 .text.pinmap_peripheral
                0x000017ac       0x44 C:\Users\Abhi\Documents\LPCXpresso_8.2.2_650\workspace\clicker\mbed\LPC1768\GCC_CR\libmbed.a(pinmap_common.o)
                0x000017ac                pinmap_peripheral
 .text.semihost_exit
                0x000017f0       0x18 C:\Users\Abhi\Documents\LPCXpresso_8.2.2_650\workspace\clicker\mbed\LPC1768\GCC_CR\libmbed.a(semihost_api.o)
                0x000017f0                semihost_exit
 .text._ZN4mbed8FileLikeD2Ev
                0x00001808       0x28 C:\Users\Abhi\Documents\LPCXpresso_8.2.2_650\workspace\clicker\mbed\LPC1768\GCC_CR\libmbed.a(FileLike.o)
                0x00001808                mbed::FileLike::~FileLike()
                0x00001808                mbed::FileLike::~FileLike()
 .text._ZThn4_N4mbed8FileLikeD1Ev
                0x00001830        0x8 C:\Users\Abhi\Documents\LPCXpresso_8.2.2_650\workspace\clicker\mbed\LPC1768\GCC_CR\libmbed.a(FileLike.o)
                0x00001830                non-virtual thunk to mbed::FileLike::~FileLike()
 .text._ZN4mbed8FileLikeD0Ev
                0x00001838       0x14 C:\Users\Abhi\Documents\LPCXpresso_8.2.2_650\workspace\clicker\mbed\LPC1768\GCC_CR\libmbed.a(FileLike.o)
                0x00001838                mbed::FileLike::~FileLike()
 .text._ZThn4_N4mbed8FileLikeD0Ev
                0x0000184c        0x8 C:\Users\Abhi\Documents\LPCXpresso_8.2.2_650\workspace\clicker\mbed\LPC1768\GCC_CR\libmbed.a(FileLike.o)
                0x0000184c                non-virtual thunk to mbed::FileLike::~FileLike()
 .text._ZN4mbed8FileLikeC2EPKc
                0x00001854       0x2c C:\Users\Abhi\Documents\LPCXpresso_8.2.2_650\workspace\clicker\mbed\LPC1768\GCC_CR\libmbed.a(FileLike.o)
                0x00001854                mbed::FileLike::FileLike(char const*)
                0x00001854                mbed::FileLike::FileLike(char const*)
 .text._ZN4mbed8FilePathC2EPKc
                0x00001880       0x5c C:\Users\Abhi\Documents\LPCXpresso_8.2.2_650\workspace\clicker\mbed\LPC1768\GCC_CR\libmbed.a(FilePath.o)
                0x00001880                mbed::FilePath::FilePath(char const*)
                0x00001880                mbed::FilePath::FilePath(char const*)
 .text._ZN4mbed8FilePath8fileNameEv
                0x000018dc        0x4 C:\Users\Abhi\Documents\LPCXpresso_8.2.2_650\workspace\clicker\mbed\LPC1768\GCC_CR\libmbed.a(FilePath.o)
                0x000018dc                mbed::FilePath::fileName()
 .text._ZN4mbed8FilePath12isFileSystemEv
                0x000018e0       0x14 C:\Users\Abhi\Documents\LPCXpresso_8.2.2_650\workspace\clicker\mbed\LPC1768\GCC_CR\libmbed.a(FilePath.o)
                0x000018e0                mbed::FilePath::isFileSystem()
 .text._ZN4mbed8FilePath10fileSystemEv
                0x000018f4       0x10 C:\Users\Abhi\Documents\LPCXpresso_8.2.2_650\workspace\clicker\mbed\LPC1768\GCC_CR\libmbed.a(FilePath.o)
                0x000018f4                mbed::FilePath::fileSystem()
 .text._ZN4mbed8FilePath6isFileEv
                0x00001904       0x14 C:\Users\Abhi\Documents\LPCXpresso_8.2.2_650\workspace\clicker\mbed\LPC1768\GCC_CR\libmbed.a(FilePath.o)
                0x00001904                mbed::FilePath::isFile()
 .text._ZN4mbed8FilePath4fileEv
                0x00001918       0x14 C:\Users\Abhi\Documents\LPCXpresso_8.2.2_650\workspace\clicker\mbed\LPC1768\GCC_CR\libmbed.a(FilePath.o)
                0x00001918                mbed::FilePath::file()
 .text.semihost_connected
                0x0000192c       0x10 C:\Users\Abhi\Documents\LPCXpresso_8.2.2_650\workspace\clicker\mbed\LPC1768\GCC_CR\libmbed.a(semihost.o)
                0x0000192c                semihost_connected
 .text.mbed_die
                0x0000193c       0x84 C:\Users\Abhi\Documents\LPCXpresso_8.2.2_650\workspace\clicker\mbed\LPC1768\GCC_CR\libmbed.a(board.o)
                0x0000193c                mbed_die
 .text.wait_us  0x000019c0       0x18 C:\Users\Abhi\Documents\LPCXpresso_8.2.2_650\workspace\clicker\mbed\LPC1768\GCC_CR\libmbed.a(wait_api.o)
                0x000019c0                wait_us
 .text.wait_ms  0x000019d8        0xc C:\Users\Abhi\Documents\LPCXpresso_8.2.2_650\workspace\clicker\mbed\LPC1768\GCC_CR\libmbed.a(wait_api.o)
                0x000019d8                wait_ms
 .text._ZN4mbed8FileBaseD2Ev
                0x000019e4       0x30 C:\Users\Abhi\Documents\LPCXpresso_8.2.2_650\workspace\clicker\mbed\LPC1768\GCC_CR\libmbed.a(FileBase.o)
                0x000019e4                mbed::FileBase::~FileBase()
                0x000019e4                mbed::FileBase::~FileBase()
 .text._ZN4mbed8FileBaseD0Ev
                0x00001a14       0x14 C:\Users\Abhi\Documents\LPCXpresso_8.2.2_650\workspace\clicker\mbed\LPC1768\GCC_CR\libmbed.a(FileBase.o)
                0x00001a14                mbed::FileBase::~FileBase()
 .text._ZN4mbed8FileBaseC2EPKcNS_8PathTypeE
                0x00001a28       0x24 C:\Users\Abhi\Documents\LPCXpresso_8.2.2_650\workspace\clicker\mbed\LPC1768\GCC_CR\libmbed.a(FileBase.o)
                0x00001a28                mbed::FileBase::FileBase(char const*, mbed::PathType)
                0x00001a28                mbed::FileBase::FileBase(char const*, mbed::PathType)
 .text._ZN4mbed8FileBase6lookupEPKcj
                0x00001a4c       0x3c C:\Users\Abhi\Documents\LPCXpresso_8.2.2_650\workspace\clicker\mbed\LPC1768\GCC_CR\libmbed.a(FileBase.o)
                0x00001a4c                mbed::FileBase::lookup(char const*, unsigned int)
 .text._ZN4mbed8FileBase11getPathTypeEv
                0x00001a88        0x4 C:\Users\Abhi\Documents\LPCXpresso_8.2.2_650\workspace\clicker\mbed\LPC1768\GCC_CR\libmbed.a(FileBase.o)
                0x00001a88                mbed::FileBase::getPathType()
 .text.us_ticker_init
                0x00001a8c       0x78 C:\Users\Abhi\Documents\LPCXpresso_8.2.2_650\workspace\clicker\mbed\LPC1768\GCC_CR\libmbed.a(us_ticker.o)
                0x00001a8c                us_ticker_init
 .text.us_ticker_read
                0x00001b04       0x20 C:\Users\Abhi\Documents\LPCXpresso_8.2.2_650\workspace\clicker\mbed\LPC1768\GCC_CR\libmbed.a(us_ticker.o)
                0x00001b04                us_ticker_read
 .text.us_ticker_set_interrupt
                0x00001b24       0x14 C:\Users\Abhi\Documents\LPCXpresso_8.2.2_650\workspace\clicker\mbed\LPC1768\GCC_CR\libmbed.a(us_ticker.o)
                0x00001b24                us_ticker_set_interrupt
 .text.us_ticker_disable_interrupt
                0x00001b38       0x14 C:\Users\Abhi\Documents\LPCXpresso_8.2.2_650\workspace\clicker\mbed\LPC1768\GCC_CR\libmbed.a(us_ticker.o)
                0x00001b38                us_ticker_disable_interrupt
 .text.us_ticker_clear_interrupt
                0x00001b4c       0x10 C:\Users\Abhi\Documents\LPCXpresso_8.2.2_650\workspace\clicker\mbed\LPC1768\GCC_CR\libmbed.a(us_ticker.o)
                0x00001b4c                us_ticker_clear_interrupt
 .text.us_ticker_irq_handler
                0x00001b5c       0x50 C:\Users\Abhi\Documents\LPCXpresso_8.2.2_650\workspace\clicker\mbed\LPC1768\GCC_CR\libmbed.a(us_ticker_api.o)
                0x00001b5c                us_ticker_irq_handler
 .text          0x00001bac      0x370 c:/nxp/lpcxpresso_8.2.2_650/lpcxpresso/tools/bin/../lib/gcc/arm-none-eabi/5.4.1/armv7-m\libgcc.a(_arm_addsubdf3.o)
                0x00001bac                __aeabi_drsub
                0x00001bb4                __aeabi_dsub
                0x00001bb4                __subdf3
                0x00001bb8                __aeabi_dadd
                0x00001bb8                __adddf3
                0x00001e30                __floatunsidf
                0x00001e30                __aeabi_ui2d
                0x00001e50                __floatsidf
                0x00001e50                __aeabi_i2d
                0x00001e74                __aeabi_f2d
                0x00001e74                __extendsfdf2
                0x00001eb0                __floatundidf
                0x00001eb0                __aeabi_ul2d
                0x00001ec0                __floatdidf
                0x00001ec0                __aeabi_l2d
 .text          0x00001f1c      0x424 c:/nxp/lpcxpresso_8.2.2_650/lpcxpresso/tools/bin/../lib/gcc/arm-none-eabi/5.4.1/armv7-m\libgcc.a(_arm_muldivdf3.o)
                0x00001f1c                __aeabi_dmul
                0x00001f1c                __muldf3
                0x00002170                __divdf3
                0x00002170                __aeabi_ddiv
 .text          0x00002340      0x110 c:/nxp/lpcxpresso_8.2.2_650/lpcxpresso/tools/bin/../lib/gcc/arm-none-eabi/5.4.1/armv7-m\libgcc.a(_arm_cmpdf2.o)
                0x00002340                __gtdf2
                0x00002340                __gedf2
                0x00002348                __ltdf2
                0x00002348                __ledf2
                0x00002350                __nedf2
                0x00002350                __eqdf2
                0x00002350                __cmpdf2
                0x000023cc                __aeabi_cdrcmple
                0x000023dc                __aeabi_cdcmpeq
                0x000023dc                __aeabi_cdcmple
                0x000023ec                __aeabi_dcmpeq
                0x00002400                __aeabi_dcmplt
                0x00002414                __aeabi_dcmple
                0x00002428                __aeabi_dcmpge
                0x0000243c                __aeabi_dcmpgt
 .text          0x00002450       0x50 c:/nxp/lpcxpresso_8.2.2_650/lpcxpresso/tools/bin/../lib/gcc/arm-none-eabi/5.4.1/armv7-m\libgcc.a(_arm_fixdfsi.o)
                0x00002450                __aeabi_d2iz
                0x00002450                __fixdfsi
 .text          0x000024a0       0xa0 c:/nxp/lpcxpresso_8.2.2_650/lpcxpresso/tools/bin/../lib/gcc/arm-none-eabi/5.4.1/armv7-m\libgcc.a(_arm_truncdfsf2.o)
                0x000024a0                __truncdfsf2
                0x000024a0                __aeabi_d2f
 .text          0x00002540      0x21c c:/nxp/lpcxpresso_8.2.2_650/lpcxpresso/tools/bin/../lib/gcc/arm-none-eabi/5.4.1/armv7-m\libgcc.a(_arm_addsubsf3.o)
                0x00002540                __aeabi_frsub
                0x00002548                __subsf3
                0x00002548                __aeabi_fsub
                0x0000254c                __aeabi_fadd
                0x0000254c                __addsf3
                0x000026ac                __aeabi_ui2f
                0x000026ac                __floatunsisf
                0x000026b4                __aeabi_i2f
                0x000026b4                __floatsisf
                0x000026d0                __aeabi_ul2f
                0x000026d0                __floatundisf
                0x000026e0                __aeabi_l2f
                0x000026e0                __floatdisf
 .text          0x0000275c      0x2a0 c:/nxp/lpcxpresso_8.2.2_650/lpcxpresso/tools/bin/../lib/gcc/arm-none-eabi/5.4.1/armv7-m\libgcc.a(_arm_muldivsf3.o)
                0x0000275c                __mulsf3
                0x0000275c                __aeabi_fmul
                0x000028c4                __aeabi_fdiv
                0x000028c4                __divsf3
 .text          0x000029fc       0xec c:/nxp/lpcxpresso_8.2.2_650/lpcxpresso/tools/bin/../lib/gcc/arm-none-eabi/5.4.1/armv7-m\libgcc.a(_arm_cmpsf2.o)
                0x000029fc                __gesf2
                0x000029fc                __gtsf2
                0x00002a04                __lesf2
                0x00002a04                __ltsf2
                0x00002a0c                __nesf2
                0x00002a0c                __eqsf2
                0x00002a0c                __cmpsf2
                0x00002a6c                __aeabi_cfrcmple
                0x00002a74                __aeabi_cfcmpeq
                0x00002a74                __aeabi_cfcmple
                0x00002a84                __aeabi_fcmpeq
                0x00002a98                __aeabi_fcmplt
                0x00002aac                __aeabi_fcmple
                0x00002ac0                __aeabi_fcmpge
                0x00002ad4                __aeabi_fcmpgt
 .text          0x00002ae8       0x30 c:/nxp/lpcxpresso_8.2.2_650/lpcxpresso/tools/bin/../lib/gcc/arm-none-eabi/5.4.1/armv7-m\libgcc.a(_aeabi_uldivmod.o)
                0x00002ae8                __aeabi_uldivmod
 .text          0x00002b18      0x2ec c:/nxp/lpcxpresso_8.2.2_650/lpcxpresso/tools/bin/../lib/gcc/arm-none-eabi/5.4.1/armv7-m\libgcc.a(_udivmoddi4.o)
                0x00002b18                __udivmoddi4
 .text          0x00002e04        0x4 c:/nxp/lpcxpresso_8.2.2_650/lpcxpresso/tools/bin/../lib/gcc/arm-none-eabi/5.4.1/armv7-m\libgcc.a(_dvmd_tls.o)
                0x00002e04                __aeabi_idiv0
                0x00002e04                __aeabi_ldiv0
 .text.__errno  0x00002e08        0xc c:/nxp/lpcxpresso_8.2.2_650/lpcxpresso/tools/bin/../lib/gcc/arm-none-eabi/5.4.1/../../../../arm-none-eabi/lib/armv7-m\libc.a(lib_a-errno.o)
                0x00002e08                __errno
 .text._fclose_r
                0x00002e14       0x84 c:/nxp/lpcxpresso_8.2.2_650/lpcxpresso/tools/bin/../lib/gcc/arm-none-eabi/5.4.1/../../../../arm-none-eabi/lib/armv7-m\libc.a(lib_a-fclose.o)
                0x00002e14                _fclose_r
 .text.fclose   0x00002e98       0x10 c:/nxp/lpcxpresso_8.2.2_650/lpcxpresso/tools/bin/../lib/gcc/arm-none-eabi/5.4.1/../../../../arm-none-eabi/lib/armv7-m\libc.a(lib_a-fclose.o)
                0x00002e98                fclose
 .text.__sflush_r
                0x00002ea8      0x148 c:/nxp/lpcxpresso_8.2.2_650/lpcxpresso/tools/bin/../lib/gcc/arm-none-eabi/5.4.1/../../../../arm-none-eabi/lib/armv7-m\libc.a(lib_a-fflush.o)
                0x00002ea8                __sflush_r
 .text._fflush_r
                0x00002ff0       0x2c c:/nxp/lpcxpresso_8.2.2_650/lpcxpresso/tools/bin/../lib/gcc/arm-none-eabi/5.4.1/../../../../arm-none-eabi/lib/armv7-m\libc.a(lib_a-fflush.o)
                0x00002ff0                _fflush_r
 .text.fflush   0x0000301c       0x24 c:/nxp/lpcxpresso_8.2.2_650/lpcxpresso/tools/bin/../lib/gcc/arm-none-eabi/5.4.1/../../../../arm-none-eabi/lib/armv7-m\libc.a(lib_a-fflush.o)
                0x0000301c                fflush
 .text._cleanup_r
                0x00003040        0xc c:/nxp/lpcxpresso_8.2.2_650/lpcxpresso/tools/bin/../lib/gcc/arm-none-eabi/5.4.1/../../../../arm-none-eabi/lib/armv7-m\libc.a(lib_a-findfp.o)
                0x00003040                _cleanup_r
 .text.__sinit.part.1
                0x0000304c       0xf0 c:/nxp/lpcxpresso_8.2.2_650/lpcxpresso/tools/bin/../lib/gcc/arm-none-eabi/5.4.1/../../../../arm-none-eabi/lib/armv7-m\libc.a(lib_a-findfp.o)
 .text.__sfmoreglue
                0x0000313c       0x30 c:/nxp/lpcxpresso_8.2.2_650/lpcxpresso/tools/bin/../lib/gcc/arm-none-eabi/5.4.1/../../../../arm-none-eabi/lib/armv7-m\libc.a(lib_a-findfp.o)
                0x0000313c                __sfmoreglue
 .text.__sfp    0x0000316c       0x88 c:/nxp/lpcxpresso_8.2.2_650/lpcxpresso/tools/bin/../lib/gcc/arm-none-eabi/5.4.1/../../../../arm-none-eabi/lib/armv7-m\libc.a(lib_a-findfp.o)
                0x0000316c                __sfp
 .text.__sinit  0x000031f4        0xc c:/nxp/lpcxpresso_8.2.2_650/lpcxpresso/tools/bin/../lib/gcc/arm-none-eabi/5.4.1/../../../../arm-none-eabi/lib/armv7-m\libc.a(lib_a-findfp.o)
                0x000031f4                __sinit
 .text.__sfp_lock_acquire
                0x00003200        0x4 c:/nxp/lpcxpresso_8.2.2_650/lpcxpresso/tools/bin/../lib/gcc/arm-none-eabi/5.4.1/../../../../arm-none-eabi/lib/armv7-m\libc.a(lib_a-findfp.o)
                0x00003200                __sfp_lock_acquire
 .text.__sfp_lock_release
                0x00003204        0x4 c:/nxp/lpcxpresso_8.2.2_650/lpcxpresso/tools/bin/../lib/gcc/arm-none-eabi/5.4.1/../../../../arm-none-eabi/lib/armv7-m\libc.a(lib_a-findfp.o)
                0x00003204                __sfp_lock_release
 .text._fopen_r
                0x00003208       0x8c c:/nxp/lpcxpresso_8.2.2_650/lpcxpresso/tools/bin/../lib/gcc/arm-none-eabi/5.4.1/../../../../arm-none-eabi/lib/armv7-m\libc.a(lib_a-fopen.o)
                0x00003208                _fopen_r
 .text.fopen    0x00003294       0x10 c:/nxp/lpcxpresso_8.2.2_650/lpcxpresso/tools/bin/../lib/gcc/arm-none-eabi/5.4.1/../../../../arm-none-eabi/lib/armv7-m\libc.a(lib_a-fopen.o)
                0x00003294                fopen
 .text.fprintf  0x000032a4       0x28 c:/nxp/lpcxpresso_8.2.2_650/lpcxpresso/tools/bin/../lib/gcc/arm-none-eabi/5.4.1/../../../../arm-none-eabi/lib/armv7-m\libc.a(lib_a-fprintf.o)
                0x000032a4                fprintf
 .text._malloc_trim_r
                0x000032cc       0x9c c:/nxp/lpcxpresso_8.2.2_650/lpcxpresso/tools/bin/../lib/gcc/arm-none-eabi/5.4.1/../../../../arm-none-eabi/lib/armv7-m\libc.a(lib_a-freer.o)
                0x000032cc                _malloc_trim_r
 .text._free_r  0x00003368      0x1d0 c:/nxp/lpcxpresso_8.2.2_650/lpcxpresso/tools/bin/../lib/gcc/arm-none-eabi/5.4.1/../../../../arm-none-eabi/lib/armv7-m\libc.a(lib_a-freer.o)
                0x00003368                _free_r
 .text._fseek_r
                0x00003538        0x4 c:/nxp/lpcxpresso_8.2.2_650/lpcxpresso/tools/bin/../lib/gcc/arm-none-eabi/5.4.1/../../../../arm-none-eabi/lib/armv7-m\libc.a(lib_a-fseek.o)
                0x00003538                _fseek_r
 .text._fseeko_r
                0x0000353c      0x2c4 c:/nxp/lpcxpresso_8.2.2_650/lpcxpresso/tools/bin/../lib/gcc/arm-none-eabi/5.4.1/../../../../arm-none-eabi/lib/armv7-m\libc.a(lib_a-fseeko.o)
                0x0000353c                _fseeko_r
 .text._fstat_r
                0x00003800       0x28 c:/nxp/lpcxpresso_8.2.2_650/lpcxpresso/tools/bin/../lib/gcc/arm-none-eabi/5.4.1/../../../../arm-none-eabi/lib/armv7-m\libc.a(lib_a-fstatr.o)
                0x00003800                _fstat_r
 .text.__sfvwrite_r
                0x00003828      0x308 c:/nxp/lpcxpresso_8.2.2_650/lpcxpresso/tools/bin/../lib/gcc/arm-none-eabi/5.4.1/../../../../arm-none-eabi/lib/armv7-m\libc.a(lib_a-fvwrite.o)
                0x00003828                __sfvwrite_r
 .text._fwalk   0x00003b30       0x48 c:/nxp/lpcxpresso_8.2.2_650/lpcxpresso/tools/bin/../lib/gcc/arm-none-eabi/5.4.1/../../../../arm-none-eabi/lib/armv7-m\libc.a(lib_a-fwalk.o)
                0x00003b30                _fwalk
 .text._fwalk_reent
                0x00003b78       0x50 c:/nxp/lpcxpresso_8.2.2_650/lpcxpresso/tools/bin/../lib/gcc/arm-none-eabi/5.4.1/../../../../arm-none-eabi/lib/armv7-m\libc.a(lib_a-fwalk.o)
                0x00003b78                _fwalk_reent
 .text.__libc_init_array
                0x00003bc8       0x50 c:/nxp/lpcxpresso_8.2.2_650/lpcxpresso/tools/bin/../lib/gcc/arm-none-eabi/5.4.1/../../../../arm-none-eabi/lib/armv7-m\libc.a(lib_a-init.o)
                0x00003bc8                __libc_init_array
 .text.__swhatbuf_r
                0x00003c18       0x60 c:/nxp/lpcxpresso_8.2.2_650/lpcxpresso/tools/bin/../lib/gcc/arm-none-eabi/5.4.1/../../../../arm-none-eabi/lib/armv7-m\libc.a(lib_a-makebuf.o)
                0x00003c18                __swhatbuf_r
 .text.__smakebuf_r
                0x00003c78       0x88 c:/nxp/lpcxpresso_8.2.2_650/lpcxpresso/tools/bin/../lib/gcc/arm-none-eabi/5.4.1/../../../../arm-none-eabi/lib/armv7-m\libc.a(lib_a-makebuf.o)
                0x00003c78                __smakebuf_r
 .text.malloc   0x00003d00       0x10 c:/nxp/lpcxpresso_8.2.2_650/lpcxpresso/tools/bin/../lib/gcc/arm-none-eabi/5.4.1/../../../../arm-none-eabi/lib/armv7-m\libc.a(lib_a-malloc.o)
                0x00003d00                malloc
 .text.free     0x00003d10       0x10 c:/nxp/lpcxpresso_8.2.2_650/lpcxpresso/tools/bin/../lib/gcc/arm-none-eabi/5.4.1/../../../../arm-none-eabi/lib/armv7-m\libc.a(lib_a-malloc.o)
                0x00003d10                free
 .text._malloc_r
                0x00003d20      0x558 c:/nxp/lpcxpresso_8.2.2_650/lpcxpresso/tools/bin/../lib/gcc/arm-none-eabi/5.4.1/../../../../arm-none-eabi/lib/armv7-m\libc.a(lib_a-mallocr.o)
                0x00003d20                _malloc_r
 .text.memchr   0x00004278       0x8c c:/nxp/lpcxpresso_8.2.2_650/lpcxpresso/tools/bin/../lib/gcc/arm-none-eabi/5.4.1/../../../../arm-none-eabi/lib/armv7-m\libc.a(lib_a-memchr-stub.o)
                0x00004278                memchr
 .text          0x00004304       0xec c:/nxp/lpcxpresso_8.2.2_650/lpcxpresso/tools/bin/../lib/gcc/arm-none-eabi/5.4.1/../../../../arm-none-eabi/lib/armv7-m\libc.a(lib_a-memcpy.o)
                0x00004304                memcpy
 .text.memmove  0x000043f0       0xc8 c:/nxp/lpcxpresso_8.2.2_650/lpcxpresso/tools/bin/../lib/gcc/arm-none-eabi/5.4.1/../../../../arm-none-eabi/lib/armv7-m\libc.a(lib_a-memmove.o)
                0x000043f0                memmove
 .text.memset   0x000044b8       0x9c c:/nxp/lpcxpresso_8.2.2_650/lpcxpresso/tools/bin/../lib/gcc/arm-none-eabi/5.4.1/../../../../arm-none-eabi/lib/armv7-m\libc.a(lib_a-memset.o)
                0x000044b8                memset
 .text.__malloc_lock
                0x00004554        0x4 c:/nxp/lpcxpresso_8.2.2_650/lpcxpresso/tools/bin/../lib/gcc/arm-none-eabi/5.4.1/../../../../arm-none-eabi/lib/armv7-m\libc.a(lib_a-mlock.o)
                0x00004554                __malloc_lock
 .text.__malloc_unlock
                0x00004558        0x4 c:/nxp/lpcxpresso_8.2.2_650/lpcxpresso/tools/bin/../lib/gcc/arm-none-eabi/5.4.1/../../../../arm-none-eabi/lib/armv7-m\libc.a(lib_a-mlock.o)
                0x00004558                __malloc_unlock
 .text._open_r  0x0000455c       0x2c c:/nxp/lpcxpresso_8.2.2_650/lpcxpresso/tools/bin/../lib/gcc/arm-none-eabi/5.4.1/../../../../arm-none-eabi/lib/armv7-m\libc.a(lib_a-openr.o)
                0x0000455c                _open_r
 .text._realloc_r
                0x00004588      0x3d4 c:/nxp/lpcxpresso_8.2.2_650/lpcxpresso/tools/bin/../lib/gcc/arm-none-eabi/5.4.1/../../../../arm-none-eabi/lib/armv7-m\libc.a(lib_a-reallocr.o)
                0x00004588                _realloc_r
 .text.lflush   0x0000495c       0x14 c:/nxp/lpcxpresso_8.2.2_650/lpcxpresso/tools/bin/../lib/gcc/arm-none-eabi/5.4.1/../../../../arm-none-eabi/lib/armv7-m\libc.a(lib_a-refill.o)
 .text.__srefill_r
                0x00004970      0x114 c:/nxp/lpcxpresso_8.2.2_650/lpcxpresso/tools/bin/../lib/gcc/arm-none-eabi/5.4.1/../../../../arm-none-eabi/lib/armv7-m\libc.a(lib_a-refill.o)
                0x00004970                __srefill_r
 .text._sbrk_r  0x00004a84       0x24 c:/nxp/lpcxpresso_8.2.2_650/lpcxpresso/tools/bin/../lib/gcc/arm-none-eabi/5.4.1/../../../../arm-none-eabi/lib/armv7-m\libc.a(lib_a-sbrkr.o)
                0x00004a84                _sbrk_r
 .text.setbuf   0x00004aa8       0x10 c:/nxp/lpcxpresso_8.2.2_650/lpcxpresso/tools/bin/../lib/gcc/arm-none-eabi/5.4.1/../../../../arm-none-eabi/lib/armv7-m\libc.a(lib_a-setbuf.o)
                0x00004aa8                setbuf
 .text.setvbuf  0x00004ab8      0x150 c:/nxp/lpcxpresso_8.2.2_650/lpcxpresso/tools/bin/../lib/gcc/arm-none-eabi/5.4.1/../../../../arm-none-eabi/lib/armv7-m\libc.a(lib_a-setvbuf.o)
                0x00004ab8                setvbuf
 .text.sprintf  0x00004c08       0x4c c:/nxp/lpcxpresso_8.2.2_650/lpcxpresso/tools/bin/../lib/gcc/arm-none-eabi/5.4.1/../../../../arm-none-eabi/lib/armv7-m\libc.a(lib_a-sprintf.o)
                0x00004c08                sprintf
 .text.sscanf   0x00004c54       0x58 c:/nxp/lpcxpresso_8.2.2_650/lpcxpresso/tools/bin/../lib/gcc/arm-none-eabi/5.4.1/../../../../arm-none-eabi/lib/armv7-m\libc.a(lib_a-sscanf.o)
                0x00004c54                sscanf
 .text.__sread  0x00004cac       0x24 c:/nxp/lpcxpresso_8.2.2_650/lpcxpresso/tools/bin/../lib/gcc/arm-none-eabi/5.4.1/../../../../arm-none-eabi/lib/armv7-m\libc.a(lib_a-stdio.o)
                0x00004cac                __sread
 .text.__seofread
                0x00004cd0        0x4 c:/nxp/lpcxpresso_8.2.2_650/lpcxpresso/tools/bin/../lib/gcc/arm-none-eabi/5.4.1/../../../../arm-none-eabi/lib/armv7-m\libc.a(lib_a-stdio.o)
                0x00004cd0                __seofread
 .text.__swrite
                0x00004cd4       0x3c c:/nxp/lpcxpresso_8.2.2_650/lpcxpresso/tools/bin/../lib/gcc/arm-none-eabi/5.4.1/../../../../arm-none-eabi/lib/armv7-m\libc.a(lib_a-stdio.o)
                0x00004cd4                __swrite
 .text.__sseek  0x00004d10       0x20 c:/nxp/lpcxpresso_8.2.2_650/lpcxpresso/tools/bin/../lib/gcc/arm-none-eabi/5.4.1/../../../../arm-none-eabi/lib/armv7-m\libc.a(lib_a-stdio.o)
                0x00004d10                __sseek
 .text.__sclose
                0x00004d30        0x8 c:/nxp/lpcxpresso_8.2.2_650/lpcxpresso/tools/bin/../lib/gcc/arm-none-eabi/5.4.1/../../../../arm-none-eabi/lib/armv7-m\libc.a(lib_a-stdio.o)
                0x00004d30                __sclose
 .text          0x00004d38      0x1bc c:/nxp/lpcxpresso_8.2.2_650/lpcxpresso/tools/bin/../lib/gcc/arm-none-eabi/5.4.1/../../../../arm-none-eabi/lib/armv7-m\libc.a(lib_a-strcmp.o)
                0x00004d38                strcmp
 .text.strlen   0x00004ef4       0x5c c:/nxp/lpcxpresso_8.2.2_650/lpcxpresso/tools/bin/../lib/gcc/arm-none-eabi/5.4.1/../../../../arm-none-eabi/lib/armv7-m\libc.a(lib_a-strlen-stub.o)
                0x00004ef4                strlen
 .text.strncmp  0x00004f50       0x9c c:/nxp/lpcxpresso_8.2.2_650/lpcxpresso/tools/bin/../lib/gcc/arm-none-eabi/5.4.1/../../../../arm-none-eabi/lib/armv7-m\libc.a(lib_a-strncmp.o)
                0x00004f50                strncmp
 .text._svfprintf_r
                0x00004fec     0x175c c:/nxp/lpcxpresso_8.2.2_650/lpcxpresso/tools/bin/../lib/gcc/arm-none-eabi/5.4.1/../../../../arm-none-eabi/lib/armv7-m\libc.a(lib_a-svfprintf.o)
                0x00004fec                _svfprintf_r
 .text.__ssvfscanf_r
                0x00006748      0xeac c:/nxp/lpcxpresso_8.2.2_650/lpcxpresso/tools/bin/../lib/gcc/arm-none-eabi/5.4.1/../../../../arm-none-eabi/lib/armv7-m\libc.a(lib_a-svfscanf.o)
                0x00006748                __ssvfscanf_r
 .text._vfprintf_r
                0x000075f4     0x1788 c:/nxp/lpcxpresso_8.2.2_650/lpcxpresso/tools/bin/../lib/gcc/arm-none-eabi/5.4.1/../../../../arm-none-eabi/lib/armv7-m\libc.a(lib_a-vfprintf.o)
                0x000075f4                _vfprintf_r
 .text.vfprintf
                0x00008d7c       0x18 c:/nxp/lpcxpresso_8.2.2_650/lpcxpresso/tools/bin/../lib/gcc/arm-none-eabi/5.4.1/../../../../arm-none-eabi/lib/armv7-m\libc.a(lib_a-vfprintf.o)
                0x00008d7c                vfprintf
 .text.__sbprintf
                0x00008d94       0x6c c:/nxp/lpcxpresso_8.2.2_650/lpcxpresso/tools/bin/../lib/gcc/arm-none-eabi/5.4.1/../../../../arm-none-eabi/lib/armv7-m\libc.a(lib_a-vfprintf.o)
 .text.__swbuf_r
                0x00008e00       0xac c:/nxp/lpcxpresso_8.2.2_650/lpcxpresso/tools/bin/../lib/gcc/arm-none-eabi/5.4.1/../../../../arm-none-eabi/lib/armv7-m\libc.a(lib_a-wbuf.o)
                0x00008e00                __swbuf_r
 .text._write_r
                0x00008eac       0x2c c:/nxp/lpcxpresso_8.2.2_650/lpcxpresso/tools/bin/../lib/gcc/arm-none-eabi/5.4.1/../../../../arm-none-eabi/lib/armv7-m\libc.a(lib_a-writer.o)
                0x00008eac                _write_r
 .text.__swsetup_r
                0x00008ed8       0xc8 c:/nxp/lpcxpresso_8.2.2_650/lpcxpresso/tools/bin/../lib/gcc/arm-none-eabi/5.4.1/../../../../arm-none-eabi/lib/armv7-m\libc.a(lib_a-wsetup.o)
                0x00008ed8                __swsetup_r
 .text._close_r
                0x00008fa0       0x24 c:/nxp/lpcxpresso_8.2.2_650/lpcxpresso/tools/bin/../lib/gcc/arm-none-eabi/5.4.1/../../../../arm-none-eabi/lib/armv7-m\libc.a(lib_a-closer.o)
                0x00008fa0                _close_r
 .text.quorem   0x00008fc4      0x12c c:/nxp/lpcxpresso_8.2.2_650/lpcxpresso/tools/bin/../lib/gcc/arm-none-eabi/5.4.1/../../../../arm-none-eabi/lib/armv7-m\libc.a(lib_a-dtoa.o)
 .text._dtoa_r  0x000090f0      0xe4c c:/nxp/lpcxpresso_8.2.2_650/lpcxpresso/tools/bin/../lib/gcc/arm-none-eabi/5.4.1/../../../../arm-none-eabi/lib/armv7-m\libc.a(lib_a-dtoa.o)
                0x000090f0                _dtoa_r
 .text.__sflags
                0x00009f3c       0x74 c:/nxp/lpcxpresso_8.2.2_650/lpcxpresso/tools/bin/../lib/gcc/arm-none-eabi/5.4.1/../../../../arm-none-eabi/lib/armv7-m\libc.a(lib_a-flags.o)
                0x00009f3c                __sflags
 .text._isatty_r
                0x00009fb0       0x24 c:/nxp/lpcxpresso_8.2.2_650/lpcxpresso/tools/bin/../lib/gcc/arm-none-eabi/5.4.1/../../../../arm-none-eabi/lib/armv7-m\libc.a(lib_a-isattyr.o)
                0x00009fb0                _isatty_r
 .text.iswspace
                0x00009fd4       0x1c c:/nxp/lpcxpresso_8.2.2_650/lpcxpresso/tools/bin/../lib/gcc/arm-none-eabi/5.4.1/../../../../arm-none-eabi/lib/armv7-m\libc.a(lib_a-iswspace.o)
                0x00009fd4                iswspace
 .text.__locale_charset
                0x00009ff0        0x8 c:/nxp/lpcxpresso_8.2.2_650/lpcxpresso/tools/bin/../lib/gcc/arm-none-eabi/5.4.1/../../../../arm-none-eabi/lib/armv7-m\libc.a(lib_a-locale.o)
                0x00009ff0                __locale_charset
 .text.__locale_mb_cur_max
                0x00009ff8        0xc c:/nxp/lpcxpresso_8.2.2_650/lpcxpresso/tools/bin/../lib/gcc/arm-none-eabi/5.4.1/../../../../arm-none-eabi/lib/armv7-m\libc.a(lib_a-locale.o)
                0x00009ff8                __locale_mb_cur_max
 .text._localeconv_r
                0x0000a004        0x8 c:/nxp/lpcxpresso_8.2.2_650/lpcxpresso/tools/bin/../lib/gcc/arm-none-eabi/5.4.1/../../../../arm-none-eabi/lib/armv7-m\libc.a(lib_a-locale.o)
                0x0000a004                _localeconv_r
 .text._lseek_r
                0x0000a00c       0x2c c:/nxp/lpcxpresso_8.2.2_650/lpcxpresso/tools/bin/../lib/gcc/arm-none-eabi/5.4.1/../../../../arm-none-eabi/lib/armv7-m\libc.a(lib_a-lseekr.o)
                0x0000a00c                _lseek_r
 .text._mbrtowc_r
                0x0000a038       0x5c c:/nxp/lpcxpresso_8.2.2_650/lpcxpresso/tools/bin/../lib/gcc/arm-none-eabi/5.4.1/../../../../arm-none-eabi/lib/armv7-m\libc.a(lib_a-mbrtowc.o)
                0x0000a038                _mbrtowc_r
 .text.__ascii_mbtowc
                0x0000a094       0x2c c:/nxp/lpcxpresso_8.2.2_650/lpcxpresso/tools/bin/../lib/gcc/arm-none-eabi/5.4.1/../../../../arm-none-eabi/lib/armv7-m\libc.a(lib_a-mbtowc_r.o)
                0x0000a094                __ascii_mbtowc
 .text._Balloc  0x0000a0c0       0x50 c:/nxp/lpcxpresso_8.2.2_650/lpcxpresso/tools/bin/../lib/gcc/arm-none-eabi/5.4.1/../../../../arm-none-eabi/lib/armv7-m\libc.a(lib_a-mprec.o)
                0x0000a0c0                _Balloc
 .text._Bfree   0x0000a110       0x14 c:/nxp/lpcxpresso_8.2.2_650/lpcxpresso/tools/bin/../lib/gcc/arm-none-eabi/5.4.1/../../../../arm-none-eabi/lib/armv7-m\libc.a(lib_a-mprec.o)
                0x0000a110                _Bfree
 .text.__multadd
                0x0000a124       0x80 c:/nxp/lpcxpresso_8.2.2_650/lpcxpresso/tools/bin/../lib/gcc/arm-none-eabi/5.4.1/../../../../arm-none-eabi/lib/armv7-m\libc.a(lib_a-mprec.o)
                0x0000a124                __multadd
 .text.__s2b    0x0000a1a4       0x98 c:/nxp/lpcxpresso_8.2.2_650/lpcxpresso/tools/bin/../lib/gcc/arm-none-eabi/5.4.1/../../../../arm-none-eabi/lib/armv7-m\libc.a(lib_a-mprec.o)
                0x0000a1a4                __s2b
 .text.__hi0bits
                0x0000a23c       0x40 c:/nxp/lpcxpresso_8.2.2_650/lpcxpresso/tools/bin/../lib/gcc/arm-none-eabi/5.4.1/../../../../arm-none-eabi/lib/armv7-m\libc.a(lib_a-mprec.o)
                0x0000a23c                __hi0bits
 .text.__lo0bits
                0x0000a27c       0x5c c:/nxp/lpcxpresso_8.2.2_650/lpcxpresso/tools/bin/../lib/gcc/arm-none-eabi/5.4.1/../../../../arm-none-eabi/lib/armv7-m\libc.a(lib_a-mprec.o)
                0x0000a27c                __lo0bits
 .text.__i2b    0x0000a2d8       0x14 c:/nxp/lpcxpresso_8.2.2_650/lpcxpresso/tools/bin/../lib/gcc/arm-none-eabi/5.4.1/../../../../arm-none-eabi/lib/armv7-m\libc.a(lib_a-mprec.o)
                0x0000a2d8                __i2b
 .text.__multiply
                0x0000a2ec      0x13c c:/nxp/lpcxpresso_8.2.2_650/lpcxpresso/tools/bin/../lib/gcc/arm-none-eabi/5.4.1/../../../../arm-none-eabi/lib/armv7-m\libc.a(lib_a-mprec.o)
                0x0000a2ec                __multiply
 .text.__pow5mult
                0x0000a428       0xa0 c:/nxp/lpcxpresso_8.2.2_650/lpcxpresso/tools/bin/../lib/gcc/arm-none-eabi/5.4.1/../../../../arm-none-eabi/lib/armv7-m\libc.a(lib_a-mprec.o)
                0x0000a428                __pow5mult
 .text.__lshift
                0x0000a4c8       0xac c:/nxp/lpcxpresso_8.2.2_650/lpcxpresso/tools/bin/../lib/gcc/arm-none-eabi/5.4.1/../../../../arm-none-eabi/lib/armv7-m\libc.a(lib_a-mprec.o)
                0x0000a4c8                __lshift
 .text.__mcmp   0x0000a574       0x40 c:/nxp/lpcxpresso_8.2.2_650/lpcxpresso/tools/bin/../lib/gcc/arm-none-eabi/5.4.1/../../../../arm-none-eabi/lib/armv7-m\libc.a(lib_a-mprec.o)
                0x0000a574                __mcmp
 .text.__mdiff  0x0000a5b4      0x128 c:/nxp/lpcxpresso_8.2.2_650/lpcxpresso/tools/bin/../lib/gcc/arm-none-eabi/5.4.1/../../../../arm-none-eabi/lib/armv7-m\libc.a(lib_a-mprec.o)
                0x0000a5b4                __mdiff
 .text.__ulp    0x0000a6dc       0x44 c:/nxp/lpcxpresso_8.2.2_650/lpcxpresso/tools/bin/../lib/gcc/arm-none-eabi/5.4.1/../../../../arm-none-eabi/lib/armv7-m\libc.a(lib_a-mprec.o)
                0x0000a6dc                __ulp
 .text.__b2d    0x0000a720       0xd4 c:/nxp/lpcxpresso_8.2.2_650/lpcxpresso/tools/bin/../lib/gcc/arm-none-eabi/5.4.1/../../../../arm-none-eabi/lib/armv7-m\libc.a(lib_a-mprec.o)
                0x0000a720                __b2d
 .text.__d2b    0x0000a7f4       0xa8 c:/nxp/lpcxpresso_8.2.2_650/lpcxpresso/tools/bin/../lib/gcc/arm-none-eabi/5.4.1/../../../../arm-none-eabi/lib/armv7-m\libc.a(lib_a-mprec.o)
                0x0000a7f4                __d2b
 .text.__ratio  0x0000a89c       0x54 c:/nxp/lpcxpresso_8.2.2_650/lpcxpresso/tools/bin/../lib/gcc/arm-none-eabi/5.4.1/../../../../arm-none-eabi/lib/armv7-m\libc.a(lib_a-mprec.o)
                0x0000a89c                __ratio
 .text.__copybits
                0x0000a8f0       0x48 c:/nxp/lpcxpresso_8.2.2_650/lpcxpresso/tools/bin/../lib/gcc/arm-none-eabi/5.4.1/../../../../arm-none-eabi/lib/armv7-m\libc.a(lib_a-mprec.o)
                0x0000a8f0                __copybits
 .text.__any_on
                0x0000a938       0x5c c:/nxp/lpcxpresso_8.2.2_650/lpcxpresso/tools/bin/../lib/gcc/arm-none-eabi/5.4.1/../../../../arm-none-eabi/lib/armv7-m\libc.a(lib_a-mprec.o)
                0x0000a938                __any_on
 .text._read_r  0x0000a994       0x2c c:/nxp/lpcxpresso_8.2.2_650/lpcxpresso/tools/bin/../lib/gcc/arm-none-eabi/5.4.1/../../../../arm-none-eabi/lib/armv7-m\libc.a(lib_a-readr.o)
                0x0000a994                _read_r
 .text.__sccl   0x0000a9c0       0x74 c:/nxp/lpcxpresso_8.2.2_650/lpcxpresso/tools/bin/../lib/gcc/arm-none-eabi/5.4.1/../../../../arm-none-eabi/lib/armv7-m\libc.a(lib_a-sccl.o)
                0x0000a9c0                __sccl
 .text.nanf     0x0000aa34        0x8 c:/nxp/lpcxpresso_8.2.2_650/lpcxpresso/tools/bin/../lib/gcc/arm-none-eabi/5.4.1/../../../../arm-none-eabi/lib/armv7-m\libc.a(lib_a-sf_nan.o)
                0x0000aa34                nanf
 .text.sulp     0x0000aa3c       0x44 c:/nxp/lpcxpresso_8.2.2_650/lpcxpresso/tools/bin/../lib/gcc/arm-none-eabi/5.4.1/../../../../arm-none-eabi/lib/armv7-m\libc.a(lib_a-strtod.o)
 .text._strtod_r
                0x0000aa80      0xecc c:/nxp/lpcxpresso_8.2.2_650/lpcxpresso/tools/bin/../lib/gcc/arm-none-eabi/5.4.1/../../../../arm-none-eabi/lib/armv7-m\libc.a(lib_a-strtod.o)
                0x0000aa80                _strtod_r
 .text._strtol_r
                0x0000b94c      0x128 c:/nxp/lpcxpresso_8.2.2_650/lpcxpresso/tools/bin/../lib/gcc/arm-none-eabi/5.4.1/../../../../arm-none-eabi/lib/armv7-m\libc.a(lib_a-strtol.o)
                0x0000b94c                _strtol_r
 .text._strtoll_r
                0x0000ba74      0x1b4 c:/nxp/lpcxpresso_8.2.2_650/lpcxpresso/tools/bin/../lib/gcc/arm-none-eabi/5.4.1/../../../../arm-none-eabi/lib/armv7-m\libc.a(lib_a-strtoll_r.o)
                0x0000ba74                _strtoll_r
 .text._strtoul_r
                0x0000bc28      0x134 c:/nxp/lpcxpresso_8.2.2_650/lpcxpresso/tools/bin/../lib/gcc/arm-none-eabi/5.4.1/../../../../arm-none-eabi/lib/armv7-m\libc.a(lib_a-strtoul.o)
                0x0000bc28                _strtoul_r
 .text._strtoull_r
                0x0000bd5c      0x1c8 c:/nxp/lpcxpresso_8.2.2_650/lpcxpresso/tools/bin/../lib/gcc/arm-none-eabi/5.4.1/../../../../arm-none-eabi/lib/armv7-m\libc.a(lib_a-strtoull_r.o)
                0x0000bd5c                _strtoull_r
 .text.__ssprint_r
                0x0000bf24      0x100 c:/nxp/lpcxpresso_8.2.2_650/lpcxpresso/tools/bin/../lib/gcc/arm-none-eabi/5.4.1/../../../../arm-none-eabi/lib/armv7-m\libc.a(lib_a-svfiprintf.o)
                0x0000bf24                __ssprint_r
 .text._sungetc_r
                0x0000c024       0x8c c:/nxp/lpcxpresso_8.2.2_650/lpcxpresso/tools/bin/../lib/gcc/arm-none-eabi/5.4.1/../../../../arm-none-eabi/lib/armv7-m\libc.a(lib_a-svfiscanf.o)
                0x0000c024                _sungetc_r
 .text.__ssrefill_r
                0x0000c0b0       0x3c c:/nxp/lpcxpresso_8.2.2_650/lpcxpresso/tools/bin/../lib/gcc/arm-none-eabi/5.4.1/../../../../arm-none-eabi/lib/armv7-m\libc.a(lib_a-svfiscanf.o)
                0x0000c0b0                __ssrefill_r
 .text._sfread_r
                0x0000c0ec       0x84 c:/nxp/lpcxpresso_8.2.2_650/lpcxpresso/tools/bin/../lib/gcc/arm-none-eabi/5.4.1/../../../../arm-none-eabi/lib/armv7-m\libc.a(lib_a-svfiscanf.o)
                0x0000c0ec                _sfread_r
 .text.__submore
                0x0000c170       0x7c c:/nxp/lpcxpresso_8.2.2_650/lpcxpresso/tools/bin/../lib/gcc/arm-none-eabi/5.4.1/../../../../arm-none-eabi/lib/armv7-m\libc.a(lib_a-ungetc.o)
                0x0000c170                __submore
 .text.__sprint_r.part.0
                0x0000c1ec       0x78 c:/nxp/lpcxpresso_8.2.2_650/lpcxpresso/tools/bin/../lib/gcc/arm-none-eabi/5.4.1/../../../../arm-none-eabi/lib/armv7-m\libc.a(lib_a-vfiprintf.o)
 .text.__sprint_r
                0x0000c264       0x14 c:/nxp/lpcxpresso_8.2.2_650/lpcxpresso/tools/bin/../lib/gcc/arm-none-eabi/5.4.1/../../../../arm-none-eabi/lib/armv7-m\libc.a(lib_a-vfiprintf.o)
                0x0000c264                __sprint_r
 .text._calloc_r
                0x0000c278       0x60 c:/nxp/lpcxpresso_8.2.2_650/lpcxpresso/tools/bin/../lib/gcc/arm-none-eabi/5.4.1/../../../../arm-none-eabi/lib/armv7-m\libc.a(lib_a-callocr.o)
                0x0000c278                _calloc_r
 .text.__fputwc
                0x0000c2d8       0x94 c:/nxp/lpcxpresso_8.2.2_650/lpcxpresso/tools/bin/../lib/gcc/arm-none-eabi/5.4.1/../../../../arm-none-eabi/lib/armv7-m\libc.a(lib_a-fputwc.o)
                0x0000c2d8                __fputwc
 .text._fputwc_r
                0x0000c36c       0x24 c:/nxp/lpcxpresso_8.2.2_650/lpcxpresso/tools/bin/../lib/gcc/arm-none-eabi/5.4.1/../../../../arm-none-eabi/lib/armv7-m\libc.a(lib_a-fputwc.o)
                0x0000c36c                _fputwc_r
 .text.rshift   0x0000c390       0xa8 c:/nxp/lpcxpresso_8.2.2_650/lpcxpresso/tools/bin/../lib/gcc/arm-none-eabi/5.4.1/../../../../arm-none-eabi/lib/armv7-m\libc.a(lib_a-gdtoa-gethex.o)
 .text.__gethex
                0x0000c438      0x50c c:/nxp/lpcxpresso_8.2.2_650/lpcxpresso/tools/bin/../lib/gcc/arm-none-eabi/5.4.1/../../../../arm-none-eabi/lib/armv7-m\libc.a(lib_a-gdtoa-gethex.o)
                0x0000c438                __gethex
 .text.__match  0x0000c944       0x30 c:/nxp/lpcxpresso_8.2.2_650/lpcxpresso/tools/bin/../lib/gcc/arm-none-eabi/5.4.1/../../../../arm-none-eabi/lib/armv7-m\libc.a(lib_a-gdtoa-hexnan.o)
                0x0000c944                __match
 .text.__hexnan
                0x0000c974      0x180 c:/nxp/lpcxpresso_8.2.2_650/lpcxpresso/tools/bin/../lib/gcc/arm-none-eabi/5.4.1/../../../../arm-none-eabi/lib/armv7-m\libc.a(lib_a-gdtoa-hexnan.o)
                0x0000c974                __hexnan
 .text._wcrtomb_r
                0x0000caf4       0x54 c:/nxp/lpcxpresso_8.2.2_650/lpcxpresso/tools/bin/../lib/gcc/arm-none-eabi/5.4.1/../../../../arm-none-eabi/lib/armv7-m\libc.a(lib_a-wcrtomb.o)
                0x0000caf4                _wcrtomb_r
 .text.__ascii_wctomb
                0x0000cb48       0x1c c:/nxp/lpcxpresso_8.2.2_650/lpcxpresso/tools/bin/../lib/gcc/arm-none-eabi/5.4.1/../../../../arm-none-eabi/lib/armv7-m\libc.a(lib_a-wctomb_r.o)
                0x0000cb48                __ascii_wctomb
 .text._ZN10__cxxabiv120__si_class_type_infoD2Ev
                0x0000cb64       0x14 c:/nxp/lpcxpresso_8.2.2_650/lpcxpresso/tools/bin/../lib/gcc/arm-none-eabi/5.4.1/../../../../arm-none-eabi/lib/armv7-m\libstdc++.a(si_class_type_info.o)
                0x0000cb64                __cxxabiv1::__si_class_type_info::~__si_class_type_info()
                0x0000cb64                __cxxabiv1::__si_class_type_info::~__si_class_type_info()
 .text._ZN10__cxxabiv120__si_class_type_infoD0Ev
                0x0000cb78       0x1c c:/nxp/lpcxpresso_8.2.2_650/lpcxpresso/tools/bin/../lib/gcc/arm-none-eabi/5.4.1/../../../../arm-none-eabi/lib/armv7-m\libstdc++.a(si_class_type_info.o)
                0x0000cb78                __cxxabiv1::__si_class_type_info::~__si_class_type_info()
 .text._ZNK10__cxxabiv120__si_class_type_info12__do_dyncastEiNS_17__class_type_info10__sub_kindEPKS1_PKvS4_S6_RNS1_16__dyncast_resultE
                0x0000cb94       0x98 c:/nxp/lpcxpresso_8.2.2_650/lpcxpresso/tools/bin/../lib/gcc/arm-none-eabi/5.4.1/../../../../arm-none-eabi/lib/armv7-m\libstdc++.a(si_class_type_info.o)
                0x0000cb94                __cxxabiv1::__si_class_type_info::__do_dyncast(int, __cxxabiv1::__class_type_info::__sub_kind, __cxxabiv1::__class_type_info const*, void const*, __cxxabiv1::__class_type_info const*, void const*, __cxxabiv1::__class_type_info::__dyncast_result&) const
 .text._ZNK10__cxxabiv120__si_class_type_info20__do_find_public_srcEiPKvPKNS_17__class_type_infoES2_
                0x0000cc2c       0x3c c:/nxp/lpcxpresso_8.2.2_650/lpcxpresso/tools/bin/../lib/gcc/arm-none-eabi/5.4.1/../../../../arm-none-eabi/lib/armv7-m\libstdc++.a(si_class_type_info.o)
                0x0000cc2c                __cxxabiv1::__si_class_type_info::__do_find_public_src(int, void const*, __cxxabiv1::__class_type_info const*, void const*) const
 .text._ZNK10__cxxabiv120__si_class_type_info11__do_upcastEPKNS_17__class_type_infoEPKvRNS1_15__upcast_resultE
                0x0000cc68       0x2c c:/nxp/lpcxpresso_8.2.2_650/lpcxpresso/tools/bin/../lib/gcc/arm-none-eabi/5.4.1/../../../../arm-none-eabi/lib/armv7-m\libstdc++.a(si_class_type_info.o)
                0x0000cc68                __cxxabiv1::__si_class_type_info::__do_upcast(__cxxabiv1::__class_type_info const*, void const*, __cxxabiv1::__class_type_info::__upcast_result&) const
 .text._ZN10__cxxabiv121__vmi_class_type_infoD2Ev
                0x0000cc94       0x14 c:/nxp/lpcxpresso_8.2.2_650/lpcxpresso/tools/bin/../lib/gcc/arm-none-eabi/5.4.1/../../../../arm-none-eabi/lib/armv7-m\libstdc++.a(vmi_class_type_info.o)
                0x0000cc94                __cxxabiv1::__vmi_class_type_info::~__vmi_class_type_info()
                0x0000cc94                __cxxabiv1::__vmi_class_type_info::~__vmi_class_type_info()
 .text._ZN10__cxxabiv121__vmi_class_type_infoD0Ev
                0x0000cca8       0x1c c:/nxp/lpcxpresso_8.2.2_650/lpcxpresso/tools/bin/../lib/gcc/arm-none-eabi/5.4.1/../../../../arm-none-eabi/lib/armv7-m\libstdc++.a(vmi_class_type_info.o)
                0x0000cca8                __cxxabiv1::__vmi_class_type_info::~__vmi_class_type_info()
 .text._ZNK10__cxxabiv121__vmi_class_type_info20__do_find_public_srcEiPKvPKNS_17__class_type_infoES2_
                0x0000ccc4       0x7c c:/nxp/lpcxpresso_8.2.2_650/lpcxpresso/tools/bin/../lib/gcc/arm-none-eabi/5.4.1/../../../../arm-none-eabi/lib/armv7-m\libstdc++.a(vmi_class_type_info.o)
                0x0000ccc4                __cxxabiv1::__vmi_class_type_info::__do_find_public_src(int, void const*, __cxxabiv1::__class_type_info const*, void const*) const
 .text._ZNK10__cxxabiv121__vmi_class_type_info12__do_dyncastEiNS_17__class_type_info10__sub_kindEPKS1_PKvS4_S6_RNS1_16__dyncast_resultE
                0x0000cd40      0x398 c:/nxp/lpcxpresso_8.2.2_650/lpcxpresso/tools/bin/../lib/gcc/arm-none-eabi/5.4.1/../../../../arm-none-eabi/lib/armv7-m\libstdc++.a(vmi_class_type_info.o)
                0x0000cd40                __cxxabiv1::__vmi_class_type_info::__do_dyncast(int, __cxxabiv1::__class_type_info::__sub_kind, __cxxabiv1::__class_type_info const*, void const*, __cxxabiv1::__class_type_info const*, void const*, __cxxabiv1::__class_type_info::__dyncast_result&) const
 .text._ZNK10__cxxabiv121__vmi_class_type_info11__do_upcastEPKNS_17__class_type_infoEPKvRNS1_15__upcast_resultE
                0x0000d0d8      0x150 c:/nxp/lpcxpresso_8.2.2_650/lpcxpresso/tools/bin/../lib/gcc/arm-none-eabi/5.4.1/../../../../arm-none-eabi/lib/armv7-m\libstdc++.a(vmi_class_type_info.o)
                0x0000d0d8                __cxxabiv1::__vmi_class_type_info::__do_upcast(__cxxabiv1::__class_type_info const*, void const*, __cxxabiv1::__class_type_info::__upcast_result&) const
 .text._ZNSt9type_infoD2Ev
                0x0000d228        0x4 c:/nxp/lpcxpresso_8.2.2_650/lpcxpresso/tools/bin/../lib/gcc/arm-none-eabi/5.4.1/../../../../arm-none-eabi/lib/armv7-m\libstdc++.a(tinfo.o)
                0x0000d228                std::type_info::~type_info()
                0x0000d228                std::type_info::~type_info()
 .text._ZNKSt9type_info15__is_function_pEv
                0x0000d22c        0x4 c:/nxp/lpcxpresso_8.2.2_650/lpcxpresso/tools/bin/../lib/gcc/arm-none-eabi/5.4.1/../../../../arm-none-eabi/lib/armv7-m\libstdc++.a(tinfo.o)
                0x0000d22c                std::type_info::__is_pointer_p() const
                0x0000d22c                std::type_info::__is_function_p() const
 .text._ZNKSt9type_infoeqERKS_
                0x0000d230       0x2c c:/nxp/lpcxpresso_8.2.2_650/lpcxpresso/tools/bin/../lib/gcc/arm-none-eabi/5.4.1/../../../../arm-none-eabi/lib/armv7-m\libstdc++.a(tinfo.o)
                0x0000d230                std::type_info::operator==(std::type_info const&) const
 .text._ZNK10__cxxabiv117__class_type_info11__do_upcastEPKS0_PPv
                0x0000d25c       0x38 c:/nxp/lpcxpresso_8.2.2_650/lpcxpresso/tools/bin/../lib/gcc/arm-none-eabi/5.4.1/../../../../arm-none-eabi/lib/armv7-m\libstdc++.a(class_type_info.o)
                0x0000d25c                __cxxabiv1::__class_type_info::__do_upcast(__cxxabiv1::__class_type_info const*, void**) const
 .text._ZNK10__cxxabiv117__class_type_info20__do_find_public_srcEiPKvPKS0_S2_
                0x0000d294        0xc c:/nxp/lpcxpresso_8.2.2_650/lpcxpresso/tools/bin/../lib/gcc/arm-none-eabi/5.4.1/../../../../arm-none-eabi/lib/armv7-m\libstdc++.a(class_type_info.o)
                0x0000d294                __cxxabiv1::__class_type_info::__do_find_public_src(int, void const*, __cxxabiv1::__class_type_info const*, void const*) const
 .text._ZN10__cxxabiv117__class_type_infoD2Ev
                0x0000d2a0       0x14 c:/nxp/lpcxpresso_8.2.2_650/lpcxpresso/tools/bin/../lib/gcc/arm-none-eabi/5.4.1/../../../../arm-none-eabi/lib/armv7-m\libstdc++.a(class_type_info.o)
                0x0000d2a0                __cxxabiv1::__class_type_info::~__class_type_info()
                0x0000d2a0                __cxxabiv1::__class_type_info::~__class_type_info()
 .text._ZN10__cxxabiv117__class_type_infoD0Ev
                0x0000d2b4       0x1c c:/nxp/lpcxpresso_8.2.2_650/lpcxpresso/tools/bin/../lib/gcc/arm-none-eabi/5.4.1/../../../../arm-none-eabi/lib/armv7-m\libstdc++.a(class_type_info.o)
                0x0000d2b4                __cxxabiv1::__class_type_info::~__class_type_info()
 .text._ZNK10__cxxabiv117__class_type_info11__do_upcastEPKS0_PKvRNS0_15__upcast_resultE
                0x0000d2d0       0x18 c:/nxp/lpcxpresso_8.2.2_650/lpcxpresso/tools/bin/../lib/gcc/arm-none-eabi/5.4.1/../../../../arm-none-eabi/lib/armv7-m\libstdc++.a(class_type_info.o)
                0x0000d2d0                __cxxabiv1::__class_type_info::__do_upcast(__cxxabiv1::__class_type_info const*, void const*, __cxxabiv1::__class_type_info::__upcast_result&) const
 .text._ZNK10__cxxabiv117__class_type_info12__do_dyncastEiNS0_10__sub_kindEPKS0_PKvS3_S5_RNS0_16__dyncast_resultE
                0x0000d2e8       0x40 c:/nxp/lpcxpresso_8.2.2_650/lpcxpresso/tools/bin/../lib/gcc/arm-none-eabi/5.4.1/../../../../arm-none-eabi/lib/armv7-m\libstdc++.a(class_type_info.o)
                0x0000d2e8                __cxxabiv1::__class_type_info::__do_dyncast(int, __cxxabiv1::__class_type_info::__sub_kind, __cxxabiv1::__class_type_info const*, void const*, __cxxabiv1::__class_type_info const*, void const*, __cxxabiv1::__class_type_info::__dyncast_result&) const
 .text._ZNK10__cxxabiv117__class_type_info10__do_catchEPKSt9type_infoPPvj
                0x0000d328       0x2c c:/nxp/lpcxpresso_8.2.2_650/lpcxpresso/tools/bin/../lib/gcc/arm-none-eabi/5.4.1/../../../../arm-none-eabi/lib/armv7-m\libstdc++.a(class_type_info.o)
                0x0000d328                __cxxabiv1::__class_type_info::__do_catch(std::type_info const*, void**, unsigned int) const
 .text.__cxa_pure_virtual
                0x0000d354       0x14 c:/nxp/lpcxpresso_8.2.2_650/lpcxpresso/tools/bin/../lib/gcc/arm-none-eabi/5.4.1/../../../../arm-none-eabi/lib/armv7-m\libstdc++.a(pure.o)
                0x0000d354                __cxa_pure_virtual
 .text._ZN10__cxxabiv111__terminateEPFvvE
                0x0000d368       0x28 c:/nxp/lpcxpresso_8.2.2_650/lpcxpresso/tools/bin/../lib/gcc/arm-none-eabi/5.4.1/../../../../arm-none-eabi/lib/armv7-m\libstdc++.a(eh_terminate.o)
                0x0000d368                __cxxabiv1::__terminate(void (*)())
 .text._ZSt9terminatev
                0x0000d390       0x14 c:/nxp/lpcxpresso_8.2.2_650/lpcxpresso/tools/bin/../lib/gcc/arm-none-eabi/5.4.1/../../../../arm-none-eabi/lib/armv7-m\libstdc++.a(eh_terminate.o)
                0x0000d390                std::terminate()
 .text._ZN10__cxxabiv112__unexpectedEPFvvE
                0x0000d3a4        0x8 c:/nxp/lpcxpresso_8.2.2_650/lpcxpresso/tools/bin/../lib/gcc/arm-none-eabi/5.4.1/../../../../arm-none-eabi/lib/armv7-m\libstdc++.a(eh_terminate.o)
                0x0000d3a4                __cxxabiv1::__unexpected(void (*)())
 .text._ZSt10unexpectedv
                0x0000d3ac       0x14 c:/nxp/lpcxpresso_8.2.2_650/lpcxpresso/tools/bin/../lib/gcc/arm-none-eabi/5.4.1/../../../../arm-none-eabi/lib/armv7-m\libstdc++.a(eh_terminate.o)
                0x0000d3ac                std::unexpected()
 .text._ZSt13get_terminatev
                0x0000d3c0       0x10 c:/nxp/lpcxpresso_8.2.2_650/lpcxpresso/tools/bin/../lib/gcc/arm-none-eabi/5.4.1/../../../../arm-none-eabi/lib/armv7-m\libstdc++.a(eh_terminate.o)
                0x0000d3c0                std::get_terminate()
 .text._ZSt14get_unexpectedv
                0x0000d3d0       0x10 c:/nxp/lpcxpresso_8.2.2_650/lpcxpresso/tools/bin/../lib/gcc/arm-none-eabi/5.4.1/../../../../arm-none-eabi/lib/armv7-m\libstdc++.a(eh_terminate.o)
                0x0000d3d0                std::get_unexpected()
 .text.__cxa_end_cleanup
                0x0000d3e0        0xc c:/nxp/lpcxpresso_8.2.2_650/lpcxpresso/tools/bin/../lib/gcc/arm-none-eabi/5.4.1/../../../../arm-none-eabi/lib/armv7-m\libstdc++.a(eh_arm.o)
                0x0000d3e0                __cxa_end_cleanup
 .text.__cxa_type_match
                0x0000d3ec       0xb0 c:/nxp/lpcxpresso_8.2.2_650/lpcxpresso/tools/bin/../lib/gcc/arm-none-eabi/5.4.1/../../../../arm-none-eabi/lib/armv7-m\libstdc++.a(eh_arm.o)
                0x0000d3ec                __cxa_type_match
 .text.__cxa_begin_cleanup
                0x0000d49c       0x64 c:/nxp/lpcxpresso_8.2.2_650/lpcxpresso/tools/bin/../lib/gcc/arm-none-eabi/5.4.1/../../../../arm-none-eabi/lib/armv7-m\libstdc++.a(eh_arm.o)
                0x0000d49c                __cxa_begin_cleanup
 .text.__gnu_end_cleanup
                0x0000d500       0x70 c:/nxp/lpcxpresso_8.2.2_650/lpcxpresso/tools/bin/../lib/gcc/arm-none-eabi/5.4.1/../../../../arm-none-eabi/lib/armv7-m\libstdc++.a(eh_arm.o)
                0x0000d500                __gnu_end_cleanup
 .text._ZN10__cxxabiv1L24__is_gxx_exception_classEPc
                0x0000d570       0x3c c:/nxp/lpcxpresso_8.2.2_650/lpcxpresso/tools/bin/../lib/gcc/arm-none-eabi/5.4.1/../../../../arm-none-eabi/lib/armv7-m\libstdc++.a(eh_call.o)
 .text.__cxa_call_terminate
                0x0000d5ac       0x20 c:/nxp/lpcxpresso_8.2.2_650/lpcxpresso/tools/bin/../lib/gcc/arm-none-eabi/5.4.1/../../../../arm-none-eabi/lib/armv7-m\libstdc++.a(eh_call.o)
                0x0000d5ac                __cxa_call_terminate
 .text.__cxa_call_unexpected
                0x0000d5cc       0xec c:/nxp/lpcxpresso_8.2.2_650/lpcxpresso/tools/bin/../lib/gcc/arm-none-eabi/5.4.1/../../../../arm-none-eabi/lib/armv7-m\libstdc++.a(eh_call.o)
                0x0000d5cc                __cxa_call_unexpected
 .text.__cxa_begin_catch
                0x0000d6b8       0x8c c:/nxp/lpcxpresso_8.2.2_650/lpcxpresso/tools/bin/../lib/gcc/arm-none-eabi/5.4.1/../../../../arm-none-eabi/lib/armv7-m\libstdc++.a(eh_catch.o)
                0x0000d6b8                __cxa_begin_catch
 .text.__cxa_end_catch
                0x0000d744       0x8c c:/nxp/lpcxpresso_8.2.2_650/lpcxpresso/tools/bin/../lib/gcc/arm-none-eabi/5.4.1/../../../../arm-none-eabi/lib/armv7-m\libstdc++.a(eh_catch.o)
                0x0000d744                __cxa_end_catch
 .text._ZL23__gxx_exception_cleanup19_Unwind_Reason_CodeP21_Unwind_Control_Block
                0x0000d7d0       0x44 c:/nxp/lpcxpresso_8.2.2_650/lpcxpresso/tools/bin/../lib/gcc/arm-none-eabi/5.4.1/../../../../arm-none-eabi/lib/armv7-m\libstdc++.a(eh_throw.o)
 .text.__cxa_throw
                0x0000d814       0x7c c:/nxp/lpcxpresso_8.2.2_650/lpcxpresso/tools/bin/../lib/gcc/arm-none-eabi/5.4.1/../../../../arm-none-eabi/lib/armv7-m\libstdc++.a(eh_throw.o)
                0x0000d814                __cxa_throw
 .text.__cxa_rethrow
                0x0000d890       0x70 c:/nxp/lpcxpresso_8.2.2_650/lpcxpresso/tools/bin/../lib/gcc/arm-none-eabi/5.4.1/../../../../arm-none-eabi/lib/armv7-m\libstdc++.a(eh_throw.o)
                0x0000d890                __cxa_rethrow
 .text._ZL28read_encoded_value_with_basehjPKhPj
                0x0000d900       0xc0 c:/nxp/lpcxpresso_8.2.2_650/lpcxpresso/tools/bin/../lib/gcc/arm-none-eabi/5.4.1/../../../../arm-none-eabi/lib/armv7-m\libstdc++.a(eh_personality.o)
 .text._ZL21base_of_encoded_valuehP15_Unwind_Context
                0x0000d9c0       0x4c c:/nxp/lpcxpresso_8.2.2_650/lpcxpresso/tools/bin/../lib/gcc/arm-none-eabi/5.4.1/../../../../arm-none-eabi/lib/armv7-m\libstdc++.a(eh_personality.o)
 .text._ZL17parse_lsda_headerP15_Unwind_ContextPKhP16lsda_header_info
                0x0000da0c       0x94 c:/nxp/lpcxpresso_8.2.2_650/lpcxpresso/tools/bin/../lib/gcc/arm-none-eabi/5.4.1/../../../../arm-none-eabi/lib/armv7-m\libstdc++.a(eh_personality.o)
 .text.__gxx_personality_v0
                0x0000daa0      0x4b0 c:/nxp/lpcxpresso_8.2.2_650/lpcxpresso/tools/bin/../lib/gcc/arm-none-eabi/5.4.1/../../../../arm-none-eabi/lib/armv7-m\libstdc++.a(eh_personality.o)
                0x0000daa0                __gxx_personality_v0
 .text.__cxa_get_globals_fast
                0x0000df50        0x8 c:/nxp/lpcxpresso_8.2.2_650/lpcxpresso/tools/bin/../lib/gcc/arm-none-eabi/5.4.1/../../../../arm-none-eabi/lib/armv7-m\libstdc++.a(eh_globals.o)
                0x0000df50                __cxa_get_globals_fast
 .text.__cxa_get_globals
                0x0000df58        0x8 c:/nxp/lpcxpresso_8.2.2_650/lpcxpresso/tools/bin/../lib/gcc/arm-none-eabi/5.4.1/../../../../arm-none-eabi/lib/armv7-m\libstdc++.a(eh_globals.o)
                0x0000df58                __cxa_get_globals
 .text._ZNSt13bad_exceptionD2Ev
                0x0000df60        0x4 c:/nxp/lpcxpresso_8.2.2_650/lpcxpresso/tools/bin/../lib/gcc/arm-none-eabi/5.4.1/../../../../arm-none-eabi/lib/armv7-m\libstdc++.a(eh_exception.o)
                0x0000df60                std::bad_exception::~bad_exception()
                0x0000df60                std::bad_exception::~bad_exception()
 .text._ZNKSt13bad_exception4whatEv
                0x0000df64        0x8 c:/nxp/lpcxpresso_8.2.2_650/lpcxpresso/tools/bin/../lib/gcc/arm-none-eabi/5.4.1/../../../../arm-none-eabi/lib/armv7-m\libstdc++.a(eh_exception.o)
                0x0000df64                std::bad_exception::what() const
 .text._ZNSt13bad_exceptionD0Ev
                0x0000df6c        0xc c:/nxp/lpcxpresso_8.2.2_650/lpcxpresso/tools/bin/../lib/gcc/arm-none-eabi/5.4.1/../../../../arm-none-eabi/lib/armv7-m\libstdc++.a(eh_exception.o)
                0x0000df6c                std::bad_exception::~bad_exception()
 .text._ZN12_GLOBAL__N_14pool4freeEPv.constprop.4
                0x0000df78       0x7c c:/nxp/lpcxpresso_8.2.2_650/lpcxpresso/tools/bin/../lib/gcc/arm-none-eabi/5.4.1/../../../../arm-none-eabi/lib/armv7-m\libstdc++.a(eh_alloc.o)
 .text._ZN12_GLOBAL__N_14pool8allocateEj.constprop.5
                0x0000dff4       0x64 c:/nxp/lpcxpresso_8.2.2_650/lpcxpresso/tools/bin/../lib/gcc/arm-none-eabi/5.4.1/../../../../arm-none-eabi/lib/armv7-m\libstdc++.a(eh_alloc.o)
 .text.__cxa_allocate_exception
                0x0000e058       0x30 c:/nxp/lpcxpresso_8.2.2_650/lpcxpresso/tools/bin/../lib/gcc/arm-none-eabi/5.4.1/../../../../arm-none-eabi/lib/armv7-m\libstdc++.a(eh_alloc.o)
                0x0000e058                __cxa_allocate_exception
 .text.__cxa_free_exception
                0x0000e088       0x20 c:/nxp/lpcxpresso_8.2.2_650/lpcxpresso/tools/bin/../lib/gcc/arm-none-eabi/5.4.1/../../../../arm-none-eabi/lib/armv7-m\libstdc++.a(eh_alloc.o)
                0x0000e088                __cxa_free_exception
 .text.startup._GLOBAL__sub_I___cxa_allocate_exception
                0x0000e0a8       0x28 c:/nxp/lpcxpresso_8.2.2_650/lpcxpresso/tools/bin/../lib/gcc/arm-none-eabi/5.4.1/../../../../arm-none-eabi/lib/armv7-m\libstdc++.a(eh_alloc.o)
 .text.fabs     0x0000e0d0        0x8 c:/nxp/lpcxpresso_8.2.2_650/lpcxpresso/tools/bin/../lib/gcc/arm-none-eabi/5.4.1/../../../../arm-none-eabi/lib/armv7-m\libm.a(lib_a-s_fabs.o)
                0x0000e0d0                fabs
 .text._sbrk    0x0000e0d8       0x3c c:/nxp/lpcxpresso_8.2.2_650/lpcxpresso/tools/bin/../lib/gcc/arm-none-eabi/5.4.1/../../../../arm-none-eabi/lib/armv7-m\libcr_newlib_nohost.a(_cr_sbrk.o)
                0x0000e0d8                _sbrk
 .text.abort    0x0000e114        0x2 c:/nxp/lpcxpresso_8.2.2_650/lpcxpresso/tools/bin/../lib/gcc/arm-none-eabi/5.4.1/../../../../arm-none-eabi/lib/armv7-m\libcr_newlib_nohost.a(cr_abort.o)
                0x0000e114                abort
 *fill*         0x0000e116        0x2 ff
 .text.__check_heap_overflow
                0x0000e118       0x18 c:/nxp/lpcxpresso_8.2.2_650/lpcxpresso/tools/bin/../lib/gcc/arm-none-eabi/5.4.1/../../../../arm-none-eabi/lib/armv7-m\libcr_newlib_nohost.a(_cr_check_heap.o)
                0x0000e118                __check_heap_overflow
 .text          0x0000e130       0x5c c:/nxp/lpcxpresso_8.2.2_650/lpcxpresso/tools/bin/../lib/gcc/arm-none-eabi/5.4.1/armv7-m\crtbegin.o
 .text          0x0000e18c       0x2c c:/nxp/lpcxpresso_8.2.2_650/lpcxpresso/tools/bin/../lib/gcc/arm-none-eabi/5.4.1/armv7-m\libgcc.a(_arm_unorddf2.o)
                0x0000e18c                __unorddf2
                0x0000e18c                __aeabi_dcmpun
 .text          0x0000e1b8       0x40 c:/nxp/lpcxpresso_8.2.2_650/lpcxpresso/tools/bin/../lib/gcc/arm-none-eabi/5.4.1/armv7-m\libgcc.a(_arm_fixunsdfsi.o)
                0x0000e1b8                __aeabi_d2uiz
                0x0000e1b8                __fixunsdfsi
 .text          0x0000e1f8      0x9e4 c:/nxp/lpcxpresso_8.2.2_650/lpcxpresso/tools/bin/../lib/gcc/arm-none-eabi/5.4.1/armv7-m\libgcc.a(unwind-arm.o)
                0x0000e4b8                _Unwind_GetCFA
                0x0000e4bc                __gnu_Unwind_RaiseException
                0x0000e51c                __gnu_Unwind_ForcedUnwind
                0x0000e530                __gnu_Unwind_Resume
                0x0000e574                __gnu_Unwind_Resume_or_Rethrow
                0x0000e588                _Unwind_Complete
                0x0000e58c                _Unwind_DeleteException
                0x0000e598                _Unwind_VRS_Get
                0x0000e5e4                _Unwind_VRS_Set
                0x0000e634                __gnu_Unwind_Backtrace
                0x0000e980                __aeabi_unwind_cpp_pr0
                0x0000e984                __aeabi_unwind_cpp_pr1
                0x0000e988                __aeabi_unwind_cpp_pr2
                0x0000e98c                _Unwind_VRS_Pop
 .text          0x0000ebdc      0x1ac c:/nxp/lpcxpresso_8.2.2_650/lpcxpresso/tools/bin/../lib/gcc/arm-none-eabi/5.4.1/armv7-m\libgcc.a(libunwind.o)
                0x0000ebdc                __restore_core_regs
                0x0000ebdc                restore_core_regs
                0x0000ebf4                __gnu_Unwind_Restore_VFP
                0x0000ebfc                __gnu_Unwind_Save_VFP
                0x0000ec04                __gnu_Unwind_Restore_VFP_D
                0x0000ec0c                __gnu_Unwind_Save_VFP_D
                0x0000ec14                __gnu_Unwind_Restore_VFP_D_16_to_31
                0x0000ec1c                __gnu_Unwind_Save_VFP_D_16_to_31
                0x0000ec24                __gnu_Unwind_Restore_WMMXD
                0x0000ec68                __gnu_Unwind_Save_WMMXD
                0x0000ecac                __gnu_Unwind_Restore_WMMXC
                0x0000ecc0                __gnu_Unwind_Save_WMMXC
                0x0000ecd4                ___Unwind_RaiseException
                0x0000ecd4                _Unwind_RaiseException
                0x0000ecf8                _Unwind_Resume
                0x0000ecf8                ___Unwind_Resume
                0x0000ed1c                _Unwind_Resume_or_Rethrow
                0x0000ed1c                ___Unwind_Resume_or_Rethrow
                0x0000ed40                _Unwind_ForcedUnwind
                0x0000ed40                ___Unwind_ForcedUnwind
                0x0000ed64                ___Unwind_Backtrace
                0x0000ed64                _Unwind_Backtrace
 .text          0x0000ed88      0x354 c:/nxp/lpcxpresso_8.2.2_650/lpcxpresso/tools/bin/../lib/gcc/arm-none-eabi/5.4.1/armv7-m\libgcc.a(pr-support.o)
                0x0000ede0                __gnu_unwind_execute
                0x0000f084                __gnu_unwind_frame
                0x0000f0ac                _Unwind_GetRegionStart
                0x0000f0b8                _Unwind_GetLanguageSpecificData
                0x0000f0cc                _Unwind_GetTextRelBase
                0x0000f0d4                _Unwind_GetDataRelBase
 .text.write    0x0000f0dc       0x18 c:/nxp/lpcxpresso_8.2.2_650/lpcxpresso/tools/bin/../lib/gcc/arm-none-eabi/5.4.1/../../../../arm-none-eabi/lib/armv7-m\libc.a(lib_a-syswrite.o)
                0x0000f0dc                write
 *(.rodata .rodata.*)
 .rodata        0x0000f0f4       0xa7 ./main.o
 *fill*         0x0000f19b        0x1 ff
 .rodata._ZTSN4mbed3CANE
                0x0000f19c        0xc C:\Users\Abhi\Documents\LPCXpresso_8.2.2_650\workspace\clicker\mbed\LPC1768\GCC_CR\libmbed.a(CAN.o)
                0x0000f19c                typeinfo name for mbed::CAN
 .rodata._ZTIN4mbed3CANE
                0x0000f1a8        0x8 C:\Users\Abhi\Documents\LPCXpresso_8.2.2_650\workspace\clicker\mbed\LPC1768\GCC_CR\libmbed.a(CAN.o)
                0x0000f1a8                typeinfo for mbed::CAN
 .rodata._ZTVN4mbed3CANE
                0x0000f1b0       0x10 C:\Users\Abhi\Documents\LPCXpresso_8.2.2_650\workspace\clicker\mbed\LPC1768\GCC_CR\libmbed.a(CAN.o)
                0x0000f1b0                vtable for mbed::CAN
 .rodata._ZTSN4mbed6SerialE
                0x0000f1c0       0x10 C:\Users\Abhi\Documents\LPCXpresso_8.2.2_650\workspace\clicker\mbed\LPC1768\GCC_CR\libmbed.a(Serial.o)
                0x0000f1c0                typeinfo name for mbed::Serial
 .rodata._ZTVN4mbed6SerialE
                0x0000f1d0       0x48 C:\Users\Abhi\Documents\LPCXpresso_8.2.2_650\workspace\clicker\mbed\LPC1768\GCC_CR\libmbed.a(Serial.o)
                0x0000f1d0                vtable for mbed::Serial
 .rodata._ZTIN4mbed6SerialE
                0x0000f218        0xc C:\Users\Abhi\Documents\LPCXpresso_8.2.2_650\workspace\clicker\mbed\LPC1768\GCC_CR\libmbed.a(Serial.o)
                0x0000f218                typeinfo for mbed::Serial
 .rodata.__stdin_name
                0x0000f224        0x8 C:\Users\Abhi\Documents\LPCXpresso_8.2.2_650\workspace\clicker\mbed\LPC1768\GCC_CR\libmbed.a(stdio.o)
                0x0000f224                __stdin_name
 .rodata.__stderr_name
                0x0000f22c        0x8 C:\Users\Abhi\Documents\LPCXpresso_8.2.2_650\workspace\clicker\mbed\LPC1768\GCC_CR\libmbed.a(stdio.o)
                0x0000f22c                __stderr_name
 .rodata._ZTSN4mbed10FileHandleE
                0x0000f234       0x14 C:\Users\Abhi\Documents\LPCXpresso_8.2.2_650\workspace\clicker\mbed\LPC1768\GCC_CR\libmbed.a(stdio.o)
                0x0000f234                typeinfo name for mbed::FileHandle
 .rodata.__stdout_name
                0x0000f248        0x8 C:\Users\Abhi\Documents\LPCXpresso_8.2.2_650\workspace\clicker\mbed\LPC1768\GCC_CR\libmbed.a(stdio.o)
                0x0000f248                __stdout_name
 .rodata._ZTIN4mbed10FileHandleE
                0x0000f250        0x8 C:\Users\Abhi\Documents\LPCXpresso_8.2.2_650\workspace\clicker\mbed\LPC1768\GCC_CR\libmbed.a(stdio.o)
                0x0000f250                typeinfo for mbed::FileHandle
 .rodata._ZTVN4mbed10FileHandleE
                0x0000f258       0x30 C:\Users\Abhi\Documents\LPCXpresso_8.2.2_650\workspace\clicker\mbed\LPC1768\GCC_CR\libmbed.a(stdio.o)
                0x0000f258                vtable for mbed::FileHandle
 .rodata.str1.4
                0x0000f288        0xe C:\Users\Abhi\Documents\LPCXpresso_8.2.2_650\workspace\clicker\mbed\LPC1768\GCC_CR\libmbed.a(stdio.o)
                                 0x10 (size before relaxing)
 *fill*         0x0000f296        0x2 ff
 .rodata._ZTVN4mbed6StreamE
                0x0000f298       0x48 C:\Users\Abhi\Documents\LPCXpresso_8.2.2_650\workspace\clicker\mbed\LPC1768\GCC_CR\libmbed.a(Stream.o)
                0x0000f298                vtable for mbed::Stream
 .rodata._ZTIN4mbed6StreamE
                0x0000f2e0        0xc C:\Users\Abhi\Documents\LPCXpresso_8.2.2_650\workspace\clicker\mbed\LPC1768\GCC_CR\libmbed.a(Stream.o)
                0x0000f2e0                typeinfo for mbed::Stream
 .rodata.str1.4
                0x0000f2ec        0x3 C:\Users\Abhi\Documents\LPCXpresso_8.2.2_650\workspace\clicker\mbed\LPC1768\GCC_CR\libmbed.a(Stream.o)
                                  0x8 (size before relaxing)
 *fill*         0x0000f2ef        0x1 ff
 .rodata._ZTSN4mbed6StreamE
                0x0000f2f0       0x10 C:\Users\Abhi\Documents\LPCXpresso_8.2.2_650\workspace\clicker\mbed\LPC1768\GCC_CR\libmbed.a(Stream.o)
                0x0000f2f0                typeinfo name for mbed::Stream
 .rodata.timing_pts
                0x0000f300       0xb8 C:\Users\Abhi\Documents\LPCXpresso_8.2.2_650\workspace\clicker\mbed\LPC1768\GCC_CR\libmbed.a(can_api.o)
 .rodata.CSWTCH.6
                0x0000f3b8        0xc C:\Users\Abhi\Documents\LPCXpresso_8.2.2_650\workspace\clicker\mbed\LPC1768\GCC_CR\libmbed.a(can_api.o)
 .rodata.PinMap_CAN_RD
                0x0000f3c4       0x3c C:\Users\Abhi\Documents\LPCXpresso_8.2.2_650\workspace\clicker\mbed\LPC1768\GCC_CR\libmbed.a(can_api.o)
 .rodata.PinMap_CAN_TD
                0x0000f400       0x3c C:\Users\Abhi\Documents\LPCXpresso_8.2.2_650\workspace\clicker\mbed\LPC1768\GCC_CR\libmbed.a(can_api.o)
 .rodata.str1.4
                0x0000f43c       0x17 C:\Users\Abhi\Documents\LPCXpresso_8.2.2_650\workspace\clicker\mbed\LPC1768\GCC_CR\libmbed.a(can_api.o)
                                 0x18 (size before relaxing)
 *fill*         0x0000f453        0x1 ff
 .rodata.PinMap_UART_RX
                0x0000f454       0x6c C:\Users\Abhi\Documents\LPCXpresso_8.2.2_650\workspace\clicker\mbed\LPC1768\GCC_CR\libmbed.a(serial_api.o)
 .rodata.str1.4
                0x0000f4c0       0xa5 C:\Users\Abhi\Documents\LPCXpresso_8.2.2_650\workspace\clicker\mbed\LPC1768\GCC_CR\libmbed.a(serial_api.o)
                                 0xa8 (size before relaxing)
 *fill*         0x0000f565        0x3 ff
 .rodata.PinMap_UART_TX
                0x0000f568       0x6c C:\Users\Abhi\Documents\LPCXpresso_8.2.2_650\workspace\clicker\mbed\LPC1768\GCC_CR\libmbed.a(serial_api.o)
 .rodata.str1.4
                0x0000f5d4       0x48 C:\Users\Abhi\Documents\LPCXpresso_8.2.2_650\workspace\clicker\mbed\LPC1768\GCC_CR\libmbed.a(pinmap_common.o)
 .rodata._ZTIN4mbed8FileLikeE
                0x0000f61c       0x20 C:\Users\Abhi\Documents\LPCXpresso_8.2.2_650\workspace\clicker\mbed\LPC1768\GCC_CR\libmbed.a(FileLike.o)
                0x0000f61c                typeinfo for mbed::FileLike
 .rodata._ZTSN4mbed8FileLikeE
                0x0000f63c       0x14 C:\Users\Abhi\Documents\LPCXpresso_8.2.2_650\workspace\clicker\mbed\LPC1768\GCC_CR\libmbed.a(FileLike.o)
                0x0000f63c                typeinfo name for mbed::FileLike
 .rodata._ZTVN4mbed8FileLikeE
                0x0000f650       0x40 C:\Users\Abhi\Documents\LPCXpresso_8.2.2_650\workspace\clicker\mbed\LPC1768\GCC_CR\libmbed.a(FileLike.o)
                0x0000f650                vtable for mbed::FileLike
 .rodata._ZTSN4mbed8FileBaseE
                0x0000f690       0x14 C:\Users\Abhi\Documents\LPCXpresso_8.2.2_650\workspace\clicker\mbed\LPC1768\GCC_CR\libmbed.a(FileBase.o)
                0x0000f690                typeinfo name for mbed::FileBase
 *fill*         0x0000f6a4        0x4 ff
 .rodata._ZTVN4mbed8FileBaseE
                0x0000f6a8       0x10 C:\Users\Abhi\Documents\LPCXpresso_8.2.2_650\workspace\clicker\mbed\LPC1768\GCC_CR\libmbed.a(FileBase.o)
                0x0000f6a8                vtable for mbed::FileBase
 .rodata._ZTIN4mbed8FileBaseE
                0x0000f6b8        0x8 C:\Users\Abhi\Documents\LPCXpresso_8.2.2_650\workspace\clicker\mbed\LPC1768\GCC_CR\libmbed.a(FileBase.o)
                0x0000f6b8                typeinfo for mbed::FileBase
 .rodata.str1.4
                0x0000f6c0        0x2 c:/nxp/lpcxpresso_8.2.2_650/lpcxpresso/tools/bin/../lib/gcc/arm-none-eabi/5.4.1/../../../../arm-none-eabi/lib/armv7-m\libc.a(lib_a-impure.o)
 *fill*         0x0000f6c2        0x2 ff
 .rodata._global_impure_ptr
                0x0000f6c4        0x4 c:/nxp/lpcxpresso_8.2.2_650/lpcxpresso/tools/bin/../lib/gcc/arm-none-eabi/5.4.1/../../../../arm-none-eabi/lib/armv7-m\libc.a(lib_a-impure.o)
                0x0000f6c4                _global_impure_ptr
 .rodata.blanks.7055
                0x0000f6c8       0x10 c:/nxp/lpcxpresso_8.2.2_650/lpcxpresso/tools/bin/../lib/gcc/arm-none-eabi/5.4.1/../../../../arm-none-eabi/lib/armv7-m\libc.a(lib_a-svfprintf.o)
 .rodata.str1.4
                0x0000f6d8       0x42 c:/nxp/lpcxpresso_8.2.2_650/lpcxpresso/tools/bin/../lib/gcc/arm-none-eabi/5.4.1/../../../../arm-none-eabi/lib/armv7-m\libc.a(lib_a-svfprintf.o)
 *fill*         0x0000f71a        0x2 ff
 .rodata.zeroes.7056
                0x0000f71c       0x10 c:/nxp/lpcxpresso_8.2.2_650/lpcxpresso/tools/bin/../lib/gcc/arm-none-eabi/5.4.1/../../../../arm-none-eabi/lib/armv7-m\libc.a(lib_a-svfprintf.o)
 .rodata.str1.4
                0x0000f72c        0x5 c:/nxp/lpcxpresso_8.2.2_650/lpcxpresso/tools/bin/../lib/gcc/arm-none-eabi/5.4.1/../../../../arm-none-eabi/lib/armv7-m\libc.a(lib_a-svfscanf.o)
 *fill*         0x0000f731        0x3 ff
 .rodata.basefix.7019
                0x0000f734       0x22 c:/nxp/lpcxpresso_8.2.2_650/lpcxpresso/tools/bin/../lib/gcc/arm-none-eabi/5.4.1/../../../../arm-none-eabi/lib/armv7-m\libc.a(lib_a-svfscanf.o)