Component: ARM Compiler 5.06 update 4 (build 422) Tool: armlink [4d35d2]

==============================================================================

Section Cross References

    main.o(i.__sti___8_main_cpp_can) refers to CAN.LPC1768.o(i._ZN4mbed3CANC1E7PinNameS1_) for mbed::CAN::CAN(PinName, PinName)
    main.o(i.__sti___8_main_cpp_can) refers to aeabi_atexit.o(.text) for __aeabi_atexit
    main.o(i.__sti___8_main_cpp_can) refers to DigitalOut.LPC1768.o(i._ZN4mbed10DigitalOutC1E7PinNamePKc) for mbed::DigitalOut::DigitalOut(PinName, const char*)
    main.o(i.__sti___8_main_cpp_can) refers to Serial.LPC1768.o(i._ZN4mbed6SerialC1E7PinNameS1_PKc) for mbed::Serial::Serial(PinName, PinName, const char*)
    main.o(i.__sti___8_main_cpp_can) refers to main.o(.bss) for can
    main.o(i.__sti___8_main_cpp_can) refers to CAN.LPC1768.o(i._ZN4mbed3CAND1Ev) for mbed::CAN::~CAN()
    main.o(i.__sti___8_main_cpp_can) refers to DigitalOut.LPC1768.o(i._ZN4mbed10DigitalOutD1Ev) for mbed::DigitalOut::~DigitalOut()
    main.o(i.__sti___8_main_cpp_can) refers to Serial.LPC1768.o(i._ZN4mbed6SerialD1Ev) for mbed::Serial::~Serial()
    main.o(i.main) refers to Stream.LPC1768.o(i._ZN4mbed6Stream6printfEPKcz) for mbed::Stream::printf(const char*, ...)
    main.o(i.main) refers to CAN.LPC1768.o(i._ZN4mbed3CAN9frequencyEi) for mbed::CAN::frequency(int)
    main.o(i.main) refers to CAN.LPC1768.o(i._ZN4mbed3CAN4readERNS_10CANMessageE) for mbed::CAN::read(mbed::CANMessage&)
    main.o(i.main) refers to main.o(.bss) for pc
    main.o(.ARM.exidx) refers to main.o(i.main) for i.main
    main.o(.ARM.exidx) refers to main.o(i.__sti___8_main_cpp_can) for i.__sti___8_main_cpp_can
    main.o(.init_array) refers to main.o(i.__sti___8_main_cpp_can) for __sti___8_main_cpp_can
    main.o(.init_array) refers to init_aeabi.o(.text) for __cpp_initialize__aeabi_
    gps.o(i._ZN3GPS5truncEf) refers to f2d.o(x$fpl$f2d) for __aeabi_f2d
    gps.o(i._ZN3GPS5truncEf) refers to dleqf.o(x$fpl$dleqf) for __aeabi_cdcmple
    gps.o(i._ZN3GPS5truncEf) refers to dmul.o(x$fpl$dmul) for __aeabi_dmul
    gps.o(i._ZN3GPS5truncEf) refers to d2f.o(x$fpl$d2f) for __aeabi_d2f
    gps.o(i._ZN3GPS5truncEf) refers to gps.o(i._ZSt5floorf) for std::floor(float)
    gps.o(i._ZN3GPS6sampleEv) refers to _scanf_int.o(.text) for _scanf_int
    gps.o(i._ZN3GPS6sampleEv) refers to _scanf_str.o(.text) for _scanf_string
    gps.o(i._ZN3GPS6sampleEv) refers to scanf1.o(x$fpl$scanf1) for _scanf_real
    gps.o(i._ZN3GPS6sampleEv) refers to gps.o(i._ZN3GPS7getlineEv) for GPS::getline()
    gps.o(i._ZN3GPS6sampleEv) refers to __0sscanf.o(.text) for __0sscanf
    gps.o(i._ZN3GPS6sampleEv) refers to f2d.o(x$fpl$f2d) for __aeabi_f2d
    gps.o(i._ZN3GPS6sampleEv) refers to dmul.o(x$fpl$dmul) for __aeabi_dmul
    gps.o(i._ZN3GPS6sampleEv) refers to d2f.o(x$fpl$d2f) for __aeabi_d2f
    gps.o(i._ZN3GPS6sampleEv) refers to fdiv.o(x$fpl$fdiv) for __aeabi_fdiv
    gps.o(i._ZN3GPS6sampleEv) refers to gps.o(i._ZN3GPS5truncEf) for GPS::trunc(float)
    gps.o(i._ZN3GPS6sampleEv) refers to fmul.o(x$fpl$fmul) for __aeabi_fmul
    gps.o(i._ZN3GPS6sampleEv) refers to faddsub_clz.o(x$fpl$frsb) for __aeabi_frsub
    gps.o(i._ZN3GPS6sampleEv) refers to faddsub_clz.o(x$fpl$fadd) for __aeabi_fadd
    gps.o(i._ZN3GPS7getlineEv) refers to Stream.LPC1768.o(i._ZN4mbed6Stream4getcEv) for mbed::Stream::getc()
    gps.o(i._ZN3GPS7getlineEv) refers to __2fprintf.o(.text) for __2fprintf
    gps.o(i._ZN3GPS7getlineEv) refers to exit.LPC1768.o(i.exit) for exit
    gps.o(i._ZN3GPS7getlineEv) refers to stdio_streams.o(.bss) for __stderr
    gps.o(i._ZN3GPSC1E7PinNameS0_) refers to Serial.LPC1768.o(i._ZN4mbed6SerialC1E7PinNameS1_PKc) for mbed::Serial::Serial(PinName, PinName, const char*)
    gps.o(i._ZN3GPSC1E7PinNameS0_) refers to Serial.LPC1768.o(i._ZN4mbed6Serial4baudEi) for mbed::Serial::baud(int)
    gps.o(.ARM.exidx) refers to gps.o(i._ZN3GPSC1E7PinNameS0_) for i._ZN3GPSC1E7PinNameS0_
    gps.o(.ARM.exidx) refers to gps.o(i._ZN3GPS5truncEf) for i._ZN3GPS5truncEf
    gps.o(.ARM.exidx) refers to gps.o(i._ZN3GPS7getlineEv) for i._ZN3GPS7getlineEv
    gps.o(.ARM.exidx) refers to gps.o(i._ZN3GPS6sampleEv) for i._ZN3GPS6sampleEv
    textlcd.o(i._ZN4mbed7TextLCD11writeNibbleEi) refers to BusOut.LPC1768.o(i._ZN4mbed6BusOutaSEi) for mbed::BusOut::operator =(int)
    textlcd.o(i._ZN4mbed7TextLCD11writeNibbleEi) refers to textlcd.o(i._ZN4mbed7TextLCD5clockEv) for mbed::TextLCD::clock()
    textlcd.o(i._ZN4mbed7TextLCD12writeCommandEi) refers to textlcd.o(i._ZN4mbed10DigitalOutaSEi) for mbed::DigitalOut::operator =(int)
    textlcd.o(i._ZN4mbed7TextLCD12writeCommandEi) refers to textlcd.o(i._ZN4mbed7TextLCD9writeByteEi) for mbed::TextLCD::writeByte(int)
    textlcd.o(i._ZN4mbed7TextLCD3clsEv) refers to textlcd.o(i._ZN4mbed7TextLCD12writeCommandEi) for mbed::TextLCD::writeCommand(int)
    textlcd.o(i._ZN4mbed7TextLCD3clsEv) refers to wait_api.LPC1768.o(i.wait) for wait
[...]
    __aeabi_errno_addr                       0x00000b61   Thumb Code     8  rt_errno_addr.o(.text)
    __errno                                  0x00000b61   Thumb Code     0  rt_errno_addr.o(.text)
    __rt_errno_addr                          0x00000b61   Thumb Code     0  rt_errno_addr.o(.text)
    malloc                                   0x00000b69   Thumb Code    94  h1_alloc.o(.text)
    free                                     0x00000bc7   Thumb Code    78  h1_free.o(.text)
    __read_errno                             0x00000c15   Thumb Code    10  _rserrno.o(.text)
    __set_errno                              0x00000c1f   Thumb Code    12  _rserrno.o(.text)
    _printf_pre_padding                      0x00000c2b   Thumb Code    44  _printf_pad.o(.text)
    _printf_post_padding                     0x00000c57   Thumb Code    34  _printf_pad.o(.text)
    _printf_truncate_signed                  0x00000c79   Thumb Code    18  _printf_truncate.o(.text)
    _printf_truncate_unsigned                0x00000c8b   Thumb Code    18  _printf_truncate.o(.text)
    _printf_str                              0x00000c9d   Thumb Code    82  _printf_str.o(.text)
    _printf_int_common                       0x00000cef   Thumb Code   178  _printf_intcommon.o(.text)
    _printf_charcount                        0x00000da1   Thumb Code    40  _printf_charcount.o(.text)
    _printf_char_common                      0x00000dd3   Thumb Code    32  _printf_char_common.o(.text)
    _sputc                                   0x00000df9   Thumb Code    10  _sputc.o(.text)
    _printf_char_file                        0x00000e05   Thumb Code    32  _printf_char_file.o(.text)
    _printf_wctomb                           0x00000e29   Thumb Code   182  _printf_wctomb.o(.text)
    _printf_longlong_dec                     0x00000ee5   Thumb Code   108  _printf_longlong_dec.o(.text)
    _printf_longlong_oct                     0x00000f61   Thumb Code    66  _printf_oct_int_ll.o(.text)
    _printf_int_oct                          0x00000fa3   Thumb Code    24  _printf_oct_int_ll.o(.text)
    _printf_ll_oct                           0x00000fbb   Thumb Code    12  _printf_oct_int_ll.o(.text)
    _printf_longlong_hex                     0x00000fd1   Thumb Code    86  _printf_hex_int_ll_ptr.o(.text)
    _printf_int_hex                          0x00001027   Thumb Code    28  _printf_hex_int_ll_ptr.o(.text)
    _printf_ll_hex                           0x00001043   Thumb Code    12  _printf_hex_int_ll_ptr.o(.text)
    _printf_hex_ptr                          0x0000104f   Thumb Code    18  _printf_hex_int_ll_ptr.o(.text)
    _chval                                   0x00001065   Thumb Code    28  _chval.o(.text)
    _scanf_longlong                          0x00001081   Thumb Code   342  _scanf_longlong.o(.text)
    _scanf_really_real                       0x000013d5   Thumb Code   668  scanf_fp.o(.text)
    __vfscanf_char                           0x00001689   Thumb Code    24  scanf_char.o(.text)
    _sgetc                                   0x000016a9   Thumb Code    30  _sgetc.o(.text)
    _sbackspace                              0x000016c7   Thumb Code    34  _sgetc.o(.text)
    _scanf_mbtowc                            0x000016e9   Thumb Code   276  _scanf_mbtowc.o(.text)
    _scanf_wctomb                            0x000017fd   Thumb Code   232  _scanf_wctomb.o(.text)
    _scanf_wstring                           0x000018e5   Thumb Code   208  _scanf_wstr.o(.text)
    __flsbuf                                 0x000019b5   Thumb Code   470  flsbuf.o(.text)
    __flsbuf_byte                            0x000019b5   Thumb Code     0  flsbuf.o(.text)
    __flsbuf_wide                            0x000019b5   Thumb Code     0  flsbuf.o(.text)
    _fseek                                   0x00001b8d   Thumb Code   242  fseek.o(.text)
    fseek                                    0x00001b8d   Thumb Code     0  fseek.o(.text)
    setvbuf                                  0x00001c85   Thumb Code    70  setvbuf.o(.text)
    _seterr                                  0x00001ccd   Thumb Code    20  stdio.o(.text)
    _writebuf                                0x00001ce1   Thumb Code    84  stdio.o(.text)
    _fflush                                  0x00001d35   Thumb Code    70  stdio.o(.text)
    _deferredlazyseek                        0x00001d7b   Thumb Code    60  stdio.o(.text)
    _initio                                  0x00001dbd   Thumb Code   210  initio.o(.text)
    _terminateio                             0x00001e8f   Thumb Code    56  initio.o(.text)
    abort                                    0x00001ef5   Thumb Code    22  abort.o(.text)
    __cxa_finalize                           0x00001f0b   Thumb Code    66  cxa_finalize.o(.text)
    __rt_SIGPVFN                             0x00001f4d   Thumb Code    14  defsig_pvfn_outer.o(.text)
    __aeabi_memclr4                          0x00001f5b   Thumb Code     0  rt_memclr_w.o(.text)
    __aeabi_memclr8                          0x00001f5b   Thumb Code     0  rt_memclr_w.o(.text)
    __rt_memclr_w                            0x00001f5b   Thumb Code    78  rt_memclr_w.o(.text)
    _memset_w                                0x00001f5f   Thumb Code     0  rt_memclr_w.o(.text)
    __cxa_bad_typeid                         0x00001fa9   Thumb Code     4  arm_bad_typeid_noexceptions.o(.text)
    _ttywrch                                 0x00001fad   Thumb Code    14  sys_wrch.o(.text)
    _sys_exit                                0x00001fbd   Thumb Code     8  sys_exit.o(.text)
    __rt_heap_descriptor                     0x00001fc9   Thumb Code     8  rt_heap_descriptor.o(.text)
    __rt_locale                              0x00001fd1   Thumb Code     8  rt_locale.o(.text)
    __use_no_heap                            0x00001fd9   Thumb Code     2  hguard.o(.text)
    __heap$guard                             0x00001fdb   Thumb Code     2  hguard.o(.text)
    _terminate_user_alloc                    0x00001fdd   Thumb Code     2  init_alloc.o(.text)
    _init_user_alloc                         0x00001fdf   Thumb Code     2  init_alloc.o(.text)
    __Heap_Full                              0x00001fe1   Thumb Code    34  init_alloc.o(.text)
    __Heap_Broken                            0x00002003   Thumb Code     6  init_alloc.o(.text)
    _init_alloc                              0x00002009   Thumb Code    94  init_alloc.o(.text)
    __Heap_Initialize                        0x00002067   Thumb Code    10  h1_init.o(.text)
    __Heap_DescSize                          0x00002071   Thumb Code     4  h1_init.o(.text)
    _ll_udiv10                               0x00002075   Thumb Code   138  lludiv10.o(.text)
    isspace                                  0x000020ff   Thumb Code    18  isspace.o(.text)
    __lib_sel_fp_printf                      0x00002111   Thumb Code     2  _printf_fp_dec.o(.text)
    _printf_fp_dec_real                      0x000022bf   Thumb Code   620  _printf_fp_dec.o(.text)
    _printf_fp_hex_real                      0x0000252d   Thumb Code   756  _printf_fp_hex.o(.text)
    _printf_cs_common                        0x00002829   Thumb Code    20  _printf_char.o(.text)
    _printf_char                             0x0000283d   Thumb Code    16  _printf_char.o(.text)
    _printf_string                           0x0000284d   Thumb Code     8  _printf_char.o(.text)
    _printf_lcs_common                       0x00002855   Thumb Code    20  _printf_wchar.o(.text)
    _printf_wchar                            0x00002869   Thumb Code    16  _printf_wchar.o(.text)
    _printf_wstring                          0x00002879   Thumb Code     8  _printf_wchar.o(.text)
    __vfscanf                                0x00002881   Thumb Code   878  _scanf.o(.text)
    _scanf_wcharmap                          0x00002bf5   Thumb Code    30  _scanf_wcharmap.o(.text)
    _btod_etento                             0x00002c15   Thumb Code   216  bigflt0.o(.text)
    ferror                                   0x00002cf1   Thumb Code     8  ferror.o(.text)
    _ftell_internal                          0x00002cf9   Thumb Code    66  ftell.o(.text)
    ftell                                    0x00002cf9   Thumb Code     0  ftell.o(.text)
    _mbrtowc                                 0x00002d3b   Thumb Code    60  _mbrtowc.o(.text)
    _wcrtomb                                 0x00002d77   Thumb Code    64  _wcrtomb.o(.text)
    __sig_exit                               0x00002db7   Thumb Code    10  defsig_exit.o(.text)
    __rt_SIGABRT                             0x00002dc1   Thumb Code    14  defsig_abrt_outer.o(.text)
    __rt_SIGRTRED                            0x00002dcf   Thumb Code    14  defsig_rtred_outer.o(.text)
    __rt_SIGPVFN_inner                       0x00002ddd   Thumb Code    14  defsig_pvfn_inner.o(.text)
    __assert_puts                            0x00002e0d   Thumb Code    18  assert_stdio.o(.text)
    std::terminate()                         0x00002e25   Thumb Code    26  arm_exceptions_terminate.o(.text)
    __cxa_get_globals                        0x00002e47   Thumb Code    62  arm_exceptions_globs.o(.text)
    __I$use$semihosting                      0x00002e91   Thumb Code     0  use_no_semi.o(.text)
    __use_no_semihosting_swi                 0x00002e91   Thumb Code     2  use_no_semi.o(.text)
    __semihosting_library_function           0x00002e93   Thumb Code     0  indicate_semi.o(.text)
    __rt_eh_globals_addr                     0x00002e95   Thumb Code     8  rt_eh_globals_addr.o(.text)
    __Heap_ProvideMemory                     0x00002e9d   Thumb Code    52  h1_extend.o(.text)
    _printf_fp_infnan                        0x00002ed1   Thumb Code   112  _printf_fp_infnan.o(.text)
    _scanf_really_hex_real                   0x00002f51   Thumb Code   786  scanf_hexfp.o(.text)
    _scanf_really_infnan                     0x00003271   Thumb Code   292  scanf_infnan.o(.text)
    __default_signal_display                 0x000033a5   Thumb Code    50  defsig_general.o(.text)
    __rt_SIGABRT_inner                       0x000033d9   Thumb Code    14  defsig_abrt_inner.o(.text)
    __rt_SIGRTRED_inner                      0x00003409   Thumb Code    14  defsig_rtred_inner.o(.text)
    __rt_SIGRTMEM                            0x0000343d   Thumb Code    14  defsig_rtmem_outer.o(.text)
    __rt_heap_escrow                         0x0000344d   Thumb Code    22  heapauxa.o(.text)
    __rt_heap_expand                         0x00003463   Thumb Code    52  heapauxa.o(.text)
    __ARM_exceptions_buffer_init             0x0000349d   Thumb Code    18  arm_exceptions_mem.o(.text)
    __ARM_exceptions_buffer_allocate         0x000034af   Thumb Code    22  arm_exceptions_mem.o(.text)
    __ARM_exceptions_buffer_free             0x000034c5   Thumb Code    20  arm_exceptions_mem.o(.text)
    __aeabi_llsl                             0x000034d9   Thumb Code     0  llshl.o(.text)
    _ll_shift_l                              0x000034d9   Thumb Code    38  llshl.o(.text)
    __rt_SIGRTMEM_inner                      0x00003501   Thumb Code    22  defsig_rtmem_inner.o(.text)
    _btod_d2e                                0x00003551   Thumb Code    62  btod.o(CL$$btod_d2e)
    _d2e_denorm_low                          0x0000358f   Thumb Code    70  btod.o(CL$$btod_d2e_denorm_low)
    _d2e_norm_op1                            0x000035d5   Thumb Code    96  btod.o(CL$$btod_d2e_norm_op1)
    __btod_div_common                        0x00003635   Thumb Code   696  btod.o(CL$$btod_div_common)
    _e2d                                     0x0000396d   Thumb Code    80  btod.o(CL$$btod_e2d)
    _e2e                                     0x000039c1   Thumb Code   198  btod.o(CL$$btod_e2e)
    _btod_ediv                               0x00003a87   Thumb Code    40  btod.o(CL$$btod_ediv)
    _btod_edivd                              0x00003aaf   Thumb Code    40  btod.o(CL$$btod_edivd)
    _btod_emul                               0x00003ad7   Thumb Code    40  btod.o(CL$$btod_emul)
    _btod_emuld                              0x00003aff   Thumb Code    40  btod.o(CL$$btod_emuld)
    __btod_mult_common                       0x00003b27   Thumb Code   580  btod.o(CL$$btod_mult_common)
    SystemInit                               0x00003d71   Thumb Code   110  system_LPC17xx.o(i.SystemInit)
    mbed::DigitalOut::DigitalOut(PinName, const char*) 0x0000419d   Thumb Code    56  DigitalOut.LPC1768.o(i._ZN4mbed10DigitalOutC1E7PinNamePKc)
    mbed::DigitalOut::DigitalOut__sub_object(PinName, const char*) 0x0000419d   Thumb Code     0  DigitalOut.LPC1768.o(i._ZN4mbed10DigitalOutC1E7PinNamePKc)
    mbed::DigitalOut::~DigitalOut__deallocating() 0x000041d9   Thumb Code    14  DigitalOut.LPC1768.o(i._ZN4mbed10DigitalOutD0Ev)
    mbed::DigitalOut::~DigitalOut()          0x000041e7   Thumb Code     4  DigitalOut.LPC1768.o(i._ZN4mbed10DigitalOutD1Ev)
    mbed::DigitalOut::~DigitalOut__sub_object() 0x000041e7   Thumb Code     0  DigitalOut.LPC1768.o(i._ZN4mbed10DigitalOutD1Ev)
    mbed::FileHandle::flen()                 0x000041eb   Thumb Code    58  stdio.LPC1768.o(i._ZN4mbed10FileHandle4flenEv)
    mbed::FunctionPointer::FunctionPointer(void(*)()) 0x00004225   Thumb Code     8  FunctionPointer.LPC1768.o(i._ZN4mbed15FunctionPointerC1EPFvvE)
    mbed::FunctionPointer::FunctionPointer__sub_object(void(*)()) 0x00004225   Thumb Code     0  FunctionPointer.LPC1768.o(i._ZN4mbed15FunctionPointerC1EPFvvE)
    mbed::CAN::read(mbed::CANMessage&)       0x0000422d   Thumb Code     6  CAN.LPC1768.o(i._ZN4mbed3CAN4readERNS_10CANMessageE)
    mbed::CAN::frequency(int)                0x00004233   Thumb Code     6  CAN.LPC1768.o(i._ZN4mbed3CAN9frequencyEi)
    mbed::CAN::CAN(PinName, PinName)         0x00004239   Thumb Code    42  CAN.LPC1768.o(i._ZN4mbed3CANC1E7PinNameS1_)
    mbed::CAN::CAN__sub_object(PinName, PinName) 0x00004239   Thumb Code     0  CAN.LPC1768.o(i._ZN4mbed3CANC1E7PinNameS1_)
    mbed::CAN::~CAN__deallocating()          0x00004269   Thumb Code    28  CAN.LPC1768.o(i._ZN4mbed3CAND0Ev)
    mbed::CAN::~CAN()                        0x00004289   Thumb Code    24  CAN.LPC1768.o(i._ZN4mbed3CAND1Ev)
    mbed::CAN::~CAN__sub_object()            0x00004289   Thumb Code     0  CAN.LPC1768.o(i._ZN4mbed3CAND1Ev)
    mbed::Base::clear(const char*, char*)    0x000042a5   Thumb Code    42  Base.LPC1768.o(i._ZN4mbed4Base5clearEPKcPc)
    mbed::Base::lookup(const char*, unsigned) 0x000042d5   Thumb Code    50  Base.LPC1768.o(i._ZN4mbed4Base6lookupEPKcj)
    mbed::Base::list_objs(const char*, char*) 0x0000430d   Thumb Code    56  Base.LPC1768.o(i._ZN4mbed4Base9list_objsEPKcPc)
    mbed::Base::Base(const char*)            0x0000434d   Thumb Code    28  Base.LPC1768.o(i._ZN4mbed4BaseC1EPKc)
    mbed::Base::Base__sub_object(const char*) 0x0000434d   Thumb Code     0  Base.LPC1768.o(i._ZN4mbed4BaseC1EPKc)
    mbed::Base::~Base__deallocating()        0x00004371   Thumb Code    44  Base.LPC1768.o(i._ZN4mbed4BaseD0Ev)
    mbed::Base::~Base()                      0x000043a5   Thumb Code    46  Base.LPC1768.o(i._ZN4mbed4BaseD1Ev)
    mbed::Base::~Base__sub_object()          0x000043a5   Thumb Code     0  Base.LPC1768.o(i._ZN4mbed4BaseD1Ev)
    mbed::Serial::_putc(int)                 0x000043dd   Thumb Code    14  Serial.LPC1768.o(i._ZN4mbed6Serial5_putcEi)
    mbed::Serial::Serial(PinName, PinName, const char*) 0x000043ed   Thumb Code   134  Serial.LPC1768.o(i._ZN4mbed6SerialC1E7PinNameS1_PKc)
    mbed::Serial::Serial__sub_object(PinName, PinName, const char*) 0x000043ed   Thumb Code     0  Serial.LPC1768.o(i._ZN4mbed6SerialC1E7PinNameS1_PKc)
    mbed::Serial::~Serial__deallocating()    0x0000447d   Thumb Code    14  Serial.LPC1768.o(i._ZN4mbed6SerialD0Ev)
    mbed::Serial::~Serial()                  0x0000448b   Thumb Code     4  Serial.LPC1768.o(i._ZN4mbed6SerialD1Ev)
    mbed::Serial::~Serial__sub_object()      0x0000448b   Thumb Code     0  Serial.LPC1768.o(i._ZN4mbed6SerialD1Ev)
    mbed::Stream::printf(const char*, ...)   0x0000448f   Thumb Code    30  Stream.LPC1768.o(i._ZN4mbed6Stream6printfEPKcz)
    mbed::Stream::Stream__sub_object(const char*) 0x000044ad   Thumb Code    50  Stream.LPC1768.o(i._ZN4mbed6StreamC2EPKc)
    mbed::Stream::~Stream__deallocating()    0x000044ed   Thumb Code    32  Stream.LPC1768.o(i._ZN4mbed6StreamD0Ev)
    mbed::Stream::~Stream()                  0x00004511   Thumb Code     0  Stream.LPC1768.o(i._ZN4mbed6StreamD2Ev)
    mbed::Stream::~Stream__sub_object()      0x00004511   Thumb Code    28  Stream.LPC1768.o(i._ZN4mbed6StreamD2Ev)
    mbed::FileLike::~FileLike__deallocating() 0x00004531   Thumb Code    50  stdio.LPC1768.o(i._ZN4mbed8FileLikeD0Ev)
    mbed::FileLike::~FileLike()              0x0000456d   Thumb Code     0  stdio.LPC1768.o(i._ZN4mbed8FileLikeD2Ev)
    mbed::FileLike::~FileLike__sub_object()  0x0000456d   Thumb Code    44  stdio.LPC1768.o(i._ZN4mbed8FileLikeD2Ev)
    std::type_info::operator ==(const std::type_info&) const 0x000045a1   Thumb Code    32  type_info_eq.o(i._ZNKSt9type_infoeqERKS_)
    thunk{-16} to mbed::Stream::flen()       0x000045c1   Thumb Code     4  Stream.LPC1768.o(i._ZThn16_N4mbed6Stream4flenEv)
    thunk{-16} to mbed::Stream::close()      0x000045c5   Thumb Code     4  Stream.LPC1768.o(i._ZThn16_N4mbed6Stream5closeEv)
    thunk{-16} to mbed::Stream::lseek(long, int) 0x000045c9   Thumb Code     4  Stream.LPC1768.o(i._ZThn16_N4mbed6Stream5lseekEli)
    thunk{-16} to mbed::Stream::write(const void*, unsigned) 0x000045cd   Thumb Code    44  Stream.LPC1768.o(i._ZThn16_N4mbed6Stream5writeEPKvj)
    thunk{-16} to mbed::Stream::isatty()     0x000045f9   Thumb Code     4  Stream.LPC1768.o(i._ZThn16_N4mbed6Stream6isattyEv)
    operator delete[] (void*)                0x000045fd   Thumb Code     8  array_del.o(i._ZdaPv)
    operator delete (void*)                  0x00004605   Thumb Code     8  delete.o(i._ZdlPv)
    __ARM_common_get_typeid                  0x0000460d   Thumb Code    32  rtti.o(i.__ARM_common_get_typeid)
    __ARM_fpclassify                         0x0000462d   Thumb Code    40  fpclassify.o(i.__ARM_fpclassify)
    __aeabi_vec_ctor_nocookie_nodtor         0x00004655   Thumb Code    36  aeabi_vec_ctor_nocookie_nodtor.o(i.__aeabi_vec_ctor_nocookie_nodtor)
    __cxa_pure_virtual                       0x00004679   Thumb Code     6  pure_virt.o(i.__cxa_pure_virtual)
    __derived_to_base_conversion             0x00004681   Thumb Code   106  rtti.o(i.__derived_to_base_conversion)
    __dynamic_cast                           0x000046f1   Thumb Code   170  rtti.o(i.__dynamic_cast)
    __mathlib_dbl_overflow                   0x000047a5   Thumb Code    14  dunder.o(i.__mathlib_dbl_overflow)
    __mathlib_dbl_underflow                  0x000047b5   Thumb Code    10  dunder.o(i.__mathlib_dbl_underflow)
    __mathlib_narrow                         0x000047c5   Thumb Code    16  narrow.o(i.__mathlib_narrow)
    __mathlib_tofloat                        0x000047d5   Thumb Code   132  narrow.o(i.__mathlib_tofloat)
    __support_ldexp                          0x000048f5   Thumb Code    22  ldexp.o(i.__support_ldexp)
    __user_setup_stackheap                   0x0000490d   Thumb Code     8  stackheap.o(i.__user_setup_stackheap)
    _is_digit                                0x00004919   Thumb Code    14  __printf_wp.o(i._is_digit)
    _sys_close                               0x00004929   Thumb Code    40  stdio.LPC1768.o(i._sys_close)
    _sys_flen                                0x00004955   Thumb Code    34  stdio.LPC1768.o(i._sys_flen)
    _sys_istty                               0x0000497d   Thumb Code    34  stdio.LPC1768.o(i._sys_istty)
    _sys_open                                0x000049a5   Thumb Code   348  stdio.LPC1768.o(i._sys_open)
    _sys_seek                                0x00004b29   Thumb Code    40  stdio.LPC1768.o(i._sys_seek)
    _sys_write                               0x00004b55   Thumb Code    76  stdio.LPC1768.o(i._sys_write)
    can_free                                 0x00004ba9   Thumb Code    44  can_api.LPC1768.o(i.can_free)
    can_frequency                            0x00004bd9   Thumb Code   202  can_api.LPC1768.o(i.can_frequency)
    can_init                                 0x00004cb5   Thumb Code   146  can_api.LPC1768.o(i.can_init)
    can_read                                 0x00004d81   Thumb Code   102  can_api.LPC1768.o(i.can_read)
    exit                                     0x00004de7   Thumb Code    22  exit.LPC1768.o(i.exit)
    fputc                                    0x00004dfd   Thumb Code    26  fputc.o(i.fputc)
    frexp                                    0x00004e19   Thumb Code    80  frexp.o(i.frexp)
    gpio_output                              0x00004e71   Thumb Code    48  gpio_api.LPC1768.o(i.gpio_output)
    gpio_write                               0x00004ea1   Thumb Code    24  gpio_api.LPC1768.o(i.gpio_write)
    ldexp                                    0x00004eb9   Thumb Code   116  ldexp.o(i.ldexp)
    main                                     0x00004f2d   Thumb Code   184  main.o(i.main)
    mbed_die                                 0x000050a5   Thumb Code   114  utils_api.LPC1768.o(i.mbed_die)
    pin_function                             0x0000511d   Thumb Code    52  pinmap.LPC1768.o(i.pin_function)
    pin_mode                                 0x00005155   Thumb Code   100  pinmap.LPC1768.o(i.pin_mode)
    pinmap_merge                             0x000051bd   Thumb Code    36  pinmap.LPC1768.o(i.pinmap_merge)
    pinmap_peripheral                        0x000051f9   Thumb Code    50  pinmap.LPC1768.o(i.pinmap_peripheral)
    pinmap_pinout                            0x00005251   Thumb Code   176  pinmap.LPC1768.o(i.pinmap_pinout)
    scalbn                                   0x0000531d   Thumb Code   116  scalbn.o(i.scalbn)
    semihost_exit                            0x00005391   Thumb Code    12  semihost_api.LPC1768.o(i.semihost_exit)
    serial_baud                              0x0000539d   Thumb Code   422  serial_api.LPC1768.o(i.serial_baud)
    serial_format                            0x00005565   Thumb Code   132  serial_api.LPC1768.o(i.serial_format)
    serial_init                              0x000055f9   Thumb Code   178  serial_api.LPC1768.o(i.serial_init)
    serial_putc                              0x000056dd   Thumb Code    12  serial_api.LPC1768.o(i.serial_putc)
    timer_frequency                          0x000056e9   Thumb Code    16  timer_api.LPC1768.o(i.timer_frequency)
    timer_init                               0x000056fd   Thumb Code    98  timer_api.LPC1768.o(i.timer_init)
    timer_read                               0x0000576d   Thumb Code     4  timer_api.LPC1768.o(i.timer_read)
    timer_start                              0x00005771   Thumb Code    12  timer_api.LPC1768.o(i.timer_start)
    us_ticker_read                           0x0000577d   Thumb Code    44  us_ticker_api.LPC1768.o(i.us_ticker_read)
    wait_ms                                  0x000057b5   Thumb Code    28  wait_api.LPC1768.o(i.wait_ms)
    _get_lc_ctype                            0x000057d1   Thumb Code    44  lc_ctype_c.o(locale$$code)
    _get_lc_numeric                          0x000057fd   Thumb Code    44  lc_numeric_c.o(locale$$code)
    __aeabi_d2f                              0x00005829   Thumb Code     0  d2f.o(x$fpl$d2f)
    _d2f                                     0x00005829   Thumb Code    98  d2f.o(x$fpl$d2f)
    __fpl_dcheck_NaN1                        0x0000588d   Thumb Code    10  dcheck1.o(x$fpl$dcheck1)
    __fpl_dcmp_Inf                           0x0000589d   Thumb Code    24  dcmpi.o(x$fpl$dcmpinf)
    __aeabi_ddiv                             0x000058b5   Thumb Code     0  ddiv.o(x$fpl$ddiv)
    _ddiv                                    0x000058b5   Thumb Code   552  ddiv.o(x$fpl$ddiv)
    __aeabi_cdcmpeq                          0x00005b65   Thumb Code     0  deqf.o(x$fpl$deqf)
    _dcmpeq                                  0x00005b65   Thumb Code   120  deqf.o(x$fpl$deqf)
    __aeabi_ui2d                             0x00005bdd   Thumb Code     0  dflt_clz.o(x$fpl$dfltu)
    _dfltu                                   0x00005bdd   Thumb Code    38  dflt_clz.o(x$fpl$dfltu)
    __aeabi_cdcmple                          0x00005c05   Thumb Code     0  dleqf.o(x$fpl$dleqf)
    _dcmple                                  0x00005c05   Thumb Code   120  dleqf.o(x$fpl$dleqf)
    __fpl_dcmple_InfNaN                      0x00005c67   Thumb Code     0  dleqf.o(x$fpl$dleqf)
    __aeabi_dmul                             0x00005c7d   Thumb Code     0  dmul.o(x$fpl$dmul)
    _dmul                                    0x00005c7d   Thumb Code   332  dmul.o(x$fpl$dmul)
    __fpl_dnaninf                            0x00005dd1   Thumb Code   156  dnaninf.o(x$fpl$dnaninf)
    __fpl_dretinf                            0x00005e6d   Thumb Code    12  dretinf.o(x$fpl$dretinf)
    __aeabi_cdrcmple                         0x00005e79   Thumb Code     0  drleqf.o(x$fpl$drleqf)
    _drcmple                                 0x00005e79   Thumb Code   108  drleqf.o(x$fpl$drleqf)
    __aeabi_f2d                              0x00005ee5   Thumb Code     0  f2d.o(x$fpl$f2d)
    _f2d                                     0x00005ee5   Thumb Code    86  f2d.o(x$fpl$f2d)
    __aeabi_fadd                             0x00005f3d   Thumb Code     0  faddsub_clz.o(x$fpl$fadd)
    _fadd                                    0x00005f3d   Thumb Code   196  faddsub_clz.o(x$fpl$fadd)
    __fpl_fcmp_Inf                           0x00006001   Thumb Code    24  fcmpi.o(x$fpl$fcmpinf)
    __aeabi_fdiv                             0x00006019   Thumb Code     0  fdiv.o(x$fpl$fdiv)
    _fdiv                                    0x00006019   Thumb Code   384  fdiv.o(x$fpl$fdiv)
    __aeabi_i2f                              0x0000619d   Thumb Code     0  fflt_clz.o(x$fpl$fflt)
    _fflt                                    0x0000619d   Thumb Code    48  fflt_clz.o(x$fpl$fflt)
    __aeabi_ui2f                             0x000061cd   Thumb Code     0  fflt_clz.o(x$fpl$ffltu)
    _ffltu                                   0x000061cd   Thumb Code    38  fflt_clz.o(x$fpl$ffltu)
    __aeabi_cfcmple                          0x000061f5   Thumb Code     0  fleqf.o(x$fpl$fleqf)
    _fcmple                                  0x000061f5   Thumb Code   104  fleqf.o(x$fpl$fleqf)
    __fpl_fcmple_InfNaN                      0x00006247   Thumb Code     0  fleqf.o(x$fpl$fleqf)
    __fpl_fnaninf                            0x0000625d   Thumb Code   140  fnaninf.o(x$fpl$fnaninf)
    __fpl_fretinf                            0x000062e9   Thumb Code    10  fretinf.o(x$fpl$fretinf)
    __aeabi_fsub                             0x000062f5   Thumb Code     0  faddsub_clz.o(x$fpl$fsub)
    _fsub                                    0x000062f5   Thumb Code   234  faddsub_clz.o(x$fpl$fsub)
    _printf_fp_dec                           0x000063df   Thumb Code     4  printf1.o(x$fpl$printf1)
    _printf_fp_hex                           0x000063e3   Thumb Code     4  printf2.o(x$fpl$printf2)
    __fpl_return_NaN                         0x000063e7   Thumb Code   100  retnan.o(x$fpl$retnan)
    __ARM_scalbn                             0x0000644b   Thumb Code    92  scalbn.o(x$fpl$scalbn)
    _scanf_real                              0x000064a7   Thumb Code     4  scanf1.o(x$fpl$scanf1)
    _scanf_hex_real                          0x000064ab   Thumb Code     4  scanf2.o(x$fpl$scanf2)
    _scanf_infnan                            0x000064af   Thumb Code     4  scanf2.o(x$fpl$scanf2)
    __fpl_cmpreturn                          0x000064b3   Thumb Code    48  trapv.o(x$fpl$trapveneer)
    __I$use$fp                               0x000064e2   Number         0  usenofp.o(x$fpl$usenofp)
    mbed::Base::_base_funcs                  0x000064e4   Data          24  Base.LPC1768.o(.constdata)
    __stdin_name                             0x00006768   Data           7  stdio.LPC1768.o(.constdata)
    __stdout_name                            0x0000676f   Data           8  stdio.LPC1768.o(.constdata)
    __stderr_name                            0x00006777   Data           8  stdio.LPC1768.o(.constdata)
    typeinfo for __cxxabiv1::__class_type_info 0x0000687c   Data          12  lib_rtti_impl.o(.constdata__ZTIN10__cxxabiv117__class_type_infoE)
    typeinfo for __cxxabiv1::__si_class_type_info 0x00006888   Data          12  lib_rtti_impl.o(.constdata__ZTIN10__cxxabiv120__si_class_type_infoE)
    typeinfo for __cxxabiv1::__vmi_class_type_info 0x00006894   Data          12  lib_rtti_impl.o(.constdata__ZTIN10__cxxabiv121__vmi_class_type_infoE)
    typeinfo for mbed::DigitalOut            0x000068a0   Data          12  DigitalOut.LPC1768.o(.constdata__ZTIN4mbed10DigitalOutE)
    typeinfo for mbed::FileHandle            0x000068ac   Data           8  stdio.LPC1768.o(.constdata__ZTIN4mbed10FileHandleE)
    typeinfo for mbed::FileSystemLike        0x000068b4   Data          12  Base.LPC1768.o(.constdata__ZTIN4mbed14FileSystemLikeE)
    typeinfo for mbed::CAN                   0x000068c0   Data          12  CAN.LPC1768.o(.constdata__ZTIN4mbed3CANE)
    typeinfo for mbed::Base                  0x000068cc   Data           8  Base.LPC1768.o(.constdata__ZTIN4mbed4BaseE)
    typeinfo for mbed::Serial                0x000068d4   Data          12  Serial.LPC1768.o(.constdata__ZTIN4mbed6SerialE)
    typeinfo for mbed::Stream                0x000068e0   Data          12  Stream.LPC1768.o(.constdata__ZTIN4mbed6StreamE)
    typeinfo for mbed::FileLike              0x000068ec   Data          32  stdio.LPC1768.o(.constdata__ZTIN4mbed8FileLikeE)
    typeinfo for std::type_info              0x0000690c   Data           8  type_info_dtor.o(.constdata__ZTISt9type_info)
    typeinfo name for __cxxabiv1::__class_type_info 0x00006914   Data          34  lib_rtti_impl.o(.constdata__ZTSN10__cxxabiv117__class_type_infoE)
    typeinfo name for __cxxabiv1::__si_class_type_info 0x00006936   Data          37  lib_rtti_impl.o(.constdata__ZTSN10__cxxabiv120__si_class_type_infoE)
    typeinfo name for __cxxabiv1::__vmi_class_type_info 0x0000695b   Data          38  lib_rtti_impl.o(.constdata__ZTSN10__cxxabiv121__vmi_class_type_infoE)
    typeinfo name for mbed::DigitalOut       0x00006981   Data          20  DigitalOut.LPC1768.o(.constdata__ZTSN4mbed10DigitalOutE)
    typeinfo name for mbed::FileHandle       0x00006995   Data          20  stdio.LPC1768.o(.constdata__ZTSN4mbed10FileHandleE)
    typeinfo name for mbed::FileSystemLike   0x000069a9   Data          24  Base.LPC1768.o(.constdata__ZTSN4mbed14FileSystemLikeE)
    typeinfo name for mbed::CAN              0x000069c1   Data          12  CAN.LPC1768.o(.constdata__ZTSN4mbed3CANE)
    typeinfo name for mbed::Base             0x000069cd   Data          13  Base.LPC1768.o(.constdata__ZTSN4mbed4BaseE)
    typeinfo name for mbed::Serial           0x000069da   Data          15  Serial.LPC1768.o(.constdata__ZTSN4mbed6SerialE)
    typeinfo name for mbed::Stream           0x000069e9   Data          15  Stream.LPC1768.o(.constdata__ZTSN4mbed6StreamE)
    typeinfo name for mbed::FileLike         0x000069f8   Data          17  stdio.LPC1768.o(.constdata__ZTSN4mbed8FileLikeE)
    typeinfo name for std::type_info         0x00006a09   Data          13  type_info_dtor.o(.constdata__ZTSSt9type_info)
    vtable for __cxxabiv1::__class_type_info 0x00006a18   Data          16  lib_rtti_impl.o(.constdata__ZTVN10__cxxabiv117__class_type_infoE)
    vtable for __cxxabiv1::__si_class_type_info 0x00006a28   Data          16  lib_rtti_impl.o(.constdata__ZTVN10__cxxabiv120__si_class_type_infoE)
    vtable for __cxxabiv1::__vmi_class_type_info 0x00006a38   Data          16  lib_rtti_impl.o(.constdata__ZTVN10__cxxabiv121__vmi_class_type_infoE)
    vtable for mbed::DigitalOut              0x00006a48   Data          24  DigitalOut.LPC1768.o(.constdata__ZTVN4mbed10DigitalOutE)
    vtable for mbed::CAN                     0x00006a60   Data          24  CAN.LPC1768.o(.constdata__ZTVN4mbed3CANE)
    vtable for mbed::Base                    0x00006a78   Data          24  Base.LPC1768.o(.constdata__ZTVN4mbed4BaseE)
    vtable for mbed::Serial                  0x00006a90   Data          96  Serial.LPC1768.o(.constdata__ZTVN4mbed6SerialE)
    vtable for mbed::Stream                  0x00006af0   Data          96  Stream.LPC1768.o(.constdata__ZTVN4mbed6StreamE)
    vtable for mbed::FileLike                0x00006b50   Data          60  stdio.LPC1768.o(.constdata__ZTVN4mbed8FileLikeE)
    Region$$Table$$Base                      0x00006ba0   Number         0  anon$$obj.o(Region$$Table)
    Region$$Table$$Limit                     0x00006bc0   Number         0  anon$$obj.o(Region$$Table)
    __aeabi_HUGE_VAL                         0x00006bc0   Data           0  fpconst.o(c$$dinf)
    __aeabi_HUGE_VALL                        0x00006bc0   Data           0  fpconst.o(c$$dinf)
    __aeabi_INFINITY                         0x00006bc0   Data           0  fpconst.o(c$$dinf)
    __dInf                                   0x00006bc0   Data           0  fpconst.o(c$$dinf)
    __huge_val                               0x00006bc0   Data           0  fpconst.o(c$$dinf)
    __ctype                                  0x00006bd5   Data           0  lc_ctype_c.o(locale$$data)
    SHT$$INIT_ARRAY$$Base                    0x00006cf4   Number         0  main.o(.init_array)
    SHT$$INIT_ARRAY$$Limit                   0x00006cf8   Number         0  init_aeabi.o(.init_array)
    SystemCoreClock                          0x100000c4   Data           4  system_LPC17xx.o(.data)
    mbed::Base::_head                        0x100000c8   Data           4  Base.LPC1768.o(.data)
    mbed::Base::_classes                     0x100000cc   Data           4  Base.LPC1768.o(.data)
    mbed::Base::_base_class                  0x100000d0   Data          12  Base.LPC1768.o(.data)
    __aeabi_stdin                            0x100000e0   Data           4  stdio_streams.o(.data)
    __aeabi_stdout                           0x100000e4   Data           4  stdio_streams.o(.data)
    __aeabi_stderr                           0x100000e8   Data           4  stdio_streams.o(.data)
    can                                      0x100000f0   Data          48  main.o(.bss)
    led1                                     0x10000120   Data          28  main.o(.bss)
    led2                                     0x1000013c   Data          28  main.o(.bss)
    pc                                       0x10000158   Data          88  main.o(.bss)
    msg                                      0x100001b0   Data          16  main.o(.bss)
    __stdin                                  0x10000200   Data          84  stdio_streams.o(.bss)
    __stdout                                 0x10000254   Data          84  stdio_streams.o(.bss)
    __stderr                                 0x100002a8   Data          84  stdio_streams.o(.bss)
    Image$$RW_IRAM1$$ZI$$Limit               0x10000320   Number         0  anon$$obj.o ABSOLUTE



==============================================================================

Memory Map of the image

  Image Entry point : 0x000000c5

  Load Region LR_IROM1 (Base: 0x00000000, Size: 0x00006de8, Max: 0x00080000, ABSOLUTE)

    Execution Region ER_IROM1 (Base: 0x00000000, Size: 0x00006cf8, Max: 0x00080000, ABSOLUTE)

    Base Addr    Size         Type   Attr      Idx    E Section Name        Object

    0x00000000   0x000000c4   Data   RO          736    RESET               startup_LPC17xx.o
    0x000000c4   0x00000008   Code   RO         1480  * !!!main             c_w.l(__main.o)
    0x000000cc   0x00000034   Code   RO         2380    !!!scatter          c_w.l(__scatter.o)
    0x00000100   0x0000001a   Code   RO         2382    !!handler_copy      c_w.l(__scatter_copy.o)
    0x0000011a   0x00000002   PAD
    0x0000011c   0x0000001c   Code   RO         2384    !!handler_zi        c_w.l(__scatter_zi.o)
    0x00000138   0x00000000   Code   RO         1410    .ARM.Collect$$_printf_percent$$00000000  c_w.l(_printf_percent.o)
    0x00000138   0x00000006   Code   RO         1835    .ARM.Collect$$_printf_percent$$00000001  c_w.l(_printf_n.o)
    0x0000013e   0x00000006   Code   RO         1837    .ARM.Collect$$_printf_percent$$00000002  c_w.l(_printf_p.o)
    0x00000144   0x00000006   Code   RO         1841    .ARM.Collect$$_printf_percent$$00000003  c_w.l(_printf_f.o)
    0x0000014a   0x00000006   Code   RO         1842    .ARM.Collect$$_printf_percent$$00000004  c_w.l(_printf_e.o)
    0x00000150   0x00000006   Code   RO         1843    .ARM.Collect$$_printf_percent$$00000005  c_w.l(_printf_g.o)
    0x00000156   0x00000006   Code   RO         1844    .ARM.Collect$$_printf_percent$$00000006  c_w.l(_printf_a.o)
    0x0000015c   0x0000000a   Code   RO         1849    .ARM.Collect$$_printf_percent$$00000007  c_w.l(_printf_ll.o)
    0x00000166   0x00000006   Code   RO         1839    .ARM.Collect$$_printf_percent$$00000008  c_w.l(_printf_i.o)
    0x0000016c   0x00000006   Code   RO         1409    .ARM.Collect$$_printf_percent$$00000009  c_w.l(_printf_d.o)
    0x00000172   0x00000006   Code   RO         1840    .ARM.Collect$$_printf_percent$$0000000A  c_w.l(_printf_u.o)
    0x00000178   0x00000006   Code   RO         1838    .ARM.Collect$$_printf_percent$$0000000B  c_w.l(_printf_o.o)
    0x0000017e   0x00000006   Code   RO         1836    .ARM.Collect$$_printf_percent$$0000000C  c_w.l(_printf_x.o)
    0x00000184   0x00000006   Code   RO         1846    .ARM.Collect$$_printf_percent$$0000000D  c_w.l(_printf_lli.o)
    0x0000018a   0x00000006   Code   RO         1847    .ARM.Collect$$_printf_percent$$0000000E  c_w.l(_printf_lld.o)
    0x00000190   0x00000006   Code   RO         1848    .ARM.Collect$$_printf_percent$$0000000F  c_w.l(_printf_llu.o)
    0x00000196   0x00000006   Code   RO         1853    .ARM.Collect$$_printf_percent$$00000010  c_w.l(_printf_llo.o)
    0x0000019c   0x00000006   Code   RO         1854    .ARM.Collect$$_printf_percent$$00000011  c_w.l(_printf_llx.o)
    0x000001a2   0x0000000a   Code   RO         1850    .ARM.Collect$$_printf_percent$$00000012  c_w.l(_printf_l.o)
    0x000001ac   0x00000006   Code   RO         1833    .ARM.Collect$$_printf_percent$$00000013  c_w.l(_printf_c.o)
    0x000001b2   0x00000006   Code   RO         1834    .ARM.Collect$$_printf_percent$$00000014  c_w.l(_printf_s.o)
    0x000001b8   0x00000006   Code   RO         1851    .ARM.Collect$$_printf_percent$$00000015  c_w.l(_printf_lc.o)
    0x000001be   0x00000006   Code   RO         1852    .ARM.Collect$$_printf_percent$$00000016  c_w.l(_printf_ls.o)
    0x000001c4   0x00000004   Code   RO         1845    .ARM.Collect$$_printf_percent$$00000017  c_w.l(_printf_percent_end.o)
    0x000001c8   0x00000002   Code   RO         2316    .ARM.Collect$$libinit$$00000000  c_w.l(libinit.o)
    0x000001ca   0x00000000   Code   RO         1908    .ARM.Collect$$libinit$$00000002  c_w.l(libinit2.o)
    0x000001ca   0x00000000   Code   RO         1910    .ARM.Collect$$libinit$$00000004  c_w.l(libinit2.o)
    0x000001ca   0x00000008   Code   RO         1911    .ARM.Collect$$libinit$$00000005  c_w.l(libinit2.o)
    0x000001d2   0x00000000   Code   RO         1913    .ARM.Collect$$libinit$$0000000A  c_w.l(libinit2.o)
    0x000001d2   0x00000000   Code   RO         1915    .ARM.Collect$$libinit$$0000000C  c_w.l(libinit2.o)
    0x000001d2   0x00000000   Code   RO         1917    .ARM.Collect$$libinit$$0000000E  c_w.l(libinit2.o)
    0x000001d2   0x00000006   Code   RO         1918    .ARM.Collect$$libinit$$0000000F  c_w.l(libinit2.o)
    0x000001d8   0x00000000   Code   RO         1920    .ARM.Collect$$libinit$$00000011  c_w.l(libinit2.o)
    0x000001d8   0x0000000c   Code   RO         1921    .ARM.Collect$$libinit$$00000012  c_w.l(libinit2.o)
    0x000001e4   0x00000000   Code   RO         1922    .ARM.Collect$$libinit$$00000013  c_w.l(libinit2.o)
    0x000001e4   0x00000000   Code   RO         1924    .ARM.Collect$$libinit$$00000015  c_w.l(libinit2.o)
    0x000001e4   0x0000000a   Code   RO         1925    .ARM.Collect$$libinit$$00000016  c_w.l(libinit2.o)
    0x000001ee   0x00000000   Code   RO         1926    .ARM.Collect$$libinit$$00000017  c_w.l(libinit2.o)
    0x000001ee   0x00000000   Code   RO         1928    .ARM.Collect$$libinit$$00000019  c_w.l(libinit2.o)
    0x000001ee   0x00000000   Code   RO         1930    .ARM.Collect$$libinit$$0000001B  c_w.l(libinit2.o)
    0x000001ee   0x00000000   Code   RO         1932    .ARM.Collect$$libinit$$0000001D  c_w.l(libinit2.o)
    0x000001ee   0x00000000   Code   RO         1934    .ARM.Collect$$libinit$$0000001F  c_w.l(libinit2.o)
    0x000001ee   0x00000000   Code   RO         1936    .ARM.Collect$$libinit$$00000021  c_w.l(libinit2.o)
    0x000001ee   0x00000000   Code   RO         1938    .ARM.Collect$$libinit$$00000023  c_w.l(libinit2.o)
    0x000001ee   0x00000004   Code   RO         1939    .ARM.Collect$$libinit$$00000024  c_w.l(libinit2.o)
    0x000001f2   0x00000000   Code   RO         1940    .ARM.Collect$$libinit$$00000025  c_w.l(libinit2.o)
    0x000001f2   0x00000000   Code   RO         1944    .ARM.Collect$$libinit$$0000002C  c_w.l(libinit2.o)
    0x000001f2   0x00000000   Code   RO         1946    .ARM.Collect$$libinit$$0000002E  c_w.l(libinit2.o)
    0x000001f2   0x00000000   Code   RO         1948    .ARM.Collect$$libinit$$00000030  c_w.l(libinit2.o)
    0x000001f2   0x00000004   Code   RO         1949    .ARM.Collect$$libinit$$00000031  c_w.l(libinit2.o)
    0x000001f6   0x00000000   Code   RO         1950    .ARM.Collect$$libinit$$00000032  c_w.l(libinit2.o)
    0x000001f6   0x00000002   Code   RO         1951    .ARM.Collect$$libinit$$00000033  c_w.l(libinit2.o)
    0x000001f8   0x00000000   Code   RO         2194    .ARM.Collect$$libshutdown$$00000002  c_w.l(libshutdown2.o)
    0x000001f8   0x00000000   Code   RO         2196    .ARM.Collect$$libshutdown$$00000004  c_w.l(libshutdown2.o)
    0x000001f8   0x00000000   Code   RO         1703    .ARM.Collect$$rtentry$$00000000  c_w.l(__rtentry.o)
    0x000001f8   0x00000000   Code   RO         2043    .ARM.Collect$$rtentry$$00000002  c_w.l(__rtentry2.o)
    0x000001f8   0x00000006   Code   RO         2055    .ARM.Collect$$rtentry$$00000004  c_w.l(__rtentry4.o)
    0x000001fe   0x00000000   Code   RO         2045    .ARM.Collect$$rtentry$$00000009  c_w.l(__rtentry2.o)
    0x000001fe   0x00000004   Code   RO         2046    .ARM.Collect$$rtentry$$0000000A  c_w.l(__rtentry2.o)
    0x00000202   0x00000000   Code   RO         2048    .ARM.Collect$$rtentry$$0000000C  c_w.l(__rtentry2.o)
    0x00000202   0x00000008   Code   RO         2049    .ARM.Collect$$rtentry$$0000000D  c_w.l(__rtentry2.o)
    0x0000020a   0x00000002   PAD
    0x0000020c   0x00000000   Code   RO         2276    .emb_text           c_w.l(maybetermalloc1.o)
    0x0000020c   0x00000024   Code   RO          738    .text               startup_LPC17xx.o
    0x00000230   0x00000014   Code   RO         1375    .text               c_w.l(fprintf.o)
    0x00000244   0x0000000a   Code   RO         1377    .text               c_w.l(vfprintf.o)
    0x0000024e   0x00000002   PAD
    0x00000250   0x0000002c   Code   RO         1379    .text               c_w.l(sprintf.o)
    0x0000027c   0x00000078   Code   RO         1387    .text               c_w.l(_printf_dec.o)
    0x000002f4   0x00000008   Code   RO         1711    .text               c_w.l(rt_ddtor_pointer_addr.o)
    0x000002fc   0x00000004   Code   RO          737    .ARM.__at_0x02FC    startup_LPC17xx.o
    0x00000300   0x00000188   Code   RO         1406    .text               c_w.l(__printf_flags_ss_wp.o)
    0x00000488   0x0000003c   Code   RO         1411    .text               c_w.l(sscanf.o)
    0x000004c4   0x0000014c   Code   RO         1417    .text               c_w.l(_scanf_int.o)
    0x00000610   0x000000e0   Code   RO         1419    .text               c_w.l(_scanf_str.o)
    0x000006f0   0x00000064   Code   RO         1423    .text               c_w.l(fflush.o)
    0x00000754   0x00000022   Code   RO         1433    .text               c_w.l(fputs.o)
    0x00000776   0x00000002   PAD
    0x00000778   0x000000ec   Code   RO         1435    .text               c_w.l(fopen.o)
    0x00000864   0x00000014   Code   RO         1437    .text               c_w.l(setbuf.o)
    0x00000878   0x0000004c   Code   RO         1445    .text               c_w.l(fclose.o)
    0x000008c4   0x0000002e   Code   RO         1460    .text               c_w.l(aeabi_atexit.o)
    0x000008f2   0x00000002   PAD
    0x000008f4   0x00000080   Code   RO         1463    .text               c_w.l(assert.o)
    0x00000974   0x0000003e   Code   RO         1467    .text               c_w.l(strlen.o)
    0x000009b2   0x00000096   Code   RO         1469    .text               c_w.l(strncmp.o)
    0x00000a48   0x00000064   Code   RO         1473    .text               c_w.l(rt_memcpy_w.o)
    0x00000aac   0x00000080   Code   RO         1477    .text               c_w.l(strcmpv7m.o)
    0x00000b2c   0x00000024   Code   RO         1485    .text               c_w.l(init_aeabi.o)
    0x00000b50   0x00000010   Code   RO         1704    .text               c_w.l(rt_ctype_table.o)
    0x00000b60   0x00000008   Code   RO         1716    .text               c_w.l(rt_errno_addr.o)
    0x00000b68   0x0000005e   Code   RO         1725    .text               c_w.l(h1_alloc.o)
    0x00000bc6   0x0000004e   Code   RO         1727    .text               c_w.l(h1_free.o)
    0x00000c14   0x00000016   Code   RO         1783    .text               c_w.l(_rserrno.o)
    0x00000c2a   0x0000004e   Code   RO         1785    .text               c_w.l(_printf_pad.o)
    0x00000c78   0x00000024   Code   RO         1787    .text               c_w.l(_printf_truncate.o)
    0x00000c9c   0x00000052   Code   RO         1789    .text               c_w.l(_printf_str.o)
    0x00000cee   0x000000b2   Code   RO         1791    .text               c_w.l(_printf_intcommon.o)
    0x00000da0   0x00000028   Code   RO         1793    .text               c_w.l(_printf_charcount.o)
    0x00000dc8   0x00000030   Code   RO         1795    .text               c_w.l(_printf_char_common.o)
    0x00000df8   0x0000000a   Code   RO         1797    .text               c_w.l(_sputc.o)
    0x00000e02   0x00000002   PAD
    0x00000e04   0x00000024   Code   RO         1799    .text               c_w.l(_printf_char_file.o)
    0x00000e28   0x000000bc   Code   RO         1801    .text               c_w.l(_printf_wctomb.o)
    0x00000ee4   0x0000007c   Code   RO         1804    .text               c_w.l(_printf_longlong_dec.o)
    0x00000f60   0x00000070   Code   RO         1810    .text               c_w.l(_printf_oct_int_ll.o)
    0x00000fd0   0x00000094   Code   RO         1830    .text               c_w.l(_printf_hex_int_ll_ptr.o)
    0x00001064   0x0000001c   Code   RO         1855    .text               c_w.l(_chval.o)
    0x00001080   0x00000156   Code   RO         1857    .text               c_w.l(_scanf_longlong.o)
    0x000011d6   0x00000002   PAD
    0x000011d8   0x000004a4   Code   RO         1859    .text               c_w.l(scanf_fp.o)
    0x0000167c   0x0000002c   Code   RO         1861    .text               c_w.l(scanf_char.o)
    0x000016a8   0x00000040   Code   RO         1863    .text               c_w.l(_sgetc.o)
    0x000016e8   0x00000114   Code   RO         1869    .text               c_w.l(_scanf_mbtowc.o)
    0x000017fc   0x000000e8   Code   RO         1871    .text               c_w.l(_scanf_wctomb.o)
    0x000018e4   0x000000d0   Code   RO         1873    .text               c_w.l(_scanf_wstr.o)
    0x000019b4   0x000001d6   Code   RO         1877    .text               c_w.l(flsbuf.o)
    0x00001b8a   0x00000002   PAD
    0x00001b8c   0x000000f8   Code   RO         1879    .text               c_w.l(fseek.o)
    0x00001c84   0x00000046   Code   RO         1881    .text               c_w.l(setvbuf.o)
    0x00001cca   0x00000002   PAD
    0x00001ccc   0x000000f0   Code   RO         1883    .text               c_w.l(stdio.o)
    0x00001dbc   0x00000138   Code   RO         1886    .text               c_w.l(initio.o)
    0x00001ef4   0x00000016   Code   RO         1892    .text               c_w.l(abort.o)
    0x00001f0a   0x00000042   Code   RO         1894    .text               c_w.l(cxa_finalize.o)
    0x00001f4c   0x0000000e   Code   RO         1897    .text               c_w.l(defsig_pvfn_outer.o)
    0x00001f5a   0x0000004e   Code   RO         1905    .text               c_w.l(rt_memclr_w.o)
    0x00001fa8   0x00000004   Code   RO         1956    .text               cpprt_w.l(arm_bad_typeid_noexceptions.o)
    0x00001fac   0x0000000e   Code   RO         2035    .text               c_w.l(sys_wrch.o)
    0x00001fba   0x00000002   PAD
    0x00001fbc   0x0000000c   Code   RO         2037    .text               c_w.l(sys_exit.o)
    0x00001fc8   0x00000008   Code   RO         2059    .text               c_w.l(rt_heap_descriptor.o)
    0x00001fd0   0x00000008   Code   RO         2064    .text               c_w.l(rt_locale.o)
    0x00001fd8   0x00000004   Code   RO         2069    .text               c_w.l(hguard.o)
    0x00001fdc   0x0000008a   Code   RO         2071    .text               c_w.l(init_alloc.o)
    0x00002066   0x0000000e   Code   RO         2075    .text               c_w.l(h1_init.o)
    0x00002074   0x0000008a   Code   RO         2089    .text               c_w.l(lludiv10.o)
    0x000020fe   0x00000012   Code   RO         2091    .text               c_w.l(isspace.o)
    0x00002110   0x0000041a   Code   RO         2093    .text               c_w.l(_printf_fp_dec.o)
    0x0000252a   0x00000002   PAD
    0x0000252c   0x000002fc   Code   RO         2095    .text               c_w.l(_printf_fp_hex.o)
    0x00002828   0x0000002c   Code   RO         2100    .text               c_w.l(_printf_char.o)
    0x00002854   0x0000002c   Code   RO         2104    .text               c_w.l(_printf_wchar.o)
    0x00002880   0x00000374   Code   RO         2106    .text               c_w.l(_scanf.o)
    0x00002bf4   0x0000001e   Code   RO         2110    .text               c_w.l(_scanf_wcharmap.o)
    0x00002c12   0x00000002   PAD
    0x00002c14   0x000000dc   Code   RO         2112    .text               c_w.l(bigflt0.o)
    0x00002cf0   0x00000008   Code   RO         2139    .text               c_w.l(ferror.o)
    0x00002cf8   0x00000042   Code   RO         2141    .text               c_w.l(ftell.o)
    0x00002d3a   0x0000003c   Code   RO         2165    .text               c_w.l(_mbrtowc.o)
    0x00002d76   0x00000040   Code   RO         2167    .text               c_w.l(_wcrtomb.o)
    0x00002db6   0x0000000a   Code   RO         2175    .text               c_w.l(defsig_exit.o)
    0x00002dc0   0x0000000e   Code   RO         2177    .text               c_w.l(defsig_abrt_outer.o)
    0x00002dce   0x0000000e   Code   RO         2181    .text               c_w.l(defsig_rtred_outer.o)
    0x00002ddc   0x00000030   Code   RO         2185    .text               c_w.l(defsig_pvfn_inner.o)
    0x00002e0c   0x00000018   Code   RO         2187    .text               c_w.l(assert_stdio.o)
    0x00002e24   0x0000001a   Code   RO         2232    .text               cpprt_w.l(arm_exceptions_terminate.o)
    0x00002e3e   0x00000002   PAD
    0x00002e40   0x00000050   Code   RO         2235    .text               cpprt_w.l(arm_exceptions_globs.o)
    0x00002e90   0x00000002   Code   RO         2266    .text               c_w.l(use_no_semi.o)
    0x00002e92   0x00000000   Code   RO         2268    .text               c_w.l(indicate_semi.o)
    0x00002e92   0x00000002   PAD
    0x00002e94   0x00000008   Code   RO         2269    .text               c_w.l(rt_eh_globals_addr.o)
    0x00002e9c   0x00000034   Code   RO         2278    .text               c_w.l(h1_extend.o)
    0x00002ed0   0x00000080   Code   RO         2282    .text               c_w.l(_printf_fp_infnan.o)
    0x00002f50   0x00000320   Code   RO         2284    .text               c_w.l(scanf_hexfp.o)
    0x00003270   0x00000134   Code   RO         2286    .text               c_w.l(scanf_infnan.o)
    0x000033a4   0x00000032   Code   RO         2292    .text               c_w.l(defsig_general.o)
    0x000033d6   0x00000002   PAD
    0x000033d8   0x00000030   Code   RO         2294    .text               c_w.l(defsig_abrt_inner.o)
    0x00003408   0x00000034   Code   RO         2296    .text               c_w.l(defsig_rtred_inner.o)
    0x0000343c   0x0000000e   Code   RO         2298    .text               c_w.l(defsig_rtmem_outer.o)
    0x0000344a   0x00000002   PAD
    0x0000344c   0x00000050   Code   RO         2302    .text               c_w.l(heapauxa.o)
    0x0000349c   0x0000003c   Code   RO         2320    .text               cpprt_w.l(arm_exceptions_mem.o)
    0x000034d8   0x00000026   Code   RO         2342    .text               c_w.l(llshl.o)
    0x000034fe   0x00000002   PAD
    0x00003500   0x00000050   Code   RO         2346    .text               c_w.l(defsig_rtmem_inner.o)
    0x00003550   0x0000003e   Code   RO         2115    CL$$btod_d2e        c_w.l(btod.o)
    0x0000358e   0x00000046   Code   RO         2117    CL$$btod_d2e_denorm_low  c_w.l(btod.o)
    0x000035d4   0x00000060   Code   RO         2116    CL$$btod_d2e_norm_op1  c_w.l(btod.o)
    0x00003634   0x00000338   Code   RO         2125    CL$$btod_div_common  c_w.l(btod.o)
    0x0000396c   0x00000054   Code   RO         2123    CL$$btod_e2d        c_w.l(btod.o)
    0x000039c0   0x000000c6   Code   RO         2122    CL$$btod_e2e        c_w.l(btod.o)
    0x00003a86   0x00000028   Code   RO         2119    CL$$btod_ediv       c_w.l(btod.o)
    0x00003aae   0x00000028   Code   RO         2121    CL$$btod_edivd      c_w.l(btod.o)
    0x00003ad6   0x00000028   Code   RO         2118    CL$$btod_emul       c_w.l(btod.o)
    0x00003afe   0x00000028   Code   RO         2120    CL$$btod_emuld      c_w.l(btod.o)
    0x00003b26   0x00000244   Code   RO         2124    CL$$btod_mult_common  c_w.l(btod.o)
    0x00003d6a   0x00000006   Code   RO          984    i.<Func4>           mbed.ar(Serial.LPC1768.o)
    0x00003d70   0x00000078   Code   RO          741    i.SystemInit        system_LPC17xx.o
    0x00003de8   0x00000046   Code   RO         1505    i._ZN27_INTERNAL_6_rtti_c_066a44b012tbc_downcastEPvPKSt9type_infoP28a_base_class_traversal_blockPN10__cxxabiv122__base_class_type_infoE  cpprt_w.l(rtti.o)
    0x00003e2e   0x00000016   Code   RO         1506    i._ZN27_INTERNAL_6_rtti_c_066a44b017tbc_post_downcastEPvPKSt9type_infoP28a_base_class_traversal_blockPN10__cxxabiv122__base_class_type_infoE  cpprt_w.l(rtti.o)
    0x00003e44   0x000000a4   Code   RO         1507    i._ZN27_INTERNAL_6_rtti_c_066a44b021traverse_base_classesEPvPKSt9type_infoP28a_base_class_traversal_blockPN10__cxxabiv122__base_class_type_infoE  cpprt_w.l(rtti.o)
    0x00003ee8   0x000000c0   Code   RO         1508    i._ZN27_INTERNAL_6_rtti_c_066a44b023find_base_class_at_addrEPvS0_PKSt9type_infoS3_Pi  cpprt_w.l(rtti.o)
    0x00003fa8   0x0000000e   Code   RO         1509    i._ZN27_INTERNAL_6_rtti_c_066a44b024get_virtual_base_pointerEPvPN10__cxxabiv122__base_class_type_infoE  cpprt_w.l(rtti.o)
    0x00003fb6   0x00000002   PAD
    0x00003fb8   0x000001e4   Code   RO         1510    i._ZN27_INTERNAL_6_rtti_c_066a44b028derived_to_base_conversion_rEPvPS0_PKSt9type_infoS4_jPiiPS4_P19a_result_virtualityS5_  cpprt_w.l(rtti.o)
    0x0000419c   0x0000003c   Code   RO          802    i._ZN4mbed10DigitalOutC1E7PinNamePKc  mbed.ar(DigitalOut.LPC1768.o)
    0x000041d8   0x0000000e   Code   RO          840    i._ZN4mbed10DigitalOutD0Ev  mbed.ar(DigitalOut.LPC1768.o)
    0x000041e6   0x00000004   Code   RO          819    i._ZN4mbed10DigitalOutD1Ev  mbed.ar(DigitalOut.LPC1768.o)
    0x000041ea   0x0000003a   Code   RO         1332    i._ZN4mbed10FileHandle4flenEv  mbed.ar(stdio.LPC1768.o)
    0x00004224   0x00000008   Code   RO         1342    i._ZN4mbed15FunctionPointerC1EPFvvE  mbed.ar(FunctionPointer.LPC1768.o)
    0x0000422c   0x00000006   Code   RO          755    i._ZN4mbed3CAN4readERNS_10CANMessageE  mbed.ar(CAN.LPC1768.o)
    0x00004232   0x00000006   Code   RO          762    i._ZN4mbed3CAN9frequencyEi  mbed.ar(CAN.LPC1768.o)
    0x00004238   0x00000030   Code   RO          763    i._ZN4mbed3CANC1E7PinNameS1_  mbed.ar(CAN.LPC1768.o)
    0x00004268   0x00000020   Code   RO          764    i._ZN4mbed3CAND0Ev  mbed.ar(CAN.LPC1768.o)
    0x00004288   0x0000001c   Code   RO          765    i._ZN4mbed3CAND1Ev  mbed.ar(CAN.LPC1768.o)
    0x000042a4   0x00000030   Code   RO          854    i._ZN4mbed4Base5clearEPKcPc  mbed.ar(Base.LPC1768.o)
    0x000042d4   0x00000038   Code   RO          855    i._ZN4mbed4Base6lookupEPKcj  mbed.ar(Base.LPC1768.o)
    0x0000430c   0x00000040   Code   RO          858    i._ZN4mbed4Base9list_objsEPKcPc  mbed.ar(Base.LPC1768.o)
    0x0000434c   0x00000024   Code   RO          859    i._ZN4mbed4BaseC1EPKc  mbed.ar(Base.LPC1768.o)
    0x00004370   0x00000034   Code   RO          860    i._ZN4mbed4BaseD0Ev  mbed.ar(Base.LPC1768.o)
    0x000043a4   0x00000038   Code   RO          861    i._ZN4mbed4BaseD1Ev  mbed.ar(Base.LPC1768.o)
    0x000043dc   0x0000000e   Code   RO          991    i._ZN4mbed6Serial5_putcEi  mbed.ar(Serial.LPC1768.o)
    0x000043ea   0x00000002   PAD
    0x000043ec   0x00000090   Code   RO          996    i._ZN4mbed6SerialC1E7PinNameS1_PKc  mbed.ar(Serial.LPC1768.o)
    0x0000447c   0x0000000e   Code   RO         1061    i._ZN4mbed6SerialD0Ev  mbed.ar(Serial.LPC1768.o)
    0x0000448a   0x00000004   Code   RO         1043    i._ZN4mbed6SerialD1Ev  mbed.ar(Serial.LPC1768.o)
    0x0000448e   0x0000001e   Code   RO         1078    i._ZN4mbed6Stream6printfEPKcz  mbed.ar(Stream.LPC1768.o)
    0x000044ac   0x00000040   Code   RO         1079    i._ZN4mbed6StreamC2EPKc  mbed.ar(Stream.LPC1768.o)
    0x000044ec   0x00000024   Code   RO         1080    i._ZN4mbed6StreamD0Ev  mbed.ar(Stream.LPC1768.o)
    0x00004510   0x00000020   Code   RO         1081    i._ZN4mbed6StreamD2Ev  mbed.ar(Stream.LPC1768.o)
    0x00004530   0x0000003c   Code   RO         1246    i._ZN4mbed8FileLikeD0Ev  mbed.ar(stdio.LPC1768.o)
    0x0000456c   0x00000034   Code   RO         1247    i._ZN4mbed8FileLikeD2Ev  mbed.ar(stdio.LPC1768.o)
    0x000045a0   0x00000020   Code   RO         1985    i._ZNKSt9type_infoeqERKS_  cpprt_w.l(type_info_eq.o)
    0x000045c0   0x00000004   Code   RO         1082    i._ZThn16_N4mbed6Stream4flenEv  mbed.ar(Stream.LPC1768.o)
    0x000045c4   0x00000004   Code   RO         1084    i._ZThn16_N4mbed6Stream5closeEv  mbed.ar(Stream.LPC1768.o)
    0x000045c8   0x00000004   Code   RO         1086    i._ZThn16_N4mbed6Stream5lseekEli  mbed.ar(Stream.LPC1768.o)
    0x000045cc   0x0000002c   Code   RO         1087    i._ZThn16_N4mbed6Stream5writeEPKvj  mbed.ar(Stream.LPC1768.o)
    0x000045f8   0x00000004   Code   RO         1088    i._ZThn16_N4mbed6Stream6isattyEv  mbed.ar(Stream.LPC1768.o)
    0x000045fc   0x00000008   Code   RO         1488    i._ZdaPv            cpprt_w.l(array_del.o)
    0x00004604   0x00000008   Code   RO         1495    i._ZdlPv            cpprt_w.l(delete.o)
    0x0000460c   0x00000020   Code   RO         1533    i.__ARM_common_get_typeid  cpprt_w.l(rtti.o)
    0x0000462c   0x00000028   Code   RO         2334    i.__ARM_fpclassify  m_ws.l(fpclassify.o)
    0x00004654   0x00000024   Code   RO         1642    i.__aeabi_vec_ctor_nocookie_nodtor  cpprt_w.l(aeabi_vec_ctor_nocookie_nodtor.o)
    0x00004678   0x00000006   Code   RO         1502    i.__cxa_pure_virtual  cpprt_w.l(pure_virt.o)
    0x0000467e   0x00000002   PAD
    0x00004680   0x00000070   Code   RO         1511    i.__derived_to_base_conversion  cpprt_w.l(rtti.o)
    0x000046f0   0x000000b4   Code   RO         1512    i.__dynamic_cast    cpprt_w.l(rtti.o)
    0x000047a4   0x0000000e   Code   RO         2025    i.__mathlib_dbl_overflow  m_ws.l(dunder.o)
    0x000047b2   0x00000002   PAD
    0x000047b4   0x00000010   Code   RO         2027    i.__mathlib_dbl_underflow  m_ws.l(dunder.o)
    0x000047c4   0x00000010   Code   RO         2260    i.__mathlib_narrow  m_ws.l(narrow.o)
    0x000047d4   0x00000088   Code   RO         2261    i.__mathlib_tofloat  m_ws.l(narrow.o)
    0x0000485c   0x00000098   Code   RO            1    i.__sti___8_main_cpp_can  main.o
    0x000048f4   0x00000016   Code   RO         2353    i.__support_ldexp   m_ws.l(ldexp.o)
    0x0000490a   0x00000002   PAD
    0x0000490c   0x0000000c   Code   RO          734    i.__user_setup_stackheap  stackheap.o
    0x00004918   0x0000000e   Code   RO         1399    i._is_digit         c_w.l(__printf_wp.o)
    0x00004926   0x00000002   PAD
    0x00004928   0x0000002c   Code   RO         1248    i._sys_close        mbed.ar(stdio.LPC1768.o)
    0x00004954   0x00000028   Code   RO         1251    i._sys_flen         mbed.ar(stdio.LPC1768.o)
    0x0000497c   0x00000028   Code   RO         1252    i._sys_istty        mbed.ar(stdio.LPC1768.o)
    0x000049a4   0x00000184   Code   RO         1253    i._sys_open         mbed.ar(stdio.LPC1768.o)
    0x00004b28   0x0000002c   Code   RO         1255    i._sys_seek         mbed.ar(stdio.LPC1768.o)
    0x00004b54   0x00000054   Code   RO         1256    i._sys_write        mbed.ar(stdio.LPC1768.o)
    0x00004ba8   0x00000030   Code   RO         1178    i.can_free          capi.ar(can_api.LPC1768.o)
    0x00004bd8   0x000000dc   Code   RO         1179    i.can_frequency     capi.ar(can_api.LPC1768.o)
    0x00004cb4   0x000000cc   Code   RO         1180    i.can_init          capi.ar(can_api.LPC1768.o)
    0x00004d80   0x00000066   Code   RO         1183    i.can_read          capi.ar(can_api.LPC1768.o)
    0x00004de6   0x00000016   Code   RO          745    i.exit              capi.ar(exit.LPC1768.o)
    0x00004dfc   0x0000001a   Code   RO         1430    i.fputc             c_w.l(fputc.o)
    0x00004e16   0x00000002   PAD
    0x00004e18   0x00000058   Code   RO         2337    i.frexp             m_ws.l(frexp.o)
    0x00004e70   0x00000030   Code   RO         1199    i.gpio_output       capi.ar(gpio_api.LPC1768.o)
    0x00004ea0   0x00000018   Code   RO         1201    i.gpio_write        capi.ar(gpio_api.LPC1768.o)
    0x00004eb8   0x00000074   Code   RO         2354    i.ldexp             m_ws.l(ldexp.o)
    0x00004f2c   0x00000178   Code   RO            2    i.main              main.o
    0x000050a4   0x00000078   Code   RO         1237    i.mbed_die          capi.ar(utils_api.LPC1768.o)
    0x0000511c   0x00000038   Code   RO         1363    i.pin_function      capi.ar(pinmap.LPC1768.o)
    0x00005154   0x00000068   Code   RO         1364    i.pin_mode          capi.ar(pinmap.LPC1768.o)
    0x000051bc   0x0000003c   Code   RO         1365    i.pinmap_merge      capi.ar(pinmap.LPC1768.o)
    0x000051f8   0x00000058   Code   RO         1366    i.pinmap_peripheral  capi.ar(pinmap.LPC1768.o)
    0x00005250   0x000000cc   Code   RO         1367    i.pinmap_pinout     capi.ar(pinmap.LPC1768.o)
    0x0000531c   0x00000074   Code   RO         1694    i.scalbn            m_ws.l(scalbn.o)
    0x00005390   0x0000000c   Code   RO         1209    i.semihost_exit     capi.ar(semihost_api.LPC1768.o)
    0x0000539c   0x000001c8   Code   RO         1157    i.serial_baud       capi.ar(serial_api.LPC1768.o)
    0x00005564   0x00000094   Code   RO         1159    i.serial_format     capi.ar(serial_api.LPC1768.o)
    0x000055f8   0x000000e4   Code   RO         1162    i.serial_init       capi.ar(serial_api.LPC1768.o)
    0x000056dc   0x0000000c   Code   RO         1164    i.serial_putc       capi.ar(serial_api.LPC1768.o)
    0x000056e8   0x00000014   Code   RO         1350    i.timer_frequency   capi.ar(timer_api.LPC1768.o)
    0x000056fc   0x00000070   Code   RO         1351    i.timer_init        capi.ar(timer_api.LPC1768.o)
    0x0000576c   0x00000004   Code   RO         1352    i.timer_read        capi.ar(timer_api.LPC1768.o)
    0x00005770   0x0000000c   Code   RO         1353    i.timer_start       capi.ar(timer_api.LPC1768.o)
    0x0000577c   0x00000038   Code   RO         1233    i.us_ticker_read    capi.ar(us_ticker_api.LPC1768.o)
    0x000057b4   0x0000001c   Code   RO          748    i.wait_ms           capi.ar(wait_api.LPC1768.o)
    0x000057d0   0x0000002c   Code   RO         2170    locale$$code        c_w.l(lc_ctype_c.o)
    0x000057fc   0x0000002c   Code   RO         2173    locale$$code        c_w.l(lc_numeric_c.o)
    0x00005828   0x00000062   Code   RO         1645    x$fpl$d2f           fz_ws.l(d2f.o)
    0x0000588a   0x00000002   PAD
    0x0000588c   0x00000010   Code   RO         2247    x$fpl$dcheck1       fz_ws.l(dcheck1.o)
    0x0000589c   0x00000018   Code   RO         1994    x$fpl$dcmpinf       fz_ws.l(dcmpi.o)
    0x000058b4   0x000002b0   Code   RO         1648    x$fpl$ddiv          fz_ws.l(ddiv.o)
    0x00005b64   0x00000078   Code   RO         1996    x$fpl$deqf          fz_ws.l(deqf.o)
    0x00005bdc   0x00000026   Code   RO         1655    x$fpl$dfltu         fz_ws.l(dflt_clz.o)
    0x00005c02   0x00000002   PAD
    0x00005c04   0x00000078   Code   RO         1661    x$fpl$dleqf         fz_ws.l(dleqf.o)
    0x00005c7c   0x00000154   Code   RO         1663    x$fpl$dmul          fz_ws.l(dmul.o)
    0x00005dd0   0x0000009c   Code   RO         1998    x$fpl$dnaninf       fz_ws.l(dnaninf.o)
    0x00005e6c   0x0000000c   Code   RO         2000    x$fpl$dretinf       fz_ws.l(dretinf.o)
    0x00005e78   0x0000006c   Code   RO         2330    x$fpl$drleqf        fz_ws.l(drleqf.o)
    0x00005ee4   0x00000056   Code   RO         1665    x$fpl$f2d           fz_ws.l(f2d.o)
    0x00005f3a   0x00000002   PAD
    0x00005f3c   0x000000c4   Code   RO         1667    x$fpl$fadd          fz_ws.l(faddsub_clz.o)
    0x00006000   0x00000018   Code   RO         2002    x$fpl$fcmpinf       fz_ws.l(fcmpi.o)
    0x00006018   0x00000184   Code   RO         1674    x$fpl$fdiv          fz_ws.l(fdiv.o)
    0x0000619c   0x00000030   Code   RO         1678    x$fpl$fflt          fz_ws.l(fflt_clz.o)
    0x000061cc   0x00000026   Code   RO         1677    x$fpl$ffltu         fz_ws.l(fflt_clz.o)
    0x000061f2   0x00000002   PAD
    0x000061f4   0x00000068   Code   RO         1683    x$fpl$fleqf         fz_ws.l(fleqf.o)
    0x0000625c   0x0000008c   Code   RO         2004    x$fpl$fnaninf       fz_ws.l(fnaninf.o)
    0x000062e8   0x0000000a   Code   RO         2006    x$fpl$fretinf       fz_ws.l(fretinf.o)
    0x000062f2   0x00000002   PAD
    0x000062f4   0x000000ea   Code   RO         1669    x$fpl$fsub          fz_ws.l(faddsub_clz.o)
    0x000063de   0x00000004   Code   RO         2010    x$fpl$printf1       fz_ws.l(printf1.o)
    0x000063e2   0x00000004   Code   RO         2012    x$fpl$printf2       fz_ws.l(printf2.o)
    0x000063e6   0x00000064   Code   RO         2332    x$fpl$retnan        fz_ws.l(retnan.o)
    0x0000644a   0x0000005c   Code   RO         2018    x$fpl$scalbn        fz_ws.l(scalbn.o)
    0x000064a6   0x00000004   Code   RO         1687    x$fpl$scanf1        fz_ws.l(scanf1.o)
    0x000064aa   0x00000008   Code   RO         2254    x$fpl$scanf2        fz_ws.l(scanf2.o)
    0x000064b2   0x00000030   Code   RO         2350    x$fpl$trapveneer    fz_ws.l(trapv.o)
    0x000064e2   0x00000000   Code   RO         2020    x$fpl$usenofp       fz_ws.l(usenofp.o)
    0x000064e2   0x00000002   PAD
    0x000064e4   0x00000018   Data   RO          881    .constdata          mbed.ar(Base.LPC1768.o)
    0x000064fc   0x00000154   Data   RO         1167    .constdata          capi.ar(serial_api.LPC1768.o)
    0x00006650   0x00000118   Data   RO         1187    .constdata          capi.ar(can_api.LPC1768.o)
    0x00006768   0x00000017   Data   RO         1307    .constdata          mbed.ar(stdio.LPC1768.o)
    0x0000677f   0x00000011   Data   RO         1407    .constdata          c_w.l(__printf_flags_ss_wp.o)
    0x00006790   0x00000008   Data   RO         1802    .constdata          c_w.l(_printf_wctomb.o)
    0x00006798   0x00000028   Data   RO         1831    .constdata          c_w.l(_printf_hex_int_ll_ptr.o)
    0x000067c0   0x00000026   Data   RO         2096    .constdata          c_w.l(_printf_fp_hex.o)
    0x000067e6   0x00000002   PAD
    0x000067e8   0x00000094   Data   RO         2113    .constdata          c_w.l(bigflt0.o)
    0x0000687c   0x0000000c   Data   RO         1623    .constdata__ZTIN10__cxxabiv117__class_type_infoE  cpprt_w.l(lib_rtti_impl.o)
    0x00006888   0x0000000c   Data   RO         1624    .constdata__ZTIN10__cxxabiv120__si_class_type_infoE  cpprt_w.l(lib_rtti_impl.o)
    0x00006894   0x0000000c   Data   RO         1625    .constdata__ZTIN10__cxxabiv121__vmi_class_type_infoE  cpprt_w.l(lib_rtti_impl.o)
    0x000068a0   0x0000000c   Data   RO          846    .constdata__ZTIN4mbed10DigitalOutE  mbed.ar(DigitalOut.LPC1768.o)
    0x000068ac   0x00000008   Data   RO         1337    .constdata__ZTIN4mbed10FileHandleE  mbed.ar(stdio.LPC1768.o)
    0x000068b4   0x0000000c   Data   RO          929    .constdata__ZTIN4mbed14FileSystemLikeE  mbed.ar(Base.LPC1768.o)
    0x000068c0   0x0000000c   Data   RO          798    .constdata__ZTIN4mbed3CANE  mbed.ar(CAN.LPC1768.o)
    0x000068cc   0x00000008   Data   RO          906    .constdata__ZTIN4mbed4BaseE  mbed.ar(Base.LPC1768.o)
    0x000068d4   0x0000000c   Data   RO         1067    .constdata__ZTIN4mbed6SerialE  mbed.ar(Serial.LPC1768.o)
    0x000068e0   0x0000000c   Data   RO         1155    .constdata__ZTIN4mbed6StreamE  mbed.ar(Stream.LPC1768.o)
    0x000068ec   0x00000020   Data   RO         1336    .constdata__ZTIN4mbed8FileLikeE  mbed.ar(stdio.LPC1768.o)
    0x0000690c   0x00000008   Data   RO         1983    .constdata__ZTISt9type_info  cpprt_w.l(type_info_dtor.o)
    0x00006914   0x00000022   Data   RO         1633    .constdata__ZTSN10__cxxabiv117__class_type_infoE  cpprt_w.l(lib_rtti_impl.o)
    0x00006936   0x00000025   Data   RO         1634    .constdata__ZTSN10__cxxabiv120__si_class_type_infoE  cpprt_w.l(lib_rtti_impl.o)
    0x0000695b   0x00000026   Data   RO         1635    .constdata__ZTSN10__cxxabiv121__vmi_class_type_infoE  cpprt_w.l(lib_rtti_impl.o)
    0x00006981   0x00000014   Data   RO          847    .constdata__ZTSN4mbed10DigitalOutE  mbed.ar(DigitalOut.LPC1768.o)
    0x00006995   0x00000014   Data   RO         1339    .constdata__ZTSN4mbed10FileHandleE  mbed.ar(stdio.LPC1768.o)
    0x000069a9   0x00000018   Data   RO          930    .constdata__ZTSN4mbed14FileSystemLikeE  mbed.ar(Base.LPC1768.o)
    0x000069c1   0x0000000c   Data   RO          799    .constdata__ZTSN4mbed3CANE  mbed.ar(CAN.LPC1768.o)
    0x000069cd   0x0000000d   Data   RO          910    .constdata__ZTSN4mbed4BaseE  mbed.ar(Base.LPC1768.o)
    0x000069da   0x0000000f   Data   RO         1068    .constdata__ZTSN4mbed6SerialE  mbed.ar(Serial.LPC1768.o)
    0x000069e9   0x0000000f   Data   RO         1156    .constdata__ZTSN4mbed6StreamE  mbed.ar(Stream.LPC1768.o)
    0x000069f8   0x00000011   Data   RO         1338    .constdata__ZTSN4mbed8FileLikeE  mbed.ar(stdio.LPC1768.o)
    0x00006a09   0x0000000d   Data   RO         1984    .constdata__ZTSSt9type_info  cpprt_w.l(type_info_dtor.o)
    0x00006a16   0x00000002   PAD
    0x00006a18   0x00000010   Data   RO         1605    .constdata__ZTVN10__cxxabiv117__class_type_infoE  cpprt_w.l(lib_rtti_impl.o)
    0x00006a28   0x00000010   Data   RO         1607    .constdata__ZTVN10__cxxabiv120__si_class_type_infoE  cpprt_w.l(lib_rtti_impl.o)
    0x00006a38   0x00000010   Data   RO         1609    .constdata__ZTVN10__cxxabiv121__vmi_class_type_infoE  cpprt_w.l(lib_rtti_impl.o)
    0x00006a48   0x00000018   Data   RO          815    .constdata__ZTVN4mbed10DigitalOutE  mbed.ar(DigitalOut.LPC1768.o)
    0x00006a60   0x00000018   Data   RO          797    .constdata__ZTVN4mbed3CANE  mbed.ar(CAN.LPC1768.o)
    0x00006a78   0x00000018   Data   RO          902    .constdata__ZTVN4mbed4BaseE  mbed.ar(Base.LPC1768.o)
    0x00006a90   0x00000060   Data   RO         1042    .constdata__ZTVN4mbed6SerialE  mbed.ar(Serial.LPC1768.o)
    0x00006af0   0x00000060   Data   RO         1136    .constdata__ZTVN4mbed6StreamE  mbed.ar(Stream.LPC1768.o)
    0x00006b50   0x0000003c   Data   RO         1331    .constdata__ZTVN4mbed8FileLikeE  mbed.ar(stdio.LPC1768.o)
    0x00006b8c   0x0000000e   Data   RO          883    .conststring        mbed.ar(Base.LPC1768.o)
    0x00006b9a   0x00000005   Data   RO          884    .conststring        mbed.ar(Base.LPC1768.o)
    0x00006b9f   0x00000001   PAD
    0x00006ba0   0x00000020   Data   RO         2379    Region$$Table       anon$$obj.o
    0x00006bc0   0x00000008   Data   RO         2249    c$$dinf             fz_ws.l(fpconst.o)
    0x00006bc8   0x00000110   Data   RO         2169    locale$$data        c_w.l(lc_ctype_c.o)
    0x00006cd8   0x0000001c   Data   RO         2172    locale$$data        c_w.l(lc_numeric_c.o)
    0x00006cf4   0x00000004   Data   RO            7    .init_array         main.o
    0x00006cf8   0x00000000   Data   RO         1483    .init_array         c_w.l(init_aeabi.o)


    Execution Region RW_IRAM1 (Base: 0x10000000, Size: 0x00000320, Max: 0x00008000, ABSOLUTE)

    Base Addr    Size         Type   Attr      Idx    E Section Name        Object

    0x10000000   0x000000c4   Data   RW          729    .ARM.__AT_0x10000000  cmsis_nvic.o
    0x100000c4   0x00000004   Data   RW          742    .data               system_LPC17xx.o
    0x100000c8   0x00000008   Data   RW          885    .data               mbed.ar(Base.LPC1768.o)
    0x100000d0   0x0000000c   Data   RW          886    .data               mbed.ar(Base.LPC1768.o)
    0x100000dc   0x00000004   Data   RW         1234    .data               capi.ar(us_ticker_api.LPC1768.o)
    0x100000e0   0x00000004   Data   RW         1442    .data               c_w.l(stdio_streams.o)
    0x100000e4   0x00000004   Data   RW         1443    .data               c_w.l(stdio_streams.o)
    0x100000e8   0x00000004   Data   RW         1444    .data               c_w.l(stdio_streams.o)
    0x100000ec   0x00000004   Data   RW         2303    .data               c_w.l(heapauxa.o)
    0x100000f0   0x000000d0   Zero   RW            5    .bss                main.o
    0x100001c0   0x00000040   Zero   RW         1306    .bss                mbed.ar(stdio.LPC1768.o)
    0x10000200   0x00000054   Zero   RW         1439    .bss                c_w.l(stdio_streams.o)
    0x10000254   0x00000054   Zero   RW         1440    .bss                c_w.l(stdio_streams.o)
    0x100002a8   0x00000054   Zero   RW         1441    .bss                c_w.l(stdio_streams.o)
    0x100002fc   0x00000004   Zero   RW         1712    .bss                c_w.l(rt_ddtor_pointer_addr.o)
    0x10000300   0x00000004   Zero   RW         1717    .bss                c_w.l(rt_errno_addr.o)
    0x10000304   0x00000004   Zero   RW         2060    .bss                c_w.l(rt_heap_descriptor.o)
    0x10000308   0x00000014   Zero   RW         2065    .bss                c_w.l(rt_locale.o)
    0x1000031c   0x00000004   Zero   RW         2270    .bss                c_w.l(rt_eh_globals_addr.o)


    Execution Region RW_IRAM2 (Base: 0x2007c000, Size: 0x00000000, Max: 0x00004000, ABSOLUTE)

    **** No section assigned to this execution region ****


    Execution Region RW_IRAM3 (Base: 0x20080000, Size: 0x00000000, Max: 0x00004000, ABSOLUTE)

    **** No section assigned to this execution region ****


    Execution Region RW_IRAM4 (Base: 0x40038000, Size: 0x00000000, Max: 0x00000800, ABSOLUTE)

    **** No section assigned to this execution region ****


==============================================================================

Image component sizes


      Code (inc. data)   RO Data    RW Data    ZI Data      Debug   Object Name

         0          0          0        196          0          0   cmsis_nvic.o
       528        232          4          0        208      37195   main.o
        12          4          0          0          0         68   stackheap.o
        40         12        196          0          0        228   startup_LPC17xx.o
       120         10          0          4          0         68   system_LPC17xx.o

    ----------------------------------------------------------------------
       700        258        232        200        208      37559   Object Totals
         0          0         32          0          0          0   (incl. Generated)
         0          0          0          0          0          0   (incl. Padding)

    ----------------------------------------------------------------------

      Code (inc. data)   RO Data    RW Data    ZI Data      Debug   Library Member Name

         8          0          0          0          0         68   __main.o
       392          4         17          0          0         92   __printf_flags_ss_wp.o
        14          0          0          0          0         68   __printf_wp.o
         0          0          0          0          0          0   __rtentry.o
        12          0          0          0          0          0   __rtentry2.o
         6          0          0          0          0          0   __rtentry4.o
        52          8          0          0          0          0   __scatter.o
        26          0          0          0          0          0   __scatter_copy.o
        28          0          0          0          0          0   __scatter_zi.o
        28          0          0          0          0         68   _chval.o
        60          0          0          0          0         92   _mbrtowc.o
         6          0          0          0          0          0   _printf_a.o
         6          0          0          0          0          0   _printf_c.o
        44          0          0          0          0        108   _printf_char.o
        48          6          0          0          0         96   _printf_char_common.o
        36          4          0          0          0         80   _printf_char_file.o
        40          0          0          0          0         68   _printf_charcount.o
         6          0          0          0          0          0   _printf_d.o
       120         16          0          0          0         92   _printf_dec.o
         6          0          0          0          0          0   _printf_e.o
         6          0          0          0          0          0   _printf_f.o
      1050          0          0          0          0        216   _printf_fp_dec.o
       764          8         38          0          0        100   _printf_fp_hex.o
       128         16          0          0          0         84   _printf_fp_infnan.o
         6          0          0          0          0          0   _printf_g.o
       148          4         40          0          0        160   _printf_hex_int_ll_ptr.o
         6          0          0          0          0          0   _printf_i.o
       178          0          0          0          0         88   _printf_intcommon.o
        10          0          0          0          0          0   _printf_l.o
         6          0          0          0          0          0   _printf_lc.o
        10          0          0          0          0          0   _printf_ll.o
         6          0          0          0          0          0   _printf_lld.o
         6          0          0          0          0          0   _printf_lli.o
         6          0          0          0          0          0   _printf_llo.o
         6          0          0          0          0          0   _printf_llu.o
         6          0          0          0          0          0   _printf_llx.o
       124         16          0          0          0         92   _printf_longlong_dec.o
         6          0          0          0          0          0   _printf_ls.o
         6          0          0          0          0          0   _printf_n.o
         6          0          0          0          0          0   _printf_o.o
       112         10          0          0          0        124   _printf_oct_int_ll.o
         6          0          0          0          0          0   _printf_p.o
        78          0          0          0          0        108   _printf_pad.o
         0          0          0          0          0          0   _printf_percent.o
         4          0          0          0          0          0   _printf_percent_end.o
         6          0          0          0          0          0   _printf_s.o
        82          0          0          0          0         80   _printf_str.o
        36          0          0          0          0         84   _printf_truncate.o
         6          0          0          0          0          0   _printf_u.o
        44          0          0          0          0        108   _printf_wchar.o
       188          6          8          0          0         92   _printf_wctomb.o
         6          0          0          0          0          0   _printf_x.o
        22          0          0          0          0        100   _rserrno.o
       884          6          0          0          0        100   _scanf.o
       332          0          0          0          0         96   _scanf_int.o
       342          0          0          0          0        100   _scanf_longlong.o
       276          0          0          0          0        100   _scanf_mbtowc.o
       224          0          0          0          0         96   _scanf_str.o
        30          0          0          0          0         76   _scanf_wcharmap.o
       232          0          0          0          0        100   _scanf_wctomb.o
       208          0          0          0          0         96   _scanf_wstr.o
        64          0          0          0          0         84   _sgetc.o
        10          0          0          0          0         68   _sputc.o
        64          0          0          0          0         92   _wcrtomb.o
        22          0          0          0          0         80   abort.o
        46          0          0          0          0         84   aeabi_atexit.o
       128         42          0          0          0         76   assert.o
        24          6          0          0          0         80   assert_stdio.o
       220          4        148          0          0         96   bigflt0.o
      2074        132          0          0          0        940   btod.o
        66          0          0          0          0         84   cxa_finalize.o
        48         34          0          0          0         76   defsig_abrt_inner.o
        14          0          0          0          0         80   defsig_abrt_outer.o
        10          0          0          0          0         68   defsig_exit.o
        50          0          0          0          0         88   defsig_general.o
        48         34          0          0          0         76   defsig_pvfn_inner.o
        14          0          0          0          0         80   defsig_pvfn_outer.o
        80         58          0          0          0         76   defsig_rtmem_inner.o
        14          0          0          0          0         80   defsig_rtmem_outer.o
        52         38          0          0          0         76   defsig_rtred_inner.o
        14          0          0          0          0         80   defsig_rtred_outer.o
        76          0          0          0          0         88   fclose.o
         8          0          0          0          0         68   ferror.o
       100          4          0          0          0        120   fflush.o
       470          0          0          0          0         88   flsbuf.o
       236          4          0          0          0        128   fopen.o
        20          0          0          0          0         84   fprintf.o
        26          0          0          0          0         68   fputc.o
        34          0          0          0          0         80   fputs.o
       248          6          0          0          0         84   fseek.o
        66          0          0          0          0         76   ftell.o
        94          0          0          0          0         80   h1_alloc.o
        52          0          0          0          0         68   h1_extend.o
        78          0          0          0          0         80   h1_free.o
        14          0          0          0          0         84   h1_init.o
        80          6          0          4          0         96   heapauxa.o
         4          0          0          0          0        136   hguard.o
         0          0          0          0          0          0   indicate_semi.o
        36         10          0          0          0         80   init_aeabi.o
       138          0          0          0          0        168   init_alloc.o
       312         46          0          0          0        112   initio.o
        18          0          0          0          0         76   isspace.o
        44         10        272          0          0         76   lc_ctype_c.o
        44         10         28          0          0         76   lc_numeric_c.o
         2          0          0          0          0          0   libinit.o
        46          0          0          0          0          0   libinit2.o
         0          0          0          0          0          0   libshutdown2.o
        38          0          0          0          0         68   llshl.o
       138          0          0          0          0         80   lludiv10.o
         0          0          0          0          0          0   maybetermalloc1.o
        16          4          0          0          0         76   rt_ctype_table.o
         8          4          0          0          4         68   rt_ddtor_pointer_addr.o
         8          4          0          0          4         68   rt_eh_globals_addr.o
         8          4          0          0          4         68   rt_errno_addr.o
         8          4          0          0          4         68   rt_heap_descriptor.o
         8          4          0          0         20         68   rt_locale.o
        78          0          0          0          0         80   rt_memclr_w.o
       100          0          0          0          0         80   rt_memcpy_w.o
        44          8          0          0          0         84   scanf_char.o
      1188         12          0          0          0        148   scanf_fp.o
       800         14          0          0          0        100   scanf_hexfp.o
       308         16          0          0          0        100   scanf_infnan.o
        20          0          0          0          0         68   setbuf.o
        70          0          0          0          0         80   setvbuf.o
        44          6          0          0          0         84   sprintf.o
        60          8          0          0          0         84   sscanf.o
       240          6          0          0          0        156   stdio.o
         0          0          0         12        252          0   stdio_streams.o
       128          0          0          0          0         68   strcmpv7m.o
        62          0          0          0          0         76   strlen.o
       150          0          0          0          0         80   strncmp.o
        12          4          0          0          0         68   sys_exit.o
        14          0          0          0          0         76   sys_wrch.o
         2          0          0          0          0         68   use_no_semi.o
        10          0          0          0          0         68   vfprintf.o
       574         80        280          0          0        328   can_api.LPC1768.o
        22          0          0          0          0         84   exit.LPC1768.o
        72          0          0          0          0        148   gpio_api.LPC1768.o
       512         98          0          0          0        412   pinmap.LPC1768.o
        12          0          0          0          0         72   semihost_api.LPC1768.o
       844        106        340          0          0        324   serial_api.LPC1768.o
       148         18          0          0          0        272   timer_api.LPC1768.o
        56         12          0          4          0         84   us_ticker_api.LPC1768.o
       120          6          0          0          0         84   utils_api.LPC1768.o
        28          0          0          0          0         80   wait_api.LPC1768.o
        36          0          0          0          0         84   aeabi_vec_ctor_nocookie_nodtor.o
         4          0          0          0          0         72   arm_bad_typeid_noexceptions.o
        80         12          0          0          0        104   arm_exceptions_globs.o
        60          0          0          0          0        108   arm_exceptions_mem.o
        26          0          0          0          0         76   arm_exceptions_terminate.o
         8          0          0          0          0         76   array_del.o
         8          0          0          0          0         76   delete.o
         0          0        193          0          0          0   lib_rtti_impl.o
         6          0          0          0          0         68   pure_virt.o
      1270         42          0          0          0        780   rtti.o
         0          0         21          0          0          0   type_info_dtor.o
        32          0          0          0          0         80   type_info_eq.o
        98          4          0          0          0         92   d2f.o
        16          4          0          0          0         68   dcheck1.o
        24          0          0          0          0         68   dcmpi.o
       688        140          0          0          0        208   ddiv.o
       120          4          0          0          0         92   deqf.o
        38          0          0          0          0         68   dflt_clz.o
       120          4          0          0          0         92   dleqf.o
       340         12          0          0          0        104   dmul.o
       156          4          0          0          0         92   dnaninf.o
        12          0          0          0          0         68   dretinf.o
       108          0          0          0          0         80   drleqf.o
        86          4          0          0          0         84   f2d.o
       430          8          0          0          0        168   faddsub_clz.o
        24          0          0          0          0         68   fcmpi.o
       388         76          0          0          0         96   fdiv.o
        86          0          0          0          0        136   fflt_clz.o
       104          4          0          0          0         84   fleqf.o
       140          4          0          0          0         84   fnaninf.o
         0          0          8          0          0          0   fpconst.o
        10          0          0          0          0         68   fretinf.o
         4          0          0          0          0         68   printf1.o
         4          0          0          0          0         68   printf2.o
       100          0          0          0          0         68   retnan.o
        92          0          0          0          0         68   scalbn.o
         4          0          0          0          0         68   scanf1.o
         8          0          0          0          0         84   scanf2.o
        48          0          0          0          0         68   trapv.o
         0          0          0          0          0          0   usenofp.o
        30          6          0          0          0        136   dunder.o
        40          0          0          0          0         68   fpclassify.o
        88          8          0          0          0         76   frexp.o
       138          0          0          0          0        160   ldexp.o
       152          4          0          0          0        168   narrow.o
       116          0          0          0          0         84   scalbn.o
       312         46        124         20          0        444   Base.LPC1768.o
       120         14         48          0          0        376   CAN.LPC1768.o
        78          4         56          0          0        228   DigitalOut.LPC1768.o
         8          0          0          0          0         68   FunctionPointer.LPC1768.o
       182         10        123          0          0        376   Serial.LPC1768.o
       222         22        123          0          0        684   Stream.LPC1768.o
       810         86        160          0         64        688   stdio.LPC1768.o

    ----------------------------------------------------------------------
     24932       1488       2032         40        352      18924   Library Totals
        60          0          5          0          0          0   (incl. Padding)

    ----------------------------------------------------------------------

      Code (inc. data)   RO Data    RW Data    ZI Data      Debug   Library Name

     15410        646        551         16        288       9644   c_w.l
      2388        320        620          4          0       1888   capi.ar
      1530         54        214          0          0       1524   cpprt_w.l
      3248        268          8          0          0       2312   fz_ws.l
       564         18          0          0          0        692   m_ws.l
      1732        182        634         20         64       2864   mbed.ar

    ----------------------------------------------------------------------
     24932       1488       2032         40        352      18924   Library Totals

    ----------------------------------------------------------------------

==============================================================================


      Code (inc. data)   RO Data    RW Data    ZI Data      Debug   

     25632       1746       2264        240        560      45157   Grand Totals
     25632       1746       2264        240        560      45157   ELF Image Totals
     25632       1746       2264        240          0          0   ROM Totals

==============================================================================

    Total RO  Size (Code + RO Data)                27896 (  27.24kB)
    Total RW  Size (RW Data + ZI Data)               800 (   0.78kB)
    Total ROM Size (Code + RO Data + RW Data)      28136 (  27.48kB)

==============================================================================

