<html>
<body>
<pre>
<h1>µVision Build Log</h1>
<h2>Tool Versions:</h2>
IDE-Version: µVision V5.23.0.0
Copyright (C) 2017 ARM Ltd and ARM Germany GmbH. All rights reserved.
License Information: Abhinav Chennapareddy, University of Texas at Dallas, LIC=----
 
Tool Versions:
Toolchain:       MDK-Lite  Version: 5.23
Toolchain Path:  C:\Keil_v5\ARM\ARMCC\Bin
C Compiler:      Armcc.exe V5.06 update 4 (build 422)
Assembler:       Armasm.exe V5.06 update 4 (build 422)
Linker/Locator:  ArmLink.exe V5.06 update 4 (build 422)
Library Manager: ArmAr.exe V5.06 update 4 (build 422)
Hex Converter:   FromElf.exe V5.06 update 4 (build 422)
CPU DLL:         SARMCM3.DLL V5.23
Dialog DLL:      DCM.DLL V1.15.0.0
Target DLL:      CMSIS_AGDI.dll V1.27.5.0
Dialog DLL:      TCM.DLL V1.27.0.0
 
<h2>Project:</h2>
C:\Users\Abhi\Documents\Senior_Design\Keil_v5\CAN\CAN.uvprojx
Project File Date:  06/21/2017

<h2>Output:</h2>
*** Using Compiler 'V5.06 update 4 (build 422)', folder: 'C:\Keil_v5\ARM\ARMCC\Bin'
Rebuild target 'CAN'
compiling GPS.cpp...
compiling TextLCD.cpp...
compiling main.cpp...
linking...
Program Size: Code=25632 RO-data=2264 RW-data=240 ZI-data=560  
FromELF: creating hex file...
After Build - User command #2: C:\Users\Abhi\Documents\Senior_Design\Keil_v5\CAN\BUILD\flash.bat
C:\Users\Abhi\Documents\Senior_Design\Keil_v5\CAN>set fromElf="C:\Keil_v5\ARM\ARMCC\bin" 
C:\Users\Abhi\Documents\Senior_Design\Keil_v5\CAN>set buildFile="C:\Users\Abhi\Documents\Senior_Design\Keil_v5\CAN\BUILD" 
C:\Users\Abhi\Documents\Senior_Design\Keil_v5\CAN>"C:\Keil_v5\ARM\ARMCC\bin"\fromelf.exe --bin --output="C:\Users\Abhi\Documents\Senior_Design\Keil_v5\CAN\BUILD"\CAN.bin "C:\Users\Abhi\Documents\Senior_Design\Keil_v5\CAN\BUILD"\CAN.axf 
C:\Users\Abhi\Documents\Senior_Design\Keil_v5\CAN>for %d in (D E F G H I J K L M N O P Q R S T U V W X Y Z) do (if exist "%d:CAN.bin" copy C:\Users\Abhi\Documents\Senior_Design\Keil_v5\CAN\BUILD\CAN.bin "%d:CAN.bin" ) 
C:\Users\Abhi\Documents\Senior_Design\Keil_v5\CAN>(if exist "D:CAN.bin" copy C:\Users\Abhi\Documents\Senior_Design\Keil_v5\CAN\BUILD\CAN.bin "D:CAN.bin" ) 
C:\Users\Abhi\Documents\Senior_Design\Keil_v5\CAN>(if exist "E:CAN.bin" copy C:\Users\Abhi\Documents\Senior_Design\Keil_v5\CAN\BUILD\CAN.bin "E:CAN.bin" ) 
C:\Users\Abhi\Documents\Senior_Design\Keil_v5\CAN>(if exist "F:CAN.bin" copy C:\Users\Abhi\Documents\Senior_Design\Keil_v5\CAN\BUILD\CAN.bin "F:CAN.bin" ) 
C:\Users\Abhi\Documents\Senior_Design\Keil_v5\CAN>(if exist "G:CAN.bin" copy C:\Users\Abhi\Documents\Senior_Design\Keil_v5\CAN\BUILD\CAN.bin "G:CAN.bin" ) 
C:\Users\Abhi\Documents\Senior_Design\Keil_v5\CAN>(if exist "H:CAN.bin" copy C:\Users\Abhi\Documents\Senior_Design\Keil_v5\CAN\BUILD\CAN.bin "H:CAN.bin" ) 
C:\Users\Abhi\Documents\Senior_Design\Keil_v5\CAN>(if exist "I:CAN.bin" copy C:\Users\Abhi\Documents\Senior_Design\Keil_v5\CAN\BUILD\CAN.bin "I:CAN.bin" ) 
C:\Users\Abhi\Documents\Senior_Design\Keil_v5\CAN>(if exist "J:CAN.bin" copy C:\Users\Abhi\Documents\Senior_Design\Keil_v5\CAN\BUILD\CAN.bin "J:CAN.bin" ) 
C:\Users\Abhi\Documents\Senior_Design\Keil_v5\CAN>(if exist "K:CAN.bin" copy C:\Users\Abhi\Documents\Senior_Design\Keil_v5\CAN\BUILD\CAN.bin "K:CAN.bin" ) 
C:\Users\Abhi\Documents\Senior_Design\Keil_v5\CAN>(if exist "L:CAN.bin" copy C:\Users\Abhi\Documents\Senior_Design\Keil_v5\CAN\BUILD\CAN.bin "L:CAN.bin" ) 
C:\Users\Abhi\Documents\Senior_Design\Keil_v5\CAN>(if exist "M:CAN.bin" copy C:\Users\Abhi\Documents\Senior_Design\Keil_v5\CAN\BUILD\CAN.bin "M:CAN.bin" ) 
C:\Users\Abhi\Documents\Senior_Design\Keil_v5\CAN>(if exist "N:CAN.bin" copy C:\Users\Abhi\Documents\Senior_Design\Keil_v5\CAN\BUILD\CAN.bin "N:CAN.bin" ) 
C:\Users\Abhi\Documents\Senior_Design\Keil_v5\CAN>(if exist "O:CAN.bin" copy C:\Users\Abhi\Documents\Senior_Design\Keil_v5\CAN\BUILD\CAN.bin "O:CAN.bin" ) 
C:\Users\Abhi\Documents\Senior_Design\Keil_v5\CAN>(if exist "P:CAN.bin" copy C:\Users\Abhi\Documents\Senior_Design\Keil_v5\CAN\BUILD\CAN.bin "P:CAN.bin" ) 
C:\Users\Abhi\Documents\Senior_Design\Keil_v5\CAN>(if exist "Q:CAN.bin" copy C:\Users\Abhi\Documents\Senior_Design\Keil_v5\CAN\BUILD\CAN.bin "Q:CAN.bin" ) 
C:\Users\Abhi\Documents\Senior_Design\Keil_v5\CAN>(if exist "R:CAN.bin" copy C:\Users\Abhi\Documents\Senior_Design\Keil_v5\CAN\BUILD\CAN.bin "R:CAN.bin" ) 
C:\Users\Abhi\Documents\Senior_Design\Keil_v5\CAN>(if exist "S:CAN.bin" copy C:\Users\Abhi\Documents\Senior_Design\Keil_v5\CAN\BUILD\CAN.bin "S:CAN.bin" ) 
C:\Users\Abhi\Documents\Senior_Design\Keil_v5\CAN>(if exist "T:CAN.bin" copy C:\Users\Abhi\Documents\Senior_Design\Keil_v5\CAN\BUILD\CAN.bin "T:CAN.bin" ) 
C:\Users\Abhi\Documents\Senior_Design\Keil_v5\CAN>(if exist "U:CAN.bin" copy C:\Users\Abhi\Documents\Senior_Design\Keil_v5\CAN\BUILD\CAN.bin "U:CAN.bin" ) 
C:\Users\Abhi\Documents\Senior_Design\Keil_v5\CAN>(if exist "V:CAN.bin" copy C:\Users\Abhi\Documents\Senior_Design\Keil_v5\CAN\BUILD\CAN.bin "V:CAN.bin" ) 
C:\Users\Abhi\Documents\Senior_Design\Keil_v5\CAN>(if exist "W:CAN.bin" copy C:\Users\Abhi\Documents\Senior_Design\Keil_v5\CAN\BUILD\CAN.bin "W:CAN.bin" ) 
C:\Users\Abhi\Documents\Senior_Design\Keil_v5\CAN>(if exist "X:CAN.bin" copy C:\Users\Abhi\Documents\Senior_Design\Keil_v5\CAN\BUILD\CAN.bin "X:CAN.bin" ) 
C:\Users\Abhi\Documents\Senior_Design\Keil_v5\CAN>(if exist "Y:CAN.bin" copy C:\Users\Abhi\Documents\Senior_Design\Keil_v5\CAN\BUILD\CAN.bin "Y:CAN.bin" ) 
C:\Users\Abhi\Documents\Senior_Design\Keil_v5\CAN>(if exist "Z:CAN.bin" copy C:\Users\Abhi\Documents\Senior_Design\Keil_v5\CAN\BUILD\CAN.bin "Z:CAN.bin" ) 
C:\Users\Abhi\Documents\Senior_Design\Keil_v5\CAN>exit
".\BUILD\CAN.axf" - 0 Error(s), 0 Warning(s).

<h2>Collection of Component include folders:</h2>
  .\RTE\_CAN
  C:\Keil_v5\ARM\PACK\Keil\LPC1700_DFP\2.3.0\Device\Include

<h2>Collection of Component Files used:</h2>
Build Time Elapsed:  00:00:04
</pre>
</body>
</html>
